Archive member included because of file (symbol)

/home/ptz/opt/sourcery/arm-none-eabi-gcc/arm-2012.09/bin/../lib/gcc/arm-none-eabi/4.7.2/thumb2/libgcc.a(_arm_addsubdf3.o)
                              build/components/libc/minilibc/math.o (__aeabi_dsub)
/home/ptz/opt/sourcery/arm-none-eabi-gcc/arm-2012.09/bin/../lib/gcc/arm-none-eabi/4.7.2/thumb2/libgcc.a(_arm_muldivdf3.o)
                              build/components/libc/minilibc/math.o (__aeabi_dmul)
/home/ptz/opt/sourcery/arm-none-eabi-gcc/arm-2012.09/bin/../lib/gcc/arm-none-eabi/4.7.2/thumb2/libgcc.a(_arm_fixdfsi.o)
                              build/components/libc/minilibc/math.o (__aeabi_d2iz)

Allocating common symbols
Common symbol       size              file

SDIO_CmdInitStructure
                    0x14              build/sdcard.o
rt_interrupt_to_thread
                    0x4               build/libcpu/arm/cortex-m3/cpuport.o
rt_interrupt_from_thread
                    0x4               build/libcpu/arm/cortex-m3/cpuport.o
global_sysvar_list  0x4               build/components/finsh/finsh_var.o
finsh_heap          0x80              build/components/finsh/finsh_heap.o
shell               0x4               build/components/finsh/shell.o
DestBuffer          0x4               build/sdcard.o
rt_thread_switch_interrupt_flag
                    0x4               build/libcpu/arm/cortex-m3/cpuport.o
text_segment        0x80              build/components/finsh/finsh_vm.o
finsh_compile_pc    0x4               build/components/finsh/finsh_compiler.o
fd_table            0x80              build/components/dfs/src/dfs.o
sDisRam             0x420             build/bsp/driver/display/uc1701/jlx128640/pump-one/uc1701.o
finsh_vm_stack      0x100             build/components/finsh/finsh_vm.o
global_errno        0x1               build/components/finsh/finsh_error.o
SDIO_InitStructure  0x18              build/sdcard.o
uart2_device        0x40              build/usart.o
rt_thread_priority_table
                    0x100             build/src/scheduler.o
rt_object_put_hook  0x4               build/src/object.o
SDIO_DataInitStructure
                    0x18              build/sdcard.o
rt_current_priority
                    0x1               build/src/scheduler.o
uart2_int_rx        0x48              build/usart.o
SrcBuffer           0x4               build/sdcard.o
filesystem_table    0x20              build/components/dfs/src/dfs.o
rt_interrupt_nest   0x1               build/src/irq.o
rt_object_take_hook
                    0x4               build/src/object.o
rt_current_thread   0x4               build/src/scheduler.o
rt_thread_ready_priority_group
                    0x4               build/src/scheduler.o
rt_thread_defunct   0x8               build/src/scheduler.o
global_node_table   0x140             build/components/finsh/finsh_node.o
finsh_compile_sp    0x4               build/components/finsh/finsh_compiler.o
finsh_pc            0x4               build/components/finsh/finsh_vm.o
sPage               0x84              build/bsp/driver/display/uc1701/jlx128640/pump-one/uc1701.o
filesystem_operation_table
                    0x10              build/components/dfs/src/dfs.o
rt_object_trytake_hook
                    0x4               build/src/object.o
finsh_sp            0x4               build/components/finsh/finsh_vm.o
global_variable     0xc0              build/components/finsh/finsh_var.o

Discarded input sections

 .text          0x00000000        0x0 /home/ptz/opt/sourcery/arm-none-eabi-gcc/arm-2012.09/bin/../lib/gcc/arm-none-eabi/4.7.2/thumb2/crti.o
 .data          0x00000000        0x0 /home/ptz/opt/sourcery/arm-none-eabi-gcc/arm-2012.09/bin/../lib/gcc/arm-none-eabi/4.7.2/thumb2/crti.o
 .bss           0x00000000        0x0 /home/ptz/opt/sourcery/arm-none-eabi-gcc/arm-2012.09/bin/../lib/gcc/arm-none-eabi/4.7.2/thumb2/crti.o
 .init          0x00000000        0x4 /home/ptz/opt/sourcery/arm-none-eabi-gcc/arm-2012.09/bin/../lib/gcc/arm-none-eabi/4.7.2/thumb2/crti.o
 .fini          0x00000000        0x4 /home/ptz/opt/sourcery/arm-none-eabi-gcc/arm-2012.09/bin/../lib/gcc/arm-none-eabi/4.7.2/thumb2/crti.o
 .ARM.attributes
                0x00000000       0x19 /home/ptz/opt/sourcery/arm-none-eabi-gcc/arm-2012.09/bin/../lib/gcc/arm-none-eabi/4.7.2/thumb2/crti.o
 .text          0x00000000       0xc8 /home/ptz/opt/sourcery/arm-none-eabi-gcc/arm-2012.09/bin/../lib/gcc/arm-none-eabi/4.7.2/thumb2/crtbegin.o
 .data          0x00000000        0x4 /home/ptz/opt/sourcery/arm-none-eabi-gcc/arm-2012.09/bin/../lib/gcc/arm-none-eabi/4.7.2/thumb2/crtbegin.o
 .bss           0x00000000       0x1c /home/ptz/opt/sourcery/arm-none-eabi-gcc/arm-2012.09/bin/../lib/gcc/arm-none-eabi/4.7.2/thumb2/crtbegin.o
 .init_array    0x00000000        0x4 /home/ptz/opt/sourcery/arm-none-eabi-gcc/arm-2012.09/bin/../lib/gcc/arm-none-eabi/4.7.2/thumb2/crtbegin.o
[...]
Memory Configuration

Name             Origin             Length             Attributes
CODE             0x08000000         0x00040000         xr
DATA             0x20000000         0x0000c000         rw
*default*        0x00000000         0xffffffff

Linker script and memory map

LOAD /home/ptz/opt/sourcery/arm-none-eabi-gcc/arm-2012.09/bin/../lib/gcc/arm-none-eabi/4.7.2/thumb2/crti.o
LOAD /home/ptz/opt/sourcery/arm-none-eabi-gcc/arm-2012.09/bin/../lib/gcc/arm-none-eabi/4.7.2/thumb2/crtbegin.o
LOAD build/application.o
LOAD build/startup.o
LOAD build/board.o
LOAD build/stm32f10x_it.o
LOAD build/rtc.o
LOAD build/usart.o
LOAD build/serial.o
LOAD build/led.o
LOAD build/sdcard.o
LOAD build/src/clock.o
LOAD build/src/device.o
LOAD build/src/idle.o
LOAD build/src/ipc.o
LOAD build/src/irq.o
LOAD build/src/kservice.o
LOAD build/src/mem.o
LOAD build/src/mempool.o
LOAD build/src/object.o
LOAD build/src/scheduler.o
LOAD build/src/thread.o
LOAD build/src/timer.o
LOAD build/libcpu/arm/cortex-m3/cpuport.o
LOAD build/libcpu/arm/cortex-m3/context_gcc.o
LOAD build/libcpu/arm/common/backtrace.o
LOAD build/libcpu/arm/common/div0.o
LOAD build/libcpu/arm/common/showmem.o
LOAD build/components/libc/minilibc/ctype.o
LOAD build/components/libc/minilibc/math.o
LOAD build/components/libc/minilibc/qsort.o
LOAD build/components/libc/minilibc/rand.o
LOAD build/components/libc/minilibc/stdlib.o
LOAD build/components/libc/minilibc/string.o
LOAD build/components/libc/minilibc/time.o
LOAD build/components/finsh/cmd.o
LOAD build/components/finsh/finsh_compiler.o
LOAD build/components/finsh/finsh_error.o
LOAD build/components/finsh/finsh_heap.o
LOAD build/components/finsh/finsh_init.o
LOAD build/components/finsh/finsh_node.o
LOAD build/components/finsh/finsh_ops.o
LOAD build/components/finsh/finsh_parser.o
LOAD build/components/finsh/finsh_token.o
LOAD build/components/finsh/finsh_var.o
LOAD build/components/finsh/finsh_vm.o
LOAD build/components/finsh/msh.o
LOAD build/components/finsh/msh_cmd.o
LOAD build/components/finsh/shell.o
LOAD build/components/finsh/symbol.o
LOAD build/components/dfs/src/dfs.o
LOAD build/components/dfs/src/dfs_fs.o
LOAD build/components/dfs/src/dfs_file.o
LOAD build/components/dfs/src/dfs_posix.o
LOAD build/components/dfs/filesystems/elmfat/dfs_elm.o
LOAD build/components/dfs/filesystems/elmfat/ff.o
LOAD build/bsp/Libraries/CMSIS/CM3/DeviceSupport/ST/STM32F10x/system_stm32f10x.o
LOAD build/bsp/Libraries/STM32F10x_StdPeriph_Driver/src/stm32f10x_crc.o
LOAD build/bsp/Libraries/STM32F10x_StdPeriph_Driver/src/stm32f10x_rcc.o
LOAD build/bsp/Libraries/STM32F10x_StdPeriph_Driver/src/stm32f10x_wwdg.o
LOAD build/bsp/Libraries/STM32F10x_StdPeriph_Driver/src/stm32f10x_pwr.o
LOAD build/bsp/Libraries/STM32F10x_StdPeriph_Driver/src/stm32f10x_exti.o
LOAD build/bsp/Libraries/STM32F10x_StdPeriph_Driver/src/stm32f10x_bkp.o
LOAD build/bsp/Libraries/STM32F10x_StdPeriph_Driver/src/stm32f10x_i2c.o
LOAD build/bsp/Libraries/STM32F10x_StdPeriph_Driver/src/stm32f10x_adc.o
LOAD build/bsp/Libraries/STM32F10x_StdPeriph_Driver/src/stm32f10x_dac.o
LOAD build/bsp/Libraries/STM32F10x_StdPeriph_Driver/src/stm32f10x_rtc.o
LOAD build/bsp/Libraries/STM32F10x_StdPeriph_Driver/src/stm32f10x_fsmc.o
LOAD build/bsp/Libraries/STM32F10x_StdPeriph_Driver/src/stm32f10x_tim.o
LOAD build/bsp/Libraries/STM32F10x_StdPeriph_Driver/src/stm32f10x_iwdg.o
LOAD build/bsp/Libraries/STM32F10x_StdPeriph_Driver/src/stm32f10x_spi.o
LOAD build/bsp/Libraries/STM32F10x_StdPeriph_Driver/src/stm32f10x_flash.o
LOAD build/bsp/Libraries/STM32F10x_StdPeriph_Driver/src/stm32f10x_sdio.o
LOAD build/bsp/Libraries/STM32F10x_StdPeriph_Driver/src/stm32f10x_gpio.o
LOAD build/bsp/Libraries/STM32F10x_StdPeriph_Driver/src/stm32f10x_usart.o
LOAD build/bsp/Libraries/STM32F10x_StdPeriph_Driver/src/stm32f10x_dbgmcu.o
LOAD build/bsp/Libraries/STM32F10x_StdPeriph_Driver/src/stm32f10x_dma.o
LOAD build/bsp/Libraries/STM32F10x_StdPeriph_Driver/src/stm32f10x_can.o
LOAD build/bsp/Libraries/STM32F10x_StdPeriph_Driver/src/stm32f10x_cec.o
LOAD build/bsp/Libraries/STM32F10x_StdPeriph_Driver/src/misc.o
LOAD build/bsp/Libraries/CMSIS/CM3/DeviceSupport/ST/STM32F10x/startup/gcc_ride7/startup_stm32f10x_hd.o
LOAD build/bsp/driver/buzzer/buzzer.o
LOAD build/bsp/driver/display/uc1701/jlx128640/pump-one/uc1701.o
LOAD build/bsp/driver/display/uc1701/jlx128640/pump-one/display_uc1701.o
LOAD build/bsp/driver/display/uc1701/jlx128640/pump-one/font_ascii.o
LOAD build/bsp/driver/display/uc1701/jlx128640/pump-one/font_symbol.o
LOAD build/bsp/library/sort/flush_left/flush_left.o
LOAD build/bsp/library/sort/char_swap/char_swap.o
START GROUP
LOAD /home/ptz/opt/sourcery/arm-none-eabi-gcc/arm-2012.09/bin/../lib/gcc/arm-none-eabi/4.7.2/thumb2/libgcc.a
LOAD /home/ptz/opt/sourcery/arm-none-eabi-gcc/arm-2012.09/bin/../lib/gcc/arm-none-eabi/4.7.2/../../../../arm-none-eabi/lib/thumb2/libc.a
END GROUP
LOAD /home/ptz/opt/sourcery/arm-none-eabi-gcc/arm-2012.09/bin/../lib/gcc/arm-none-eabi/4.7.2/thumb2/crtend.o
LOAD /home/ptz/opt/sourcery/arm-none-eabi-gcc/arm-2012.09/bin/../lib/gcc/arm-none-eabi/4.7.2/thumb2/crtn.o
                0x00000100                _system_stack_size = 0x100

.text           0x08000000    0x1e544
                0x08000000                . = ALIGN (0x4)
                0x08000000                _stext = .
 *(.isr_vector)
 .isr_vector    0x08000000      0x1e4 build/bsp/Libraries/CMSIS/CM3/DeviceSupport/ST/STM32F10x/startup/gcc_ride7/startup_stm32f10x_hd.o
                0x08000000                g_pfnVectors
                0x080001e4                . = ALIGN (0x4)
 *(.text)
 .text          0x080001e4       0xe0 build/libcpu/arm/cortex-m3/context_gcc.o
                0x080001e4                rt_hw_interrupt_disable
                0x080001ec                rt_hw_interrupt_enable
                0x080001f2                rt_hw_context_switch_interrupt
                0x080001f2                rt_hw_context_switch
                0x08000212                PendSV_Handler
                0x0800024e                rt_hw_context_switch_to
                0x08000284                rt_hw_interrupt_thread_switch
                0x08000288                HardFault_Handler
                0x0800029c                rt_hw_interrupt_check
 *(.text.*)
 .text.led_thread_entry
                0x080002c4       0x3c build/application.o
 .text.rt_init_thread_entry
                0x08000300       0x54 build/application.o
                0x08000300                rt_init_thread_entry
 .text.thread1_entry
                0x08000354      0x168 build/application.o
 .text.rt_application_init
                0x080004bc       0xd4 build/application.o
                0x080004bc                rt_application_init
 .text.assert_failed
                0x08000590       0x30 build/startup.o
                0x08000590                assert_failed
 .text.rtthread_startup
                0x080005c0       0x5c build/startup.o
                0x080005c0                rtthread_startup
 .text.main     0x0800061c       0x14 build/startup.o
                0x0800061c                main
 .text.NVIC_SetPriority
                0x08000630       0x58 build/board.o
 .text.SysTick_Config
                0x08000688       0x54 build/board.o
 .text.NVIC_Configuration
                0x080006dc       0x14 build/board.o
                0x080006dc                NVIC_Configuration
 .text.rt_hw_timer_handler
                0x080006f0       0x14 build/board.o
                0x080006f0                rt_hw_timer_handler
 .text.rt_hw_board_init
                0x08000704       0x34 build/board.o
                0x08000704                rt_hw_board_init
 .text.NMI_Handler
                0x08000738        0xc build/stm32f10x_it.o
                0x08000738                NMI_Handler
 .text.MemManage_Handler
                0x08000744        0x8 build/stm32f10x_it.o
                0x08000744                MemManage_Handler
 .text.BusFault_Handler
                0x0800074c        0x8 build/stm32f10x_it.o
                0x0800074c                BusFault_Handler
 .text.UsageFault_Handler
                0x08000754        0x8 build/stm32f10x_it.o
                0x08000754                UsageFault_Handler
 .text.SVC_Handler
                0x0800075c        0xc build/stm32f10x_it.o
                0x0800075c                SVC_Handler
 .text.DebugMon_Handler
                0x08000768        0xc build/stm32f10x_it.o
                0x08000768                DebugMon_Handler
 .text.SysTick_Handler
                0x08000774        0xc build/stm32f10x_it.o
                0x08000774                SysTick_Handler
 .text.DMA1_Channel2_IRQHandler
                0x08000780        0xc build/stm32f10x_it.o
                0x08000780                DMA1_Channel2_IRQHandler
 .text.USART1_IRQHandler
                0x0800078c        0xc build/stm32f10x_it.o
                0x0800078c                USART1_IRQHandler
 .text.USART2_IRQHandler
                0x08000798       0x18 build/stm32f10x_it.o
                0x08000798                USART2_IRQHandler
 .text.USART3_IRQHandler
                0x080007b0        0xc build/stm32f10x_it.o
                0x080007b0                USART3_IRQHandler
 .text.SDIO_IRQHandler
                0x080007bc       0x14 build/stm32f10x_it.o
                0x080007bc                SDIO_IRQHandler
 .text.rt_rtc_open
                0x080007d0       0x1c build/rtc.o
 .text.rt_rtc_read
                0x080007ec       0x20 build/rtc.o
 .text.rt_rtc_control
                0x0800080c       0xa0 build/rtc.o
 .text.RTC_Configuration
                0x080008ac       0x88 build/rtc.o
                0x080008ac                RTC_Configuration
 .text.rt_hw_rtc_init
                0x08000934       0xa4 build/rtc.o
                0x08000934                rt_hw_rtc_init
 .text.time     0x080009d8       0x48 build/rtc.o
                0x080009d8                time
 .text.set_date
                0x08000a20       0x84 build/rtc.o
                0x08000a20                set_date
 .text.set_time
                0x08000aa4       0x78 build/rtc.o
                0x08000aa4                set_time
 .text.list_date
                0x08000b1c       0x30 build/rtc.o
                0x08000b1c                list_date
 .text.RCC_Configuration
                0x08000b4c       0x2c build/usart.o
 .text.GPIO_Configuration
                0x08000b78       0x48 build/usart.o
 .text.NVIC_Configuration
                0x08000bc0       0x30 build/usart.o
 .text.DMA_Configuration
                0x08000bf0        0xc build/usart.o
 .text.rt_hw_usart_init
                0x08000bfc       0x9c build/usart.o
                0x08000bfc                rt_hw_usart_init
 .text.rt_serial_init
                0x08000c98       0xf0 build/serial.o
 .text.rt_serial_open
                0x08000d88       0x1c build/serial.o
 .text.rt_serial_close
                0x08000da4       0x18 build/serial.o
 .text.rt_serial_read
                0x08000dbc       0xf4 build/serial.o
 .text.rt_serial_enable_dma
                0x08000eb0       0x64 build/serial.o
 .text.rt_serial_write
                0x08000f14      0x1b0 build/serial.o
 .text.rt_serial_control
                0x080010c4       0x98 build/serial.o
 .text.rt_hw_serial_register
                0x0800115c       0xec build/serial.o
                0x0800115c                rt_hw_serial_register
 .text.rt_hw_serial_isr
                0x08001248      0x160 build/serial.o
                0x08001248                rt_hw_serial_isr
 .text.rt_hw_led_init
                0x080013a8       0x3c build/led.o
                0x080013a8                rt_hw_led_init
 .text.rt_hw_led_on
                0x080013e4       0x28 build/led.o
                0x080013e4                rt_hw_led_on
 .text.rt_hw_led_off
                0x0800140c       0x28 build/led.o
                0x0800140c                rt_hw_led_off
 .text.led      0x08001434       0x7c build/led.o
                0x08001434                led
 .text.SD_Init  0x080014b0       0x98 build/sdcard.o
                0x080014b0                SD_Init
 .text.SD_PowerON
                0x08001548      0x33c build/sdcard.o
                0x08001548                SD_PowerON
 .text.SD_InitializeCards
                0x08001884      0x210 build/sdcard.o
                0x08001884                SD_InitializeCards
 .text.SD_GetCardInfo
                0x08001a94      0x60c build/sdcard.o
                0x08001a94                SD_GetCardInfo
 .text.SD_EnableWideBusOperation
                0x080020a0       0xf8 build/sdcard.o
                0x080020a0                SD_EnableWideBusOperation
 .text.SD_SetDeviceMode
                0x08002198       0x40 build/sdcard.o
                0x08002198                SD_SetDeviceMode
 .text.SD_SelectDeselect
                0x080021d8       0x58 build/sdcard.o
                0x080021d8                SD_SelectDeselect
 .text.SD_ReadBlock
                0x08002230      0x3c0 build/sdcard.o
                0x08002230                SD_ReadBlock
 .text.SD_ReadMultiBlocks
                0x080025f0      0x4a0 build/sdcard.o
                0x080025f0                SD_ReadMultiBlocks
 .text.SD_WriteBlock
                0x08002a90      0x548 build/sdcard.o
                0x08002a90                SD_WriteBlock
 .text.SD_WriteMultiBlocks
                0x08002fd8      0x614 build/sdcard.o
                0x08002fd8                SD_WriteMultiBlocks
 .text.SD_StopTransfer
                0x080035ec       0x58 build/sdcard.o
                0x080035ec                SD_StopTransfer
 .text.SD_ProcessIRQSrc
                0x08003644      0x330 build/sdcard.o
                0x08003644                SD_ProcessIRQSrc
 .text.CmdError
                0x08003974       0x54 build/sdcard.o
 .text.CmdResp7Error
                0x080039c8       0x88 build/sdcard.o
 .text.CmdResp1Error
                0x08003a50      0x1d8 build/sdcard.o
 .text.CmdResp3Error
                0x08003c28       0x58 build/sdcard.o
 .text.CmdResp2Error
                0x08003c80       0x74 build/sdcard.o
 .text.CmdResp6Error
                0x08003cf4       0xe4 build/sdcard.o
 .text.SDEnWideBus
                0x08003dd8      0x1b8 build/sdcard.o
 .text.IsCardProgramming
                0x08003f90      0x230 build/sdcard.o
 .text.FindSCR  0x080041c0      0x278 build/sdcard.o
 .text.convert_from_bytes_to_power_of_two
                0x08004438       0x38 build/sdcard.o
 .text.GPIO_Configuration
                0x08004470       0x54 build/sdcard.o
 .text.DMA_TxConfiguration
                0x080044c4       0x84 build/sdcard.o
 .text.DMA_RxConfiguration
                0x08004548       0x84 build/sdcard.o
 .text.rt_sdcard_init
                0x080045cc       0x60 build/sdcard.o
 .text.rt_sdcard_open
                0x0800462c       0x1c build/sdcard.o
 .text.rt_sdcard_close
                0x08004648       0x18 build/sdcard.o
 .text.rt_sdcard_read
                0x08004660      0x148 build/sdcard.o
 .text.rt_sdcard_write
                0x080047a8      0x128 build/sdcard.o
 .text.rt_sdcard_control
                0x080048d0       0xa4 build/sdcard.o
 .text.rt_hw_sdcard_init
                0x08004974      0x17c build/sdcard.o
                0x08004974                rt_hw_sdcard_init
 .text.rt_system_tick_init
                0x08004af0        0xc build/src/clock.o
                0x08004af0                rt_system_tick_init
 .text.rt_tick_get
                0x08004afc       0x14 build/src/clock.o
                0x08004afc                rt_tick_get
 .text.rt_tick_increase
                0x08004b10       0x48 build/src/clock.o
                0x08004b10                rt_tick_increase
 .text.rt_device_register
                0x08004b58       0x50 build/src/device.o
                0x08004b58                rt_device_register
 .text.rt_device_init_all
                0x08004ba8       0x84 build/src/device.o
                0x08004ba8                rt_device_init_all
 .text.rt_device_find
                0x08004c2c       0x84 build/src/device.o
                0x08004c2c                rt_device_find
 .text.rt_device_open
                0x08004cb0       0xe0 build/src/device.o
                0x08004cb0                rt_device_open
 .text.rt_device_close
                0x08004d90       0x70 build/src/device.o
                0x08004d90                rt_device_close
 .text.rt_device_read
                0x08004e00       0x6c build/src/device.o
                0x08004e00                rt_device_read
 .text.rt_device_write
                0x08004e6c       0x6c build/src/device.o
                0x08004e6c                rt_device_write
 .text.rt_device_control
                0x08004ed8       0x64 build/src/device.o
                0x08004ed8                rt_device_control
 .text.rt_device_set_rx_indicate
                0x08004f3c       0x4c build/src/device.o
                0x08004f3c                rt_device_set_rx_indicate
 .text.rt_list_remove
                0x08004f88       0x34 build/src/idle.o
 .text.rt_list_isempty
                0x08004fbc       0x24 build/src/idle.o
 .text.rt_thread_idle_excute
                0x08004fe0       0xd4 build/src/idle.o
                0x08004fe0                rt_thread_idle_excute
 .text.rt_thread_idle_entry
                0x080050b4       0x20 build/src/idle.o
 .text.rt_thread_idle_init
                0x080050d4       0x44 build/src/idle.o
                0x080050d4                rt_thread_idle_init
 .text.rt_list_init
                0x08005118       0x20 build/src/ipc.o
 .text.rt_list_insert_before
                0x08005138       0x30 build/src/ipc.o
 .text.rt_list_isempty
                0x08005168       0x24 build/src/ipc.o
 .text.rt_ipc_object_init
                0x0800518c       0x24 build/src/ipc.o
 .text.rt_ipc_list_suspend
                0x080051b0       0x9c build/src/ipc.o
 .text.rt_ipc_list_resume
                0x0800524c       0x28 build/src/ipc.o
 .text.rt_ipc_list_resume_all
                0x08005274       0x4c build/src/ipc.o
 .text.rt_sem_init
                0x080052c0       0x70 build/src/ipc.o
                0x080052c0                rt_sem_init
 .text.rt_sem_take
                0x08005330      0x14c build/src/ipc.o
                0x08005330                rt_sem_take
 .text.rt_sem_release
                0x0800547c       0x78 build/src/ipc.o
                0x0800547c                rt_sem_release
 .text.rt_mutex_init
                0x080054f4       0x88 build/src/ipc.o
                0x080054f4                rt_mutex_init
 .text.rt_mutex_create
                0x0800557c       0xa8 build/src/ipc.o
                0x0800557c                rt_mutex_create
 .text.rt_mutex_delete
                0x08005624       0x9c build/src/ipc.o
                0x08005624                rt_mutex_delete
 .text.rt_mutex_take
                0x080056c0      0x1b8 build/src/ipc.o
                0x080056c0                rt_mutex_take
 .text.rt_mutex_release
                0x08005878      0x114 build/src/ipc.o
                0x08005878                rt_mutex_release
 .text.rt_interrupt_enter
                0x0800598c       0x30 build/src/irq.o
                0x0800598c                rt_interrupt_enter
 .text.rt_interrupt_leave
                0x080059bc       0x30 build/src/irq.o
                0x080059bc                rt_interrupt_leave
 .text.rt_interrupt_get_nest
                0x080059ec       0x18 build/src/irq.o
                0x080059ec                rt_interrupt_get_nest
 .text.rt_set_errno
                0x08005a04       0x40 build/src/kservice.o
                0x08005a04                rt_set_errno
 .text.rt_memset
                0x08005a44       0xe8 build/src/kservice.o
                0x08005a44                memset
                0x08005a44                rt_memset
 .text.rt_memcpy
                0x08005b2c      0x118 build/src/kservice.o
                0x08005b2c                memcpy
                0x08005b2c                rt_memcpy
 .text.rt_strncpy
                0x08005c44       0x84 build/src/kservice.o
                0x08005c44                rt_strncpy
 .text.rt_strncmp
                0x08005cc8       0x70 build/src/kservice.o
                0x08005cc8                rt_strncmp
 .text.rt_strlen
                0x08005d38       0x30 build/src/kservice.o
                0x08005d38                rt_strlen
                0x08005d38                strlen
 .text.rt_strdup
                0x08005d68       0x40 build/src/kservice.o
                0x08005d68                strdup
                0x08005d68                rt_strdup
 .text.rt_show_version
                0x08005da8       0x48 build/src/kservice.o
                0x08005da8                rt_show_version
 .text.divide   0x08005df0       0x74 build/src/kservice.o
 .text.skip_atoi
                0x08005e64       0x4c build/src/kservice.o
 .text.print_number
                0x08005eb0      0x240 build/src/kservice.o
 .text.vsnprintf
                0x080060f0      0x5d0 build/src/kservice.o
 .text.rt_snprintf
                0x080066c0       0x34 build/src/kservice.o
                0x080066c0                snprintf
                0x080066c0                rt_snprintf
 .text.rt_console_set_device
                0x080066f4       0x54 build/src/kservice.o
                0x080066f4                rt_console_set_device
 .text.rt_hw_console_output
                0x08006748       0x14 build/src/kservice.o
                0x08006748                rt_hw_console_output
 .text.rt_kprintf
                0x0800675c       0x64 build/src/kservice.o
                0x0800675c                rt_kprintf
 .text.__rt_ffs
                0x080067c0       0x84 build/src/kservice.o
                0x080067c0                __rt_ffs
 .text.plug_holes
                0x08006844      0x13c build/src/mem.o
 .text.rt_system_heap_init
                0x08006980      0x144 build/src/mem.o
                0x08006980                rt_system_heap_init
 .text.rt_malloc
                0x08006ac4      0x31c build/src/mem.o
                0x08006ac4                rt_malloc
 .text.rt_free  0x08006de0      0x1b0 build/src/mem.o
                0x08006de0                rt_free
 .text.list_mem
                0x08006f90       0x44 build/src/mem.o
                0x08006f90                list_mem
 .text.rt_list_init
                0x08006fd4       0x20 build/src/mempool.o
 .text.rt_list_insert_after
                0x08006ff4       0x30 build/src/mempool.o
 .text.rt_mp_init
                0x08007024      0x108 build/src/mempool.o
                0x08007024                rt_mp_init
 .text.rt_mp_alloc
                0x0800712c      0x158 build/src/mempool.o
                0x0800712c                rt_mp_alloc
 .text.rt_list_insert_after
                0x08007284       0x30 build/src/object.o
 .text.rt_list_remove
                0x080072b4       0x34 build/src/object.o
 .text.rt_system_object_init
                0x080072e8        0xc build/src/object.o
                0x080072e8                rt_system_object_init
 .text.rt_object_init
                0x080072f4       0x74 build/src/object.o
                0x080072f4                rt_object_init
 .text.rt_object_detach
                0x08007368       0x6c build/src/object.o
                0x08007368                rt_object_detach
 .text.rt_object_allocate
                0x080073d4       0xdc build/src/object.o
                0x080073d4                rt_object_allocate
 .text.rt_object_delete
                0x080074b0       0x9c build/src/object.o
                0x080074b0                rt_object_delete
 .text.rt_object_is_systemobject
                0x0800754c       0x58 build/src/object.o
                0x0800754c                rt_object_is_systemobject
 .text.rt_list_init
                0x080075a4       0x20 build/src/scheduler.o
 .text.rt_list_insert_before
                0x080075c4       0x30 build/src/scheduler.o
 .text.rt_list_remove
                0x080075f4       0x34 build/src/scheduler.o
 .text.rt_list_isempty
                0x08007628       0x24 build/src/scheduler.o
 .text._rt_scheduler_stack_check
                0x0800764c       0xa4 build/src/scheduler.o
 .text.rt_system_scheduler_init
                0x080076f0       0x60 build/src/scheduler.o
                0x080076f0                rt_system_scheduler_init
 .text.rt_system_scheduler_start
                0x08007750       0x3c build/src/scheduler.o
                0x08007750                rt_system_scheduler_start
 .text.rt_schedule
                0x0800778c       0xc8 build/src/scheduler.o
                0x0800778c                rt_schedule
 .text.rt_schedule_insert_thread
                0x08007854       0x88 build/src/scheduler.o
                0x08007854                rt_schedule_insert_thread
 .text.rt_schedule_remove_thread
                0x080078dc       0x8c build/src/scheduler.o
                0x080078dc                rt_schedule_remove_thread
 .text.rt_enter_critical
                0x08007968       0x24 build/src/scheduler.o
                0x08007968                rt_enter_critical
 .text.rt_exit_critical
                0x0800798c       0x44 build/src/scheduler.o
                0x0800798c                rt_exit_critical
 .text.rt_list_init
                0x080079d0       0x20 build/src/thread.o
 .text.rt_list_insert_after
                0x080079f0       0x30 build/src/thread.o
 .text.rt_list_insert_before
                0x08007a20       0x30 build/src/thread.o
 .text.rt_list_remove
                0x08007a50       0x34 build/src/thread.o
 .text.rt_thread_exit
                0x08007a84       0x80 build/src/thread.o
 .text._rt_thread_init
                0x08007b04      0x118 build/src/thread.o
 .text.rt_thread_init
                0x08007c1c       0x98 build/src/thread.o
                0x08007c1c                rt_thread_init
 .text.rt_thread_self
                0x08007cb4       0x14 build/src/thread.o
                0x08007cb4                rt_thread_self
 .text.rt_thread_startup
                0x08007cc8       0xac build/src/thread.o
                0x08007cc8                rt_thread_startup
 .text.rt_thread_create
                0x08007d74       0x6c build/src/thread.o
                0x08007d74                rt_thread_create
 .text.rt_thread_delete
                0x08007de0       0x80 build/src/thread.o
                0x08007de0                rt_thread_delete
 .text.rt_thread_yield
                0x08007e60       0x7c build/src/thread.o
                0x08007e60                rt_thread_yield
 .text.rt_thread_sleep
                0x08007edc       0x98 build/src/thread.o
                0x08007edc                rt_thread_sleep
 .text.rt_thread_delay
                0x08007f74       0x1c build/src/thread.o
                0x08007f74                rt_thread_delay
 .text.rt_thread_control
                0x08007f90       0xd4 build/src/thread.o
                0x08007f90                rt_thread_control
 .text.rt_thread_suspend
                0x08008064       0x70 build/src/thread.o
                0x08008064                rt_thread_suspend
 .text.rt_thread_resume
                0x080080d4       0x90 build/src/thread.o
                0x080080d4                rt_thread_resume
 .text.rt_thread_timeout
                0x08008164       0x8c build/src/thread.o
                0x08008164                rt_thread_timeout
 .text.rt_list_init
                0x080081f0       0x20 build/src/timer.o
 .text.rt_list_insert_after
                0x08008210       0x30 build/src/timer.o
 .text.rt_list_insert_before
                0x08008240       0x30 build/src/timer.o
 .text.rt_list_remove
                0x08008270       0x34 build/src/timer.o
 .text.rt_list_isempty
                0x080082a4       0x24 build/src/timer.o
 .text._rt_timer_init
                0x080082c8       0x50 build/src/timer.o
 .text.rt_timer_init
                0x08008318       0x64 build/src/timer.o
                0x08008318                rt_timer_init
 .text.rt_timer_detach
                0x0800837c       0x64 build/src/timer.o
                0x0800837c                rt_timer_detach
 .text.rt_timer_start
                0x080083e0      0x13c build/src/timer.o
                0x080083e0                rt_timer_start
 .text.rt_timer_control
                0x0800851c       0x9c build/src/timer.o
                0x0800851c                rt_timer_control
 .text.rt_timer_check
                0x080085b8       0xc0 build/src/timer.o
                0x080085b8                rt_timer_check
 .text.rt_system_timer_init
                0x08008678        0xc build/src/timer.o
                0x08008678                rt_system_timer_init
 .text.rt_system_timer_thread_init
                0x08008684        0xc build/src/timer.o
                0x08008684                rt_system_timer_thread_init
 .text.rt_hw_stack_init
                0x08008690       0x9c build/libcpu/arm/cortex-m3/cpuport.o
                0x08008690                rt_hw_stack_init
 .text.rt_hw_hard_fault_exception
                0x0800872c       0xc8 build/libcpu/arm/cortex-m3/cpuport.o
                0x0800872c                rt_hw_hard_fault_exception
 .text.atoi     0x080087f4       0xa0 build/components/libc/minilibc/stdlib.o
                0x080087f4                atoi
 .text.strncpy  0x08008894       0x24 build/components/libc/minilibc/string.o
                0x08008894                strncpy
 .text.strcmp   0x080088b8       0x48 build/components/libc/minilibc/string.o
                0x080088b8                strcmp
 .text.strncmp  0x08008900       0x70 build/components/libc/minilibc/string.o
                0x08008900                strncmp
 .text.__isleap
                0x08008970       0x6c build/components/libc/minilibc/time.o
                0x08008970                __isleap
 .text.gmtime_r
                0x080089dc      0x178 build/components/libc/minilibc/time.o
                0x080089dc                gmtime_r
 .text.localtime_r
                0x08008b54       0x60 build/components/libc/minilibc/time.o
                0x08008b54                localtime_r
 .text.localtime
                0x08008bb4       0x20 build/components/libc/minilibc/time.o
                0x08008bb4                localtime
 .text.mktime   0x08008bd4      0x2bc build/components/libc/minilibc/time.o
                0x08008bd4                mktime
 .text.num2str  0x08008e90       0x68 build/components/libc/minilibc/time.o
 .text.asctime_r
                0x08008ef8      0x140 build/components/libc/minilibc/time.o
                0x08008ef8                asctime_r
 .text.asctime  0x08009038       0x20 build/components/libc/minilibc/time.o
                0x08009038                asctime
 .text.ctime    0x08009058       0x24 build/components/libc/minilibc/time.o
                0x08009058                ctime
 .text.gettimeofday
                0x0800907c       0x54 build/components/libc/minilibc/time.o
                0x0800907c                gettimeofday
 .text.rt_list_isempty
                0x080090d0       0x24 build/components/finsh/cmd.o
 .text.rt_list_len
                0x080090f4       0x3c build/components/finsh/cmd.o
 .text.hello    0x08009130       0x18 build/components/finsh/cmd.o
                0x08009130                hello
 .text.version  0x08009148       0x10 build/components/finsh/cmd.o
                0x08009148                version
 .text._list_thread
                0x08009158      0x110 build/components/finsh/cmd.o
 .text.list_thread
                0x08009268       0x14 build/components/finsh/cmd.o
                0x08009268                list_thread
 .text.show_wait_queue
                0x0800927c       0x50 build/components/finsh/cmd.o
 .text._list_sem
                0x080092cc       0xc8 build/components/finsh/cmd.o
 .text.list_sem
                0x08009394       0x14 build/components/finsh/cmd.o
                0x08009394                list_sem
 .text._list_event
                0x080093a8       0xb0 build/components/finsh/cmd.o
 .text.list_event
                0x08009458       0x14 build/components/finsh/cmd.o
                0x08009458                list_event
 .text._list_mutex
                0x0800946c       0x80 build/components/finsh/cmd.o
 .text.list_mutex
                0x080094ec       0x14 build/components/finsh/cmd.o
                0x080094ec                list_mutex
 .text._list_mailbox
                0x08009500       0xd8 build/components/finsh/cmd.o
 .text.list_mailbox
                0x080095d8       0x14 build/components/finsh/cmd.o
                0x080095d8                list_mailbox
 .text._list_msgqueue
                0x080095ec       0xc8 build/components/finsh/cmd.o
 .text.list_msgqueue
                0x080096b4       0x14 build/components/finsh/cmd.o
                0x080096b4                list_msgqueue
 .text._list_mempool
                0x080096c8       0xb4 build/components/finsh/cmd.o
 .text.list_mempool
                0x0800977c       0x14 build/components/finsh/cmd.o
                0x0800977c                list_mempool
 .text._list_timer
                0x08009790       0x98 build/components/finsh/cmd.o
 .text.list_timer
                0x08009828       0x14 build/components/finsh/cmd.o
                0x08009828                list_timer
 .text._list_device
                0x0800983c       0x90 build/components/finsh/cmd.o
 .text.list_device
                0x080098cc       0x14 build/components/finsh/cmd.o
                0x080098cc                list_device
 .text.list     0x080098e0      0x100 build/components/finsh/cmd.o
                0x080098e0                list
 .text.str_is_prefix
                0x080099e0       0x50 build/components/finsh/cmd.o
 .text.str_common
                0x08009a30       0x50 build/components/finsh/cmd.o
 .text.list_prefix
                0x08009a80      0x2b0 build/components/finsh/cmd.o
                0x08009a80                list_prefix
 .text.finsh_compile
                0x08009d30     0x1cbc build/components/finsh/finsh_compiler.o
 .text.finsh_type_check
                0x0800b9ec      0x24c build/components/finsh/finsh_compiler.o
 .text.finsh_compiler_run
                0x0800bc38       0x98 build/components/finsh/finsh_compiler.o
                0x0800bc38                finsh_compiler_run
 .text.finsh_error_init
                0x0800bcd0       0x1c build/components/finsh/finsh_error.o
                0x0800bcd0                finsh_error_init
 .text.finsh_error_set
                0x0800bcec       0x24 build/components/finsh/finsh_error.o
                0x0800bcec                finsh_error_set
 .text.finsh_errno
                0x0800bd10       0x14 build/components/finsh/finsh_error.o
                0x0800bd10                finsh_errno
 .text.finsh_error_string
                0x0800bd24       0x24 build/components/finsh/finsh_error.o
                0x0800bd24                finsh_error_string
 .text.finsh_heap_init
                0x0800bd48       0x48 build/components/finsh/finsh_heap.o
                0x0800bd48                finsh_heap_init
 .text.finsh_heap_allocate
                0x0800bd90       0xb8 build/components/finsh/finsh_heap.o
                0x0800bd90                finsh_heap_allocate
 .text.finsh_heap_free
                0x0800be48       0x38 build/components/finsh/finsh_heap.o
                0x0800be48                finsh_heap_free
 .text.finsh_heap_gc
                0x0800be80       0xa0 build/components/finsh/finsh_heap.o
 .text.finsh_block_insert
                0x0800bf20       0x84 build/components/finsh/finsh_heap.o
 .text.finsh_block_remove
                0x0800bfa4       0x5c build/components/finsh/finsh_heap.o
 .text.finsh_block_split
                0x0800c000       0x44 build/components/finsh/finsh_heap.o
 .text.finsh_block_merge
                0x0800c044       0xf0 build/components/finsh/finsh_heap.o
 .text.finsh_init
                0x0800c134       0x2c build/components/finsh/finsh_init.o
                0x0800c134                finsh_init
 .text.finsh_stack_bottom
                0x0800c160       0x14 build/components/finsh/finsh_init.o
                0x0800c160                finsh_stack_bottom
 .text.finsh_flush
                0x0800c174       0x24 build/components/finsh/finsh_init.o
                0x0800c174                finsh_flush
 .text.finsh_node_init
                0x0800c198       0x20 build/components/finsh/finsh_node.o
                0x0800c198                finsh_node_init
 .text.finsh_node_allocate
                0x0800c1b8       0x80 build/components/finsh/finsh_node.o
                0x0800c1b8                finsh_node_allocate
 .text.finsh_node_new_id
                0x0800c238       0xc0 build/components/finsh/finsh_node.o
                0x0800c238                finsh_node_new_id
 .text.finsh_node_new_char
                0x0800c2f8       0x3c build/components/finsh/finsh_node.o
                0x0800c2f8                finsh_node_new_char
 .text.finsh_node_new_int
                0x0800c334       0x38 build/components/finsh/finsh_node.o
                0x0800c334                finsh_node_new_int
 .text.finsh_node_new_long
                0x0800c36c       0x38 build/components/finsh/finsh_node.o
                0x0800c36c                finsh_node_new_long
 .text.finsh_node_new_string
                0x0800c3a4       0x74 build/components/finsh/finsh_node.o
                0x0800c3a4                finsh_node_new_string
 .text.finsh_node_new_ptr
                0x0800c418       0x38 build/components/finsh/finsh_node.o
                0x0800c418                finsh_node_new_ptr
 .text.OP_no_op
                0x0800c450        0xc build/components/finsh/finsh_ops.o
                0x0800c450                OP_no_op
 .text.OP_add_byte
                0x0800c45c       0x40 build/components/finsh/finsh_ops.o
                0x0800c45c                OP_add_byte
 .text.OP_add_word
                0x0800c49c       0x44 build/components/finsh/finsh_ops.o
                0x0800c49c                OP_add_word
 .text.OP_add_dword
                0x0800c4e0       0x3c build/components/finsh/finsh_ops.o
                0x0800c4e0                OP_add_dword
 .text.OP_sub_byte
                0x0800c51c       0x40 build/components/finsh/finsh_ops.o
                0x0800c51c                OP_sub_byte
 .text.OP_sub_word
                0x0800c55c       0x44 build/components/finsh/finsh_ops.o
                0x0800c55c                OP_sub_word
 .text.OP_sub_dword
                0x0800c5a0       0x3c build/components/finsh/finsh_ops.o
                0x0800c5a0                OP_sub_dword
 .text.OP_div_byte
                0x0800c5dc       0x40 build/components/finsh/finsh_ops.o
                0x0800c5dc                OP_div_byte
 .text.OP_div_word
                0x0800c61c       0x44 build/components/finsh/finsh_ops.o
                0x0800c61c                OP_div_word
 .text.OP_div_dword
                0x0800c660       0x40 build/components/finsh/finsh_ops.o
                0x0800c660                OP_div_dword
 .text.OP_mod_byte
                0x0800c6a0       0x48 build/components/finsh/finsh_ops.o
                0x0800c6a0                OP_mod_byte
 .text.OP_mod_word
                0x0800c6e8       0x4c build/components/finsh/finsh_ops.o
                0x0800c6e8                OP_mod_word
 .text.OP_mod_dword
                0x0800c734       0x44 build/components/finsh/finsh_ops.o
                0x0800c734                OP_mod_dword
 .text.OP_mul_byte
                0x0800c778       0x40 build/components/finsh/finsh_ops.o
                0x0800c778                OP_mul_byte
 .text.OP_mul_word
                0x0800c7b8       0x48 build/components/finsh/finsh_ops.o
                0x0800c7b8                OP_mul_word
 .text.OP_mul_dword
                0x0800c800       0x40 build/components/finsh/finsh_ops.o
                0x0800c800                OP_mul_dword
 .text.OP_and_byte
                0x0800c840       0x40 build/components/finsh/finsh_ops.o
                0x0800c840                OP_and_byte
 .text.OP_and_word
                0x0800c880       0x40 build/components/finsh/finsh_ops.o
                0x0800c880                OP_and_word
 .text.OP_and_dword
                0x0800c8c0       0x3c build/components/finsh/finsh_ops.o
                0x0800c8c0                OP_and_dword
 .text.OP_or_byte
                0x0800c8fc       0x40 build/components/finsh/finsh_ops.o
                0x0800c8fc                OP_or_byte
 .text.OP_or_word
                0x0800c93c       0x40 build/components/finsh/finsh_ops.o
                0x0800c93c                OP_or_word
 .text.OP_or_dword
                0x0800c97c       0x3c build/components/finsh/finsh_ops.o
                0x0800c97c                OP_or_dword
 .text.OP_xor_byte
                0x0800c9b8       0x40 build/components/finsh/finsh_ops.o
                0x0800c9b8                OP_xor_byte
 .text.OP_xor_word
                0x0800c9f8       0x40 build/components/finsh/finsh_ops.o
                0x0800c9f8                OP_xor_word
 .text.OP_xor_dword
                0x0800ca38       0x3c build/components/finsh/finsh_ops.o
                0x0800ca38                OP_xor_dword
 .text.OP_bw_byte
                0x0800ca74       0x2c build/components/finsh/finsh_ops.o
                0x0800ca74                OP_bw_byte
 .text.OP_bw_word
                0x0800caa0       0x2c build/components/finsh/finsh_ops.o
                0x0800caa0                OP_bw_word
 .text.OP_bw_dword
                0x0800cacc       0x28 build/components/finsh/finsh_ops.o
                0x0800cacc                OP_bw_dword
 .text.OP_shl_byte
                0x0800caf4       0x44 build/components/finsh/finsh_ops.o
                0x0800caf4                OP_shl_byte
 .text.OP_shl_word
                0x0800cb38       0x44 build/components/finsh/finsh_ops.o
                0x0800cb38                OP_shl_word
 .text.OP_shl_dword
                0x0800cb7c       0x40 build/components/finsh/finsh_ops.o
                0x0800cb7c                OP_shl_dword
 .text.OP_shr_byte
                0x0800cbbc       0x44 build/components/finsh/finsh_ops.o
                0x0800cbbc                OP_shr_byte
 .text.OP_shr_word
                0x0800cc00       0x44 build/components/finsh/finsh_ops.o
                0x0800cc00                OP_shr_word
 .text.OP_shr_dword
                0x0800cc44       0x40 build/components/finsh/finsh_ops.o
                0x0800cc44                OP_shr_dword
 .text.OP_ld_byte
                0x0800cc84       0x38 build/components/finsh/finsh_ops.o
                0x0800cc84                OP_ld_byte
 .text.OP_ld_word
                0x0800ccbc       0x50 build/components/finsh/finsh_ops.o
                0x0800ccbc                OP_ld_word
 .text.OP_ld_dword
                0x0800cd0c       0x6c build/components/finsh/finsh_ops.o
                0x0800cd0c                OP_ld_dword
 .text.OP_ld_value_byte
                0x0800cd78       0x78 build/components/finsh/finsh_ops.o
                0x0800cd78                OP_ld_value_byte
 .text.OP_ld_value_byte_stack
                0x0800cdf0       0x30 build/components/finsh/finsh_ops.o
                0x0800cdf0                OP_ld_value_byte_stack
 .text.OP_ld_value_word
                0x0800ce20       0x78 build/components/finsh/finsh_ops.o
                0x0800ce20                OP_ld_value_word
 .text.OP_ld_value_word_stack
                0x0800ce98       0x30 build/components/finsh/finsh_ops.o
                0x0800ce98                OP_ld_value_word_stack
 .text.OP_ld_value_dword
                0x0800cec8       0x78 build/components/finsh/finsh_ops.o
                0x0800cec8                OP_ld_value_dword
 .text.OP_ld_value_dword_stack
                0x0800cf40       0x30 build/components/finsh/finsh_ops.o
                0x0800cf40                OP_ld_value_dword_stack
 .text.OP_st_byte
                0x0800cf70       0x34 build/components/finsh/finsh_ops.o
                0x0800cf70                OP_st_byte
 .text.OP_st_word
                0x0800cfa4       0x34 build/components/finsh/finsh_ops.o
                0x0800cfa4                OP_st_word
 .text.OP_st_dword
                0x0800cfd8       0x34 build/components/finsh/finsh_ops.o
                0x0800cfd8                OP_st_dword
 .text.OP_pop   0x0800d00c       0x1c build/components/finsh/finsh_ops.o
                0x0800d00c                OP_pop
 .text.OP_call  0x0800d028      0x3f4 build/components/finsh/finsh_ops.o
                0x0800d028                OP_call
 .text.proc_variable_decl
                0x0800d41c      0x2f4 build/components/finsh/finsh_parser.o
 .text.proc_type
                0x0800d710      0x1d8 build/components/finsh/finsh_parser.o
 .text.proc_identifier
                0x0800d8e8       0x50 build/components/finsh/finsh_parser.o
 .text.proc_expr_statement
                0x0800d938       0x68 build/components/finsh/finsh_parser.o
 .text.proc_expr
                0x0800d9a0       0x1c build/components/finsh/finsh_parser.o
 .text.proc_assign_expr
                0x0800d9bc       0x54 build/components/finsh/finsh_parser.o
 .text.proc_inclusive_or_expr
                0x0800da10       0x74 build/components/finsh/finsh_parser.o
 .text.proc_exclusive_or_expr
                0x0800da84       0x74 build/components/finsh/finsh_parser.o
 .text.proc_and_expr
                0x0800daf8       0x74 build/components/finsh/finsh_parser.o
 .text.proc_shift_expr
                0x0800db6c       0xa0 build/components/finsh/finsh_parser.o
 .text.proc_additive_expr
                0x0800dc0c       0xa0 build/components/finsh/finsh_parser.o
 .text.proc_multiplicative_expr
                0x0800dcac       0xb8 build/components/finsh/finsh_parser.o
 .text.proc_cast_expr
                0x0800dd64       0x80 build/components/finsh/finsh_parser.o
 .text.proc_unary_expr
                0x0800dde4      0x124 build/components/finsh/finsh_parser.o
 .text.proc_postfix_expr
                0x0800df08       0xf0 build/components/finsh/finsh_parser.o
 .text.proc_primary_expr
                0x0800dff8      0x164 build/components/finsh/finsh_parser.o
 .text.proc_param_list
                0x0800e15c       0x80 build/components/finsh/finsh_parser.o
 .text.make_sys_node
                0x0800e1dc       0x48 build/components/finsh/finsh_parser.o
 .text.finsh_parser_run
                0x0800e224      0x164 build/components/finsh/finsh_parser.o
                0x0800e224                finsh_parser_run
 .text.finsh_parser_init
                0x0800e388       0x24 build/components/finsh/finsh_parser.o
                0x0800e388                finsh_parser_init
 .text.finsh_token_init
                0x0800e3ac       0x28 build/components/finsh/finsh_token.o
                0x0800e3ac                finsh_token_init
 .text.finsh_token_token
                0x0800e3d4       0x30 build/components/finsh/finsh_token.o
                0x0800e3d4                finsh_token_token
 .text.token_get_string
                0x0800e404       0xb4 build/components/finsh/finsh_token.o
                0x0800e404                token_get_string
 .text.token_next_char
                0x0800e4b8       0x78 build/components/finsh/finsh_token.o
 .text.token_prev_char
                0x0800e530       0x38 build/components/finsh/finsh_token.o
 .text.token_run
                0x0800e568      0x388 build/components/finsh/finsh_token.o
 .text.token_match_name
                0x0800e8f0       0x60 build/components/finsh/finsh_token.o
 .text.token_trim_space
                0x0800e950       0x2c build/components/finsh/finsh_token.o
 .text.token_proc_char
                0x0800e97c       0xf0 build/components/finsh/finsh_token.o
 .text.token_proc_string
                0x0800ea6c       0x84 build/components/finsh/finsh_token.o
 .text.token_proc_escape
                0x0800eaf0      0x148 build/components/finsh/finsh_token.o
 .text.token_proc_number
                0x0800ec38      0x200 build/components/finsh/finsh_token.o
 .text.token_spec_number
                0x0800ee38      0x128 build/components/finsh/finsh_token.o
 .text.finsh_var_init
                0x0800ef60       0x20 build/components/finsh/finsh_var.o
                0x0800ef60                finsh_var_init
 .text.finsh_var_insert
                0x0800ef80       0xd4 build/components/finsh/finsh_var.o
                0x0800ef80                finsh_var_insert
 .text.finsh_var_lookup
                0x0800f054       0x74 build/components/finsh/finsh_var.o
                0x0800f054                finsh_var_lookup
 .text.finsh_sysvar_lookup
                0x0800f0c8       0x8c build/components/finsh/finsh_var.o
                0x0800f0c8                finsh_sysvar_lookup
 .text.finsh_vm_run
                0x0800f154       0x68 build/components/finsh/finsh_vm.o
                0x0800f154                finsh_vm_run
 .text.finsh_syscall_lookup
                0x0800f1bc       0x8c build/components/finsh/finsh_vm.o
                0x0800f1bc                finsh_syscall_lookup
 .text.finsh_rx_ind
                0x0800f248       0x58 build/components/finsh/shell.o
 .text.finsh_set_device
                0x0800f2a0       0xa8 build/components/finsh/shell.o
                0x0800f2a0                finsh_set_device
 .text.finsh_auto_complete
                0x0800f348       0x34 build/components/finsh/shell.o
                0x0800f348                finsh_auto_complete
 .text.finsh_run_line
                0x0800f37c       0xc4 build/components/finsh/shell.o
                0x0800f37c                finsh_run_line
 .text.finsh_handle_history
                0x0800f440      0x1c8 build/components/finsh/shell.o
                0x0800f440                finsh_handle_history
 .text.finsh_push_history
                0x0800f608      0x168 build/components/finsh/shell.o
                0x0800f608                finsh_push_history
 .text.finsh_thread_entry
                0x0800f770      0x274 build/components/finsh/shell.o
                0x0800f770                finsh_thread_entry
 .text.finsh_system_function_init
                0x0800f9e4       0x28 build/components/finsh/shell.o
                0x0800f9e4                finsh_system_function_init
 .text.finsh_system_var_init
                0x0800fa0c       0x28 build/components/finsh/shell.o
                0x0800fa0c                finsh_system_var_init
 .text.finsh_system_init
                0x0800fa34       0xcc build/components/finsh/shell.o
                0x0800fa34                finsh_system_init
 .text.dfs_init
                0x0800fb00       0x58 build/components/dfs/src/dfs.o
                0x0800fb00                dfs_init
 .text.dfs_lock
                0x0800fb58       0x4c build/components/dfs/src/dfs.o
                0x0800fb58                dfs_lock
 .text.dfs_unlock
                0x0800fba4       0x10 build/components/dfs/src/dfs.o
                0x0800fba4                dfs_unlock
 .text.fd_new   0x0800fbb4       0x74 build/components/dfs/src/dfs.o
                0x0800fbb4                fd_new
 .text.fd_get   0x0800fc28       0x60 build/components/dfs/src/dfs.o
                0x0800fc28                fd_get
 .text.fd_put   0x0800fc88       0x68 build/components/dfs/src/dfs.o
                0x0800fc88                fd_put
 .text.fd_is_open
                0x0800fcf0       0xdc build/components/dfs/src/dfs.o
                0x0800fcf0                fd_is_open
 .text.dfs_subdir
                0x0800fdcc       0x58 build/components/dfs/src/dfs.o
                0x0800fdcc                dfs_subdir
 .text.dfs_normalize_path
                0x0800fe24      0x26c build/components/dfs/src/dfs.o
                0x0800fe24                dfs_normalize_path
 .text.dfs_register
                0x08010090       0x98 build/components/dfs/src/dfs_fs.o
                0x08010090                dfs_register
 .text.dfs_filesystem_lookup
                0x08010128       0xe8 build/components/dfs/src/dfs_fs.o
                0x08010128                dfs_filesystem_lookup
 .text.dfs_filesystem_get_partition
                0x08010210      0x1c0 build/components/dfs/src/dfs_fs.o
                0x08010210                dfs_filesystem_get_partition
 .text.dfs_mount
                0x080103d0      0x278 build/components/dfs/src/dfs_fs.o
                0x080103d0                dfs_mount
 .text.dfs_mkfs
                0x08010648       0xbc build/components/dfs/src/dfs_fs.o
                0x08010648                dfs_mkfs
 .text.dfs_statfs
                0x08010704       0x40 build/components/dfs/src/dfs_fs.o
                0x08010704                dfs_statfs
 .text.mkfs     0x08010744       0x1c build/components/dfs/src/dfs_fs.o
                0x08010744                mkfs
 .text.df       0x08010760       0x7c build/components/dfs/src/dfs_fs.o
                0x08010760                df
 .text.dfs_file_open
                0x080107dc      0x158 build/components/dfs/src/dfs_file.o
                0x080107dc                dfs_file_open
 .text.dfs_file_close
                0x08010934       0x5c build/components/dfs/src/dfs_file.o
                0x08010934                dfs_file_close
 .text.dfs_file_read
                0x08010990       0x64 build/components/dfs/src/dfs_file.o
                0x08010990                dfs_file_read
 .text.dfs_file_getdents
                0x080109f4       0x50 build/components/dfs/src/dfs_file.o
                0x080109f4                dfs_file_getdents
 .text.dfs_file_unlink
                0x08010a44       0xd4 build/components/dfs/src/dfs_file.o
                0x08010a44                dfs_file_unlink
 .text.dfs_file_write
                0x08010b18       0x48 build/components/dfs/src/dfs_file.o
                0x08010b18                dfs_file_write
 .text.dfs_file_stat
                0x08010b60      0x110 build/components/dfs/src/dfs_file.o
                0x08010b60                dfs_file_stat
 .text.ls       0x08010c70      0x128 build/components/dfs/src/dfs_file.o
                0x08010c70                ls
 .text.rm       0x08010d98       0x28 build/components/dfs/src/dfs_file.o
                0x08010d98                rm
 .text.cat      0x08010dc0       0x7c build/components/dfs/src/dfs_file.o
                0x08010dc0                cat
 .text.copy     0x08010e3c       0xcc build/components/dfs/src/dfs_file.o
                0x08010e3c                copy
 .text.mkdir    0x08010f08       0x70 build/components/dfs/src/dfs_posix.o
                0x08010f08                mkdir
 .text.elm_result_to_dfs
                0x08010f78       0xa0 build/components/dfs/filesystems/elmfat/dfs_elm.o
 .text.get_disk
                0x08011018       0x44 build/components/dfs/filesystems/elmfat/dfs_elm.o
 .text.dfs_elm_mount
                0x0801105c      0x120 build/components/dfs/filesystems/elmfat/dfs_elm.o
                0x0801105c                dfs_elm_mount
 .text.dfs_elm_unmount
                0x0801117c       0xa8 build/components/dfs/filesystems/elmfat/dfs_elm.o
                0x0801117c                dfs_elm_unmount
 .text.dfs_elm_mkfs
                0x08011224       0xf0 build/components/dfs/filesystems/elmfat/dfs_elm.o
                0x08011224                dfs_elm_mkfs
 .text.dfs_elm_statfs
                0x08011314       0xf0 build/components/dfs/filesystems/elmfat/dfs_elm.o
                0x08011314                dfs_elm_statfs
 .text.dfs_elm_open
                0x08011404      0x1dc build/components/dfs/filesystems/elmfat/dfs_elm.o
                0x08011404                dfs_elm_open
 .text.dfs_elm_close
                0x080115e0       0xb0 build/components/dfs/filesystems/elmfat/dfs_elm.o
                0x080115e0                dfs_elm_close
 .text.dfs_elm_ioctl
                0x08011690       0x1c build/components/dfs/filesystems/elmfat/dfs_elm.o
                0x08011690                dfs_elm_ioctl
 .text.dfs_elm_read
                0x080116ac       0x88 build/components/dfs/filesystems/elmfat/dfs_elm.o
                0x080116ac                dfs_elm_read
 .text.dfs_elm_write
                0x08011734       0x90 build/components/dfs/filesystems/elmfat/dfs_elm.o
                0x08011734                dfs_elm_write
 .text.dfs_elm_flush
                0x080117c4       0x5c build/components/dfs/filesystems/elmfat/dfs_elm.o
                0x080117c4                dfs_elm_flush
 .text.dfs_elm_lseek
                0x08011820       0xe8 build/components/dfs/filesystems/elmfat/dfs_elm.o
                0x08011820                dfs_elm_lseek
 .text.dfs_elm_getdents
                0x08011908      0x170 build/components/dfs/filesystems/elmfat/dfs_elm.o
                0x08011908                dfs_elm_getdents
 .text.dfs_elm_unlink
                0x08011a78       0x74 build/components/dfs/filesystems/elmfat/dfs_elm.o
                0x08011a78                dfs_elm_unlink
 .text.dfs_elm_rename
                0x08011aec       0x7c build/components/dfs/filesystems/elmfat/dfs_elm.o
                0x08011aec                dfs_elm_rename
 .text.dfs_elm_stat
                0x08011b68      0x1b8 build/components/dfs/filesystems/elmfat/dfs_elm.o
                0x08011b68                dfs_elm_stat
 .text.elm_init
                0x08011d20       0x18 build/components/dfs/filesystems/elmfat/dfs_elm.o
                0x08011d20                elm_init
 .text.disk_initialize
                0x08011d38       0x1c build/components/dfs/filesystems/elmfat/dfs_elm.o
                0x08011d38                disk_initialize
 .text.disk_status
                0x08011d54       0x1c build/components/dfs/filesystems/elmfat/dfs_elm.o
                0x08011d54                disk_status
 .text.disk_read
                0x08011d70       0x4c build/components/dfs/filesystems/elmfat/dfs_elm.o
                0x08011d70                disk_read
 .text.disk_write
                0x08011dbc       0x4c build/components/dfs/filesystems/elmfat/dfs_elm.o
                0x08011dbc                disk_write
 .text.disk_ioctl
                0x08011e08      0x104 build/components/dfs/filesystems/elmfat/dfs_elm.o
                0x08011e08                disk_ioctl
 .text.get_fattime
                0x08011f0c       0x10 build/components/dfs/filesystems/elmfat/dfs_elm.o
                0x08011f0c                get_fattime
 .text.ff_cre_syncobj
                0x08011f1c       0x54 build/components/dfs/filesystems/elmfat/dfs_elm.o
                0x08011f1c                ff_cre_syncobj
 .text.ff_del_syncobj
                0x08011f70       0x24 build/components/dfs/filesystems/elmfat/dfs_elm.o
                0x08011f70                ff_del_syncobj
 .text.ff_req_grant
                0x08011f94       0x2c build/components/dfs/filesystems/elmfat/dfs_elm.o
                0x08011f94                ff_req_grant
 .text.ff_rel_grant
                0x08011fc0       0x18 build/components/dfs/filesystems/elmfat/dfs_elm.o
                0x08011fc0                ff_rel_grant
 .text.mem_cpy  0x08011fd8       0xc4 build/components/dfs/filesystems/elmfat/ff.o
 .text.mem_set  0x0801209c       0x44 build/components/dfs/filesystems/elmfat/ff.o
 .text.mem_cmp  0x080120e0       0x70 build/components/dfs/filesystems/elmfat/ff.o
 .text.chk_chr  0x08012150       0x38 build/components/dfs/filesystems/elmfat/ff.o
 .text.lock_fs  0x08012188       0x20 build/components/dfs/filesystems/elmfat/ff.o
 .text.unlock_fs
                0x080121a8       0x38 build/components/dfs/filesystems/elmfat/ff.o
 .text.move_window
                0x080121e0       0xd4 build/components/dfs/filesystems/elmfat/ff.o
 .text.sync     0x080122b4       0xd8 build/components/dfs/filesystems/elmfat/ff.o
 .text.clust2sect
                0x0801238c       0x44 build/components/dfs/filesystems/elmfat/ff.o
                0x0801238c                clust2sect
 .text.get_fat  0x080123d0      0x164 build/components/dfs/filesystems/elmfat/ff.o
                0x080123d0                get_fat
 .text.put_fat  0x08012534      0x1f0 build/components/dfs/filesystems/elmfat/ff.o
                0x08012534                put_fat
 .text.remove_chain
                0x08012724       0xb0 build/components/dfs/filesystems/elmfat/ff.o
 .text.create_chain
                0x080127d4      0x12c build/components/dfs/filesystems/elmfat/ff.o
 .text.clmt_clust
                0x08012900       0x70 build/components/dfs/filesystems/elmfat/ff.o
 .text.dir_sdi  0x08012970      0x11c build/components/dfs/filesystems/elmfat/ff.o
 .text.dir_next
                0x08012a8c      0x1e0 build/components/dfs/filesystems/elmfat/ff.o
 .text.dir_find
                0x08012c6c       0xa4 build/components/dfs/filesystems/elmfat/ff.o
 .text.dir_read
                0x08012d10       0xa4 build/components/dfs/filesystems/elmfat/ff.o
 .text.dir_register
                0x08012db4       0xbc build/components/dfs/filesystems/elmfat/ff.o
 .text.dir_remove
                0x08012e70       0x58 build/components/dfs/filesystems/elmfat/ff.o
 .text.create_name
                0x08012ec8      0x264 build/components/dfs/filesystems/elmfat/ff.o
 .text.get_fileinfo
                0x0801312c       0xf0 build/components/dfs/filesystems/elmfat/ff.o
 .text.follow_path
                0x0801321c       0xec build/components/dfs/filesystems/elmfat/ff.o
 .text.check_fs
                0x08013308       0x88 build/components/dfs/filesystems/elmfat/ff.o
 .text.chk_mounted
                0x08013390      0x43c build/components/dfs/filesystems/elmfat/ff.o
 .text.validate
                0x080137cc       0x64 build/components/dfs/filesystems/elmfat/ff.o
 .text.f_mount  0x08013830       0x8c build/components/dfs/filesystems/elmfat/ff.o
                0x08013830                f_mount
 .text.f_open   0x080138bc      0x270 build/components/dfs/filesystems/elmfat/ff.o
                0x080138bc                f_open
 .text.f_read   0x08013b2c      0x390 build/components/dfs/filesystems/elmfat/ff.o
                0x08013b2c                f_read
 .text.f_write  0x08013ebc      0x3f4 build/components/dfs/filesystems/elmfat/ff.o
                0x08013ebc                f_write
 .text.f_sync   0x080142b0      0x134 build/components/dfs/filesystems/elmfat/ff.o
                0x080142b0                f_sync
 .text.f_close  0x080143e4       0x2c build/components/dfs/filesystems/elmfat/ff.o
                0x080143e4                f_close
 .text.f_lseek  0x08014410      0x5e4 build/components/dfs/filesystems/elmfat/ff.o
                0x08014410                f_lseek
 .text.f_opendir
                0x080149f4       0xc4 build/components/dfs/filesystems/elmfat/ff.o
                0x080149f4                f_opendir
 .text.f_readdir
                0x08014ab8       0xac build/components/dfs/filesystems/elmfat/ff.o
                0x08014ab8                f_readdir
 .text.f_seekdir
                0x08014b64       0x6c build/components/dfs/filesystems/elmfat/ff.o
                0x08014b64                f_seekdir
 .text.f_stat   0x08014bd0       0x88 build/components/dfs/filesystems/elmfat/ff.o
                0x08014bd0                f_stat
 .text.f_getfree
                0x08014c58      0x1ac build/components/dfs/filesystems/elmfat/ff.o
                0x08014c58                f_getfree
 .text.f_unlink
                0x08014e04      0x188 build/components/dfs/filesystems/elmfat/ff.o
                0x08014e04                f_unlink
 .text.f_mkdir  0x08014f8c      0x280 build/components/dfs/filesystems/elmfat/ff.o
                0x08014f8c                f_mkdir
 .text.f_rename
                0x0801520c      0x20c build/components/dfs/filesystems/elmfat/ff.o
                0x0801520c                f_rename
 .text.f_mkfs   0x08015418      0x760 build/components/dfs/filesystems/elmfat/ff.o
                0x08015418                f_mkfs
 .text.elm_get_vol
                0x08015b78       0x44 build/components/dfs/filesystems/elmfat/ff.o
                0x08015b78                elm_get_vol
 .text.SystemInit
                0x08015bbc       0x68 build/bsp/Libraries/CMSIS/CM3/DeviceSupport/ST/STM32F10x/system_stm32f10x.o
                0x08015bbc                SystemInit
 .text.SetSysClock
                0x08015c24        0xc build/bsp/Libraries/CMSIS/CM3/DeviceSupport/ST/STM32F10x/system_stm32f10x.o
 .text.SetSysClockTo72
                0x08015c30      0x108 build/bsp/Libraries/CMSIS/CM3/DeviceSupport/ST/STM32F10x/system_stm32f10x.o
 .text.RCC_LSEConfig
                0x08015d38       0x68 build/bsp/Libraries/STM32F10x_StdPeriph_Driver/src/stm32f10x_rcc.o
                0x08015d38                RCC_LSEConfig
 .text.RCC_RTCCLKConfig
                0x08015da0       0x48 build/bsp/Libraries/STM32F10x_StdPeriph_Driver/src/stm32f10x_rcc.o
                0x08015da0                RCC_RTCCLKConfig
 .text.RCC_RTCCLKCmd
                0x08015de8       0x38 build/bsp/Libraries/STM32F10x_StdPeriph_Driver/src/stm32f10x_rcc.o
                0x08015de8                RCC_RTCCLKCmd
 .text.RCC_GetClocksFreq
                0x08015e20      0x17c build/bsp/Libraries/STM32F10x_StdPeriph_Driver/src/stm32f10x_rcc.o
                0x08015e20                RCC_GetClocksFreq
 .text.RCC_AHBPeriphClockCmd
                0x08015f9c       0x74 build/bsp/Libraries/STM32F10x_StdPeriph_Driver/src/stm32f10x_rcc.o
                0x08015f9c                RCC_AHBPeriphClockCmd
 .text.RCC_APB2PeriphClockCmd
                0x08016010       0x74 build/bsp/Libraries/STM32F10x_StdPeriph_Driver/src/stm32f10x_rcc.o
                0x08016010                RCC_APB2PeriphClockCmd
 .text.RCC_APB1PeriphClockCmd
                0x08016084       0x74 build/bsp/Libraries/STM32F10x_StdPeriph_Driver/src/stm32f10x_rcc.o
                0x08016084                RCC_APB1PeriphClockCmd
 .text.RCC_BackupResetCmd
                0x080160f8       0x38 build/bsp/Libraries/STM32F10x_StdPeriph_Driver/src/stm32f10x_rcc.o
                0x080160f8                RCC_BackupResetCmd
 .text.RCC_GetFlagStatus
                0x08016130       0xd0 build/bsp/Libraries/STM32F10x_StdPeriph_Driver/src/stm32f10x_rcc.o
                0x08016130                RCC_GetFlagStatus
 .text.PWR_BackupAccessCmd
                0x08016200       0x38 build/bsp/Libraries/STM32F10x_StdPeriph_Driver/src/stm32f10x_pwr.o
                0x08016200                PWR_BackupAccessCmd
 .text.BKP_DeInit
                0x08016238       0x18 build/bsp/Libraries/STM32F10x_StdPeriph_Driver/src/stm32f10x_bkp.o
                0x08016238                BKP_DeInit
 .text.BKP_WriteBackupRegister
                0x08016250      0x13c build/bsp/Libraries/STM32F10x_StdPeriph_Driver/src/stm32f10x_bkp.o
                0x08016250                BKP_WriteBackupRegister
 .text.BKP_ReadBackupRegister
                0x0801638c      0x13c build/bsp/Libraries/STM32F10x_StdPeriph_Driver/src/stm32f10x_bkp.o
                0x0801638c                BKP_ReadBackupRegister
 .text.RTC_EnterConfigMode
                0x080164c8       0x20 build/bsp/Libraries/STM32F10x_StdPeriph_Driver/src/stm32f10x_rtc.o
                0x080164c8                RTC_EnterConfigMode
 .text.RTC_ExitConfigMode
                0x080164e8       0x20 build/bsp/Libraries/STM32F10x_StdPeriph_Driver/src/stm32f10x_rtc.o
                0x080164e8                RTC_ExitConfigMode
 .text.RTC_GetCounter
                0x08016508       0x30 build/bsp/Libraries/STM32F10x_StdPeriph_Driver/src/stm32f10x_rtc.o
                0x08016508                RTC_GetCounter
 .text.RTC_SetCounter
                0x08016538       0x30 build/bsp/Libraries/STM32F10x_StdPeriph_Driver/src/stm32f10x_rtc.o
                0x08016538                RTC_SetCounter
 .text.RTC_SetPrescaler
                0x08016568       0x50 build/bsp/Libraries/STM32F10x_StdPeriph_Driver/src/stm32f10x_rtc.o
                0x08016568                RTC_SetPrescaler
 .text.RTC_WaitForLastTask
                0x080165b8       0x20 build/bsp/Libraries/STM32F10x_StdPeriph_Driver/src/stm32f10x_rtc.o
                0x080165b8                RTC_WaitForLastTask
 .text.RTC_WaitForSynchro
                0x080165d8       0x30 build/bsp/Libraries/STM32F10x_StdPeriph_Driver/src/stm32f10x_rtc.o
                0x080165d8                RTC_WaitForSynchro
 .text.SDIO_DeInit
                0x08016608       0x58 build/bsp/Libraries/STM32F10x_StdPeriph_Driver/src/stm32f10x_sdio.o
                0x08016608                SDIO_DeInit
 .text.SDIO_Init
                0x08016660       0xf8 build/bsp/Libraries/STM32F10x_StdPeriph_Driver/src/stm32f10x_sdio.o
                0x08016660                SDIO_Init
 .text.SDIO_ClockCmd
                0x08016758       0x38 build/bsp/Libraries/STM32F10x_StdPeriph_Driver/src/stm32f10x_sdio.o
                0x08016758                SDIO_ClockCmd
 .text.SDIO_SetPowerState
                0x08016790       0x48 build/bsp/Libraries/STM32F10x_StdPeriph_Driver/src/stm32f10x_sdio.o
                0x08016790                SDIO_SetPowerState
 .text.SDIO_GetPowerState
                0x080167d8       0x18 build/bsp/Libraries/STM32F10x_StdPeriph_Driver/src/stm32f10x_sdio.o
                0x080167d8                SDIO_GetPowerState
 .text.SDIO_ITConfig
                0x080167f0       0x70 build/bsp/Libraries/STM32F10x_StdPeriph_Driver/src/stm32f10x_sdio.o
                0x080167f0                SDIO_ITConfig
 .text.SDIO_DMACmd
                0x08016860       0x38 build/bsp/Libraries/STM32F10x_StdPeriph_Driver/src/stm32f10x_sdio.o
                0x08016860                SDIO_DMACmd
 .text.SDIO_SendCommand
                0x08016898       0xd0 build/bsp/Libraries/STM32F10x_StdPeriph_Driver/src/stm32f10x_sdio.o
                0x08016898                SDIO_SendCommand
 .text.SDIO_GetCommandResponse
                0x08016968       0x18 build/bsp/Libraries/STM32F10x_StdPeriph_Driver/src/stm32f10x_sdio.o
                0x08016968                SDIO_GetCommandResponse
 .text.SDIO_GetResponse
                0x08016980       0x50 build/bsp/Libraries/STM32F10x_StdPeriph_Driver/src/stm32f10x_sdio.o
                0x08016980                SDIO_GetResponse
 .text.SDIO_DataConfig
                0x080169d0      0x144 build/bsp/Libraries/STM32F10x_StdPeriph_Driver/src/stm32f10x_sdio.o
                0x080169d0                SDIO_DataConfig
 .text.SDIO_ReadData
                0x08016b14       0x18 build/bsp/Libraries/STM32F10x_StdPeriph_Driver/src/stm32f10x_sdio.o
                0x08016b14                SDIO_ReadData
 .text.SDIO_WriteData
                0x08016b2c       0x20 build/bsp/Libraries/STM32F10x_StdPeriph_Driver/src/stm32f10x_sdio.o
                0x08016b2c                SDIO_WriteData
 .text.SDIO_GetFlagStatus
                0x08016b4c       0xf8 build/bsp/Libraries/STM32F10x_StdPeriph_Driver/src/stm32f10x_sdio.o
                0x08016b4c                SDIO_GetFlagStatus
 .text.SDIO_ClearFlag
                0x08016c44       0x3c build/bsp/Libraries/STM32F10x_StdPeriph_Driver/src/stm32f10x_sdio.o
                0x08016c44                SDIO_ClearFlag
 .text.SDIO_GetITStatus
                0x08016c80       0xf8 build/bsp/Libraries/STM32F10x_StdPeriph_Driver/src/stm32f10x_sdio.o
                0x08016c80                SDIO_GetITStatus
 .text.SDIO_ClearITPendingBit
                0x08016d78       0x3c build/bsp/Libraries/STM32F10x_StdPeriph_Driver/src/stm32f10x_sdio.o
                0x08016d78                SDIO_ClearITPendingBit
 .text.GPIO_Init
                0x08016db4      0x290 build/bsp/Libraries/STM32F10x_StdPeriph_Driver/src/stm32f10x_gpio.o
                0x08016db4                GPIO_Init
 .text.GPIO_SetBits
                0x08017044       0x8c build/bsp/Libraries/STM32F10x_StdPeriph_Driver/src/stm32f10x_gpio.o
                0x08017044                GPIO_SetBits
 .text.GPIO_ResetBits
                0x080170d0       0x8c build/bsp/Libraries/STM32F10x_StdPeriph_Driver/src/stm32f10x_gpio.o
                0x080170d0                GPIO_ResetBits
 .text.USART_Init
                0x0801715c      0x2f4 build/bsp/Libraries/STM32F10x_StdPeriph_Driver/src/stm32f10x_usart.o
                0x0801715c                USART_Init
 .text.USART_ClockInit
                0x08017450       0xf8 build/bsp/Libraries/STM32F10x_StdPeriph_Driver/src/stm32f10x_usart.o
                0x08017450                USART_ClockInit
 .text.USART_Cmd
                0x08017548       0x9c build/bsp/Libraries/STM32F10x_StdPeriph_Driver/src/stm32f10x_usart.o
                0x08017548                USART_Cmd
 .text.USART_ITConfig
                0x080175e4      0x180 build/bsp/Libraries/STM32F10x_StdPeriph_Driver/src/stm32f10x_usart.o
                0x080175e4                USART_ITConfig
 .text.USART_GetITStatus
                0x08017764      0x19c build/bsp/Libraries/STM32F10x_StdPeriph_Driver/src/stm32f10x_usart.o
                0x08017764                USART_GetITStatus
 .text.USART_ClearITPendingBit
                0x08017900       0xe8 build/bsp/Libraries/STM32F10x_StdPeriph_Driver/src/stm32f10x_usart.o
                0x08017900                USART_ClearITPendingBit
 .text.DMA_Init
                0x080179e8      0x238 build/bsp/Libraries/STM32F10x_StdPeriph_Driver/src/stm32f10x_dma.o
                0x080179e8                DMA_Init
 .text.DMA_Cmd  0x08017c20       0xec build/bsp/Libraries/STM32F10x_StdPeriph_Driver/src/stm32f10x_dma.o
                0x08017c20                DMA_Cmd
 .text.DMA_GetFlagStatus
                0x08017d0c      0x244 build/bsp/Libraries/STM32F10x_StdPeriph_Driver/src/stm32f10x_dma.o
                0x08017d0c                DMA_GetFlagStatus
 .text.DMA_ClearFlag
                0x08017f50       0x5c build/bsp/Libraries/STM32F10x_StdPeriph_Driver/src/stm32f10x_dma.o
                0x08017f50                DMA_ClearFlag
 .text.NVIC_Init
                0x08017fac      0x114 build/bsp/Libraries/STM32F10x_StdPeriph_Driver/src/misc.o
                0x08017fac                NVIC_Init
 .text.NVIC_SetVectorTable
                0x080180c0       0x5c build/bsp/Libraries/STM32F10x_StdPeriph_Driver/src/misc.o
                0x080180c0                NVIC_SetVectorTable
 .text.Reset_Handler
                0x0801811c       0x4c build/bsp/Libraries/CMSIS/CM3/DeviceSupport/ST/STM32F10x/startup/gcc_ride7/startup_stm32f10x_hd.o
                0x0801811c                Reset_Handler
 .text.Default_Handler
                0x08018168        0x4 build/bsp/Libraries/CMSIS/CM3/DeviceSupport/ST/STM32F10x/startup/gcc_ride7/startup_stm32f10x_hd.o
                0x08018168                EXTI2_IRQHandler
                0x08018168                TIM8_TRG_COM_IRQHandler
                0x08018168                TIM8_CC_IRQHandler
                0x08018168                TIM1_CC_IRQHandler
                0x08018168                TIM6_IRQHandler
                0x08018168                PVD_IRQHandler
                0x08018168                EXTI3_IRQHandler
                0x08018168                EXTI0_IRQHandler
                0x08018168                I2C2_EV_IRQHandler
                0x08018168                ADC1_2_IRQHandler
                0x08018168                SPI1_IRQHandler
                0x08018168                TAMPER_IRQHandler
                0x08018168                TIM8_UP_IRQHandler
                0x08018168                DMA2_Channel2_IRQHandler
                0x08018168                DMA1_Channel4_IRQHandler
                0x08018168                RTC_IRQHandler
                0x08018168                DMA1_Channel7_IRQHandler
                0x08018168                CAN1_RX1_IRQHandler
                0x08018168                UART5_IRQHandler
                0x08018168                ADC3_IRQHandler
                0x08018168                TIM4_IRQHandler
                0x08018168                DMA2_Channel1_IRQHandler
                0x08018168                I2C1_EV_IRQHandler
                0x08018168                DMA1_Channel6_IRQHandler
                0x08018168                UART4_IRQHandler
                0x08018168                TIM3_IRQHandler
                0x08018168                RCC_IRQHandler
                0x08018168                TIM1_TRG_COM_IRQHandler
                0x08018168                DMA1_Channel1_IRQHandler
                0x08018168                Default_Handler
                0x08018168                EXTI15_10_IRQHandler
                0x08018168                TIM7_IRQHandler
                0x08018168                TIM5_IRQHandler
                0x08018168                EXTI9_5_IRQHandler
                0x08018168                SPI2_IRQHandler
                0x08018168                DMA1_Channel5_IRQHandler
                0x08018168                EXTI4_IRQHandler
                0x08018168                USB_LP_CAN1_RX0_IRQHandler
                0x08018168                USB_HP_CAN1_TX_IRQHandler
                0x08018168                DMA1_Channel3_IRQHandler
                0x08018168                FSMC_IRQHandler
                0x08018168                TIM1_UP_IRQHandler
                0x08018168                WWDG_IRQHandler
                0x08018168                TIM2_IRQHandler
                0x08018168                TIM1_BRK_IRQHandler
                0x08018168                EXTI1_IRQHandler
                0x08018168                RTCAlarm_IRQHandler
                0x08018168                DMA2_Channel4_5_IRQHandler
                0x08018168                I2C2_ER_IRQHandler
                0x08018168                TIM8_BRK_IRQHandler
                0x08018168                CAN1_SCE_IRQHandler
                0x08018168                FLASH_IRQHandler
                0x08018168                SPI3_IRQHandler
                0x08018168                I2C1_ER_IRQHandler
                0x08018168                USBWakeUp_IRQHandler
                0x08018168                DMA2_Channel3_IRQHandler
 .text.BUZZER_Init
                0x0801816c       0x3c build/bsp/driver/buzzer/buzzer.o
                0x0801816c                BUZZER_Init
 .text.UC1701_Byte
                0x080181a8       0x78 build/bsp/driver/display/uc1701/jlx128640/pump-one/uc1701.o
 .text.UC1701_Cmd
                0x08018220       0x2c build/bsp/driver/display/uc1701/jlx128640/pump-one/uc1701.o
 .text.UC1701_PageGet
                0x0801824c       0x34 build/bsp/driver/display/uc1701/jlx128640/pump-one/uc1701.o
 .text.UC1701_CorSet
                0x08018280       0x60 build/bsp/driver/display/uc1701/jlx128640/pump-one/uc1701.o
 .text.UC1701_WriteByte
                0x080182e0       0x68 build/bsp/driver/display/uc1701/jlx128640/pump-one/uc1701.o
 .text.UC1701_ReadByte
                0x08018348       0x38 build/bsp/driver/display/uc1701/jlx128640/pump-one/uc1701.o
 .text.UC1701_Read
                0x08018380       0x64 build/bsp/driver/display/uc1701/jlx128640/pump-one/uc1701.o
 .text.UC1701_Write
                0x080183e4       0x88 build/bsp/driver/display/uc1701/jlx128640/pump-one/uc1701.o
 .text.UC1701_DrawHorLinSet
                0x0801846c       0xb4 build/bsp/driver/display/uc1701/jlx128640/pump-one/uc1701.o
                0x0801846c                UC1701_DrawHorLinSet
 .text.UC1701_DrawVerLinSet
                0x08018520      0x15c build/bsp/driver/display/uc1701/jlx128640/pump-one/uc1701.o
                0x08018520                UC1701_DrawVerLinSet
 .text.UC1701_DrawRecSet
                0x0801867c       0x58 build/bsp/driver/display/uc1701/jlx128640/pump-one/uc1701.o
                0x0801867c                UC1701_DrawRecSet
 .text.UC1701_FillRecClr
                0x080186d4      0x24c build/bsp/driver/display/uc1701/jlx128640/pump-one/uc1701.o
                0x080186d4                UC1701_FillRecClr
 .text.UC1701_RevRec
                0x08018920      0x254 build/bsp/driver/display/uc1701/jlx128640/pump-one/uc1701.o
                0x08018920                UC1701_RevRec
 .text.UC1701_CharSet
                0x08018b74      0x784 build/bsp/driver/display/uc1701/jlx128640/pump-one/uc1701.o
                0x08018b74                UC1701_CharSet
 .text.UC1701_DisClr
                0x080192f8       0x50 build/bsp/driver/display/uc1701/jlx128640/pump-one/uc1701.o
                0x080192f8                UC1701_DisClr
 .text.UC1701_CorCvt
                0x08019348       0x4c build/bsp/driver/display/uc1701/jlx128640/pump-one/uc1701.o
                0x08019348                UC1701_CorCvt
 .text.UC1701_RegInit
                0x08019394       0x84 build/bsp/driver/display/uc1701/jlx128640/pump-one/uc1701.o
 .text.UC1701_PinInit
                0x08019418       0xcc build/bsp/driver/display/uc1701/jlx128640/pump-one/uc1701.o
 .text.UC1701_Init
                0x080194e4       0x1c build/bsp/driver/display/uc1701/jlx128640/pump-one/uc1701.o
                0x080194e4                UC1701_Init
 .text.NumTurn16
                0x08019500      0x268 build/bsp/driver/display/uc1701/jlx128640/pump-one/display_uc1701.o
 .text.DisStr   0x08019768       0x74 build/bsp/driver/display/uc1701/jlx128640/pump-one/display_uc1701.o
                0x08019768                DisStr
 .text.DisStrEx
                0x080197dc       0xc8 build/bsp/driver/display/uc1701/jlx128640/pump-one/display_uc1701.o
                0x080197dc                DisStrEx
 .text.DisNum   0x080198a4       0x4c build/bsp/driver/display/uc1701/jlx128640/pump-one/display_uc1701.o
                0x080198a4                DisNum
 .text.DisNum16x32
                0x080198f0       0x3c build/bsp/driver/display/uc1701/jlx128640/pump-one/display_uc1701.o
                0x080198f0                DisNum16x32
 .text.DisUnit  0x0801992c       0x40 build/bsp/driver/display/uc1701/jlx128640/pump-one/display_uc1701.o
                0x0801992c                DisUnit
 .text.DisGasName
                0x0801996c       0x58 build/bsp/driver/display/uc1701/jlx128640/pump-one/display_uc1701.o
                0x0801996c                DisGasName
 .text.DisStat  0x080199c4       0x40 build/bsp/driver/display/uc1701/jlx128640/pump-one/display_uc1701.o
                0x080199c4                DisStat
 .text.DisSymCor
                0x08019a04       0x34 build/bsp/driver/display/uc1701/jlx128640/pump-one/display_uc1701.o
                0x08019a04                DisSymCor
 .text.DisSymAlar
                0x08019a38       0x40 build/bsp/driver/display/uc1701/jlx128640/pump-one/display_uc1701.o
                0x08019a38                DisSymAlar
 .text.DisSymAlarRev
                0x08019a78       0x34 build/bsp/driver/display/uc1701/jlx128640/pump-one/display_uc1701.o
                0x08019a78                DisSymAlarRev
 .text.DisSymFan
                0x08019aac       0x34 build/bsp/driver/display/uc1701/jlx128640/pump-one/display_uc1701.o
                0x08019aac                DisSymFan
 .text.DisSymChar
                0x08019ae0       0x34 build/bsp/driver/display/uc1701/jlx128640/pump-one/display_uc1701.o
                0x08019ae0                DisSymChar
 .text.DisSymBat
                0x08019b14      0x114 build/bsp/driver/display/uc1701/jlx128640/pump-one/display_uc1701.o
                0x08019b14                DisSymBat
 .text.DisRecSet
                0x08019c28       0x44 build/bsp/driver/display/uc1701/jlx128640/pump-one/display_uc1701.o
                0x08019c28                DisRecSet
 .text.DisRecRev
                0x08019c6c       0x44 build/bsp/driver/display/uc1701/jlx128640/pump-one/display_uc1701.o
                0x08019c6c                DisRecRev
 .text.DisCharSet
                0x08019cb0       0x40 build/bsp/driver/display/uc1701/jlx128640/pump-one/display_uc1701.o
                0x08019cb0                DisCharSet
 .text.DisInit  0x08019cf0        0xc build/bsp/driver/display/uc1701/jlx128640/pump-one/display_uc1701.o
                0x08019cf0                DisInit
 .text.CharSwap
                0x08019cfc       0x6c build/bsp/library/sort/char_swap/char_swap.o
                0x08019cfc                CharSwap
 *(.rodata)
 .rodata        0x08019d68       0xa4 build/application.o
 .rodata        0x08019e0c       0x58 build/startup.o
 .rodata        0x08019e64        0x8 build/board.o
 .rodata        0x08019e6c       0x98 build/rtc.o
 .rodata        0x08019f04        0x8 build/usart.o
 .rodata        0x08019f0c       0xf4 build/serial.o
 .rodata        0x0801a000       0xe0 build/sdcard.o
 .rodata        0x0801a0e0       0x68 build/src/device.o
 .rodata        0x0801a148       0x50 build/src/idle.o
 .rodata        0x0801a198       0xc0 build/src/ipc.o
 .rodata        0x0801a258       0x90 build/src/kservice.o
 .rodata        0x0801a2e8      0x2d0 build/src/mem.o
 .rodata        0x0801a5b8       0x58 build/src/mempool.o
 .rodata        0x0801a610       0x88 build/src/object.o
 .rodata        0x0801a698       0x88 build/src/scheduler.o
 .rodata        0x0801a720       0xb4 build/src/thread.o
 .rodata        0x0801a7d4       0x58 build/src/timer.o
 .rodata        0x0801a82c       0xd0 build/libcpu/arm/cortex-m3/cpuport.o
 .rodata        0x0801a8fc        0x4 build/components/libc/minilibc/time.o
 .rodata        0x0801a900      0x650 build/components/finsh/cmd.o
 .rodata        0x0801af50       0xf4 build/components/finsh/finsh_error.o
 .rodata        0x0801b044       0x40 build/components/finsh/finsh_token.o
 .rodata        0x0801b084       0xcc build/components/finsh/shell.o
 .rodata        0x0801b150       0x84 build/components/dfs/src/dfs.o
 .rodata        0x0801b1d4      0x114 build/components/dfs/src/dfs_fs.o
 .rodata        0x0801b2e8       0xb4 build/components/dfs/src/dfs_file.o
 .rodata        0x0801b39c       0xc8 build/components/dfs/filesystems/elmfat/dfs_elm.o
 .rodata        0x0801b464       0x44 build/components/dfs/filesystems/elmfat/ff.o
 .rodata        0x0801b4a8       0x3c build/bsp/Libraries/STM32F10x_StdPeriph_Driver/src/stm32f10x_rcc.o
 .rodata        0x0801b4e4       0x3c build/bsp/Libraries/STM32F10x_StdPeriph_Driver/src/stm32f10x_pwr.o
 .rodata        0x0801b520       0x3c build/bsp/Libraries/STM32F10x_StdPeriph_Driver/src/stm32f10x_bkp.o
 .rodata        0x0801b55c       0x3c build/bsp/Libraries/STM32F10x_StdPeriph_Driver/src/stm32f10x_rtc.o
 .rodata        0x0801b598       0x3c build/bsp/Libraries/STM32F10x_StdPeriph_Driver/src/stm32f10x_sdio.o
 .rodata        0x0801b5d4       0x3c build/bsp/Libraries/STM32F10x_StdPeriph_Driver/src/stm32f10x_gpio.o
 .rodata        0x0801b610       0x3c build/bsp/Libraries/STM32F10x_StdPeriph_Driver/src/stm32f10x_usart.o
 .rodata        0x0801b64c       0x3c build/bsp/Libraries/STM32F10x_StdPeriph_Driver/src/stm32f10x_dma.o
 .rodata        0x0801b688       0x30 build/bsp/Libraries/STM32F10x_StdPeriph_Driver/src/misc.o
 *(.rodata*)
 .rodata.__fsym_set_date_name
                0x0801b6b8        0xc build/rtc.o
                0x0801b6b8                __fsym_set_date_name
 .rodata.__fsym_set_date_desc
                0x0801b6c4       0x24 build/rtc.o
                0x0801b6c4                __fsym_set_date_desc
 .rodata.__fsym_set_time_name
                0x0801b6e8        0xc build/rtc.o
                0x0801b6e8                __fsym_set_time_name
 .rodata.__fsym_set_time_desc
                0x0801b6f4       0x24 build/rtc.o
                0x0801b6f4                __fsym_set_time_desc
 .rodata.__fsym_list_date_name
                0x0801b718        0xc build/rtc.o
                0x0801b718                __fsym_list_date_name
 .rodata.__fsym_list_date_desc
                0x0801b724       0x14 build/rtc.o
                0x0801b724                __fsym_list_date_desc
 .rodata.__FUNCTION__.7290
                0x0801b738       0x10 build/rtc.o
 .rodata.__FUNCTION__.7473
                0x0801b748       0x14 build/serial.o
 .rodata.__FUNCTION__.7460
                0x0801b75c       0x18 build/serial.o
 .rodata.__FUNCTION__.7446
                0x0801b774       0x14 build/serial.o
 .rodata.__FUNCTION__.7418
                0x0801b788       0x10 build/serial.o
 .rodata.__FUNCTION__.7404
                0x0801b798       0x18 build/serial.o
 .rodata.__FUNCTION__.7368
                0x0801b7b0       0x10 build/serial.o
 .rodata.__fsym_led_name
                0x0801b7c0        0x4 build/led.o
                0x0801b7c0                __fsym_led_name
 .rodata.__fsym_led_desc
                0x0801b7c4       0x20 build/led.o
                0x0801b7c4                __fsym_led_desc
 .rodata.__FUNCTION__.8064
                0x0801b7e4       0x14 build/sdcard.o
 .rodata.__FUNCTION__.4862
                0x0801b7f8       0x1c build/src/device.o
 .rodata.__FUNCTION__.4851
                0x0801b814       0x14 build/src/device.o
 .rodata.__FUNCTION__.4841
                0x0801b828       0x10 build/src/device.o
 .rodata.__FUNCTION__.4830
                0x0801b838       0x10 build/src/device.o
 .rodata.__FUNCTION__.4819
                0x0801b848       0x10 build/src/device.o
 .rodata.__FUNCTION__.4810
                0x0801b858       0x10 build/src/device.o
 .rodata.__FUNCTION__.4832
                0x0801b868       0x18 build/src/idle.o
 .rodata.__FUNCTION__.4981
                0x0801b880       0x10 build/src/ipc.o
 .rodata.__FUNCTION__.4965
                0x0801b890       0x10 build/src/ipc.o
 .rodata.__FUNCTION__.4956
                0x0801b8a0       0x10 build/src/ipc.o
 .rodata.__FUNCTION__.4938
                0x0801b8b0       0x10 build/src/ipc.o
 .rodata.__FUNCTION__.4903
                0x0801b8c0        0xc build/src/ipc.o
 .rodata.__FUNCTION__.4859
                0x0801b8cc        0xc build/src/ipc.o
 .rodata.__lowest_bit_bitmap
                0x0801b8d8      0x100 build/src/kservice.o
                0x0801b8d8                __lowest_bit_bitmap
 .rodata.large_digits.4983
                0x0801b9d8       0x14 build/src/kservice.o
 .rodata.small_digits.4982
                0x0801b9ec       0x14 build/src/kservice.o
 .rodata.__fsym_list_mem_name
                0x0801ba00        0xc build/src/mem.o
                0x0801ba00                __fsym_list_mem_name
 .rodata.__fsym_list_mem_desc
                0x0801ba0c       0x20 build/src/mem.o
                0x0801ba0c                __fsym_list_mem_desc
 .rodata.__FUNCTION__.4942
                0x0801ba2c        0x8 build/src/mem.o
 .rodata.__FUNCTION__.4883
                0x0801ba34        0xc build/src/mem.o
 .rodata.__FUNCTION__.4870
                0x0801ba40       0x14 build/src/mem.o
 .rodata.__FUNCTION__.4850
                0x0801ba54        0xc build/src/mem.o
 .rodata.__FUNCTION__.4907
                0x0801ba60        0xc build/src/mempool.o
 .rodata.__FUNCTION__.4844
                0x0801ba6c        0xc build/src/mempool.o
 .rodata.__FUNCTION__.4901
                0x0801ba78       0x1c build/src/object.o
 .rodata.__FUNCTION__.4889
                0x0801ba94       0x14 build/src/object.o
 .rodata.__FUNCTION__.4879
                0x0801baa8       0x14 build/src/object.o
 .rodata.__FUNCTION__.4867
                0x0801babc       0x14 build/src/object.o
 .rodata.__FUNCTION__.4883
                0x0801bad0       0x1c build/src/scheduler.o
 .rodata.__FUNCTION__.4874
                0x0801baec       0x1c build/src/scheduler.o
 .rodata.__FUNCTION__.4839
                0x0801bb08       0x1c build/src/scheduler.o
 .rodata.__FUNCTION__.4963
                0x0801bb24       0x14 build/src/thread.o
 .rodata.__FUNCTION__.4954
                0x0801bb38       0x14 build/src/thread.o
 .rodata.__FUNCTION__.4945
                0x0801bb4c       0x14 build/src/thread.o
 .rodata.__FUNCTION__.4931
                0x0801bb60       0x14 build/src/thread.o
 .rodata.__FUNCTION__.4917
                0x0801bb74       0x10 build/src/thread.o
 .rodata.__FUNCTION__.4902
                0x0801bb84       0x14 build/src/thread.o
 .rodata.__FUNCTION__.4869
                0x0801bb98       0x14 build/src/thread.o
 .rodata.__FUNCTION__.4854
                0x0801bbac       0x10 build/src/thread.o
 .rodata.__FUNCTION__.4838
                0x0801bbbc       0x10 build/src/thread.o
 .rodata.__FUNCTION__.4916
                0x0801bbcc       0x14 build/src/timer.o
 .rodata.__FUNCTION__.4890
                0x0801bbe0       0x10 build/src/timer.o
 .rodata.__FUNCTION__.4860
                0x0801bbf0       0x10 build/src/timer.o
 .rodata.__FUNCTION__.4851
                0x0801bc00       0x10 build/src/timer.o
 .rodata.__spm  0x0801bc10       0x1c build/components/libc/minilibc/time.o
                0x0801bc10                __spm
 .rodata.days   0x0801bc2c       0x20 build/components/libc/minilibc/time.o
 .rodata.months
                0x0801bc4c       0x34 build/components/libc/minilibc/time.o
 .rodata.__fsym_hello_name
                0x0801bc80        0x8 build/components/finsh/cmd.o
                0x0801bc80                __fsym_hello_name
 .rodata.__fsym_hello_desc
                0x0801bc88       0x10 build/components/finsh/cmd.o
                0x0801bc88                __fsym_hello_desc
 .rodata.__fsym_version_name
                0x0801bc98        0x8 build/components/finsh/cmd.o
                0x0801bc98                __fsym_version_name
 .rodata.__fsym_version_desc
                0x0801bca0       0x24 build/components/finsh/cmd.o
                0x0801bca0                __fsym_version_desc
 .rodata.__fsym_list_thread_name
                0x0801bcc4        0xc build/components/finsh/cmd.o
                0x0801bcc4                __fsym_list_thread_name
 .rodata.__fsym_list_thread_desc
                0x0801bcd0        0xc build/components/finsh/cmd.o
                0x0801bcd0                __fsym_list_thread_desc
 .rodata.__fsym_list_sem_name
                0x0801bcdc        0xc build/components/finsh/cmd.o
                0x0801bcdc                __fsym_list_sem_name
 .rodata.__fsym_list_sem_desc
                0x0801bce8       0x1c build/components/finsh/cmd.o
                0x0801bce8                __fsym_list_sem_desc
 .rodata.__fsym_list_event_name
                0x0801bd04        0xc build/components/finsh/cmd.o
                0x0801bd04                __fsym_list_event_name
 .rodata.__fsym_list_event_desc
                0x0801bd10       0x18 build/components/finsh/cmd.o
                0x0801bd10                __fsym_list_event_desc
 .rodata.__fsym_list_mutex_name
                0x0801bd28        0xc build/components/finsh/cmd.o
                0x0801bd28                __fsym_list_mutex_name
 .rodata.__fsym_list_mutex_desc