Archive member included because of file (symbol)

/home/ptz/opt/sourcery/arm-none-eabi-gcc/arm-2012.09/bin/../lib/gcc/arm-none-eabi/4.7.2/thumb2/libgcc.a(_arm_addsubdf3.o)
                              build/components/libc/minilibc/math.o (__aeabi_dsub)
/home/ptz/opt/sourcery/arm-none-eabi-gcc/arm-2012.09/bin/../lib/gcc/arm-none-eabi/4.7.2/thumb2/libgcc.a(_arm_muldivdf3.o)
                              build/components/libc/minilibc/math.o (__aeabi_dmul)
/home/ptz/opt/sourcery/arm-none-eabi-gcc/arm-2012.09/bin/../lib/gcc/arm-none-eabi/4.7.2/thumb2/libgcc.a(_arm_fixdfsi.o)
                              build/components/libc/minilibc/math.o (__aeabi_d2iz)

Allocating common symbols
Common symbol       size              file

SDIO_CmdInitStructure
                    0x14              build/drivers/sdcard.o
rt_interrupt_to_thread
                    0x4               build/libcpu/arm/cortex-m3/cpuport.o
rt_interrupt_from_thread
                    0x4               build/libcpu/arm/cortex-m3/cpuport.o
global_sysvar_list  0x4               build/components/finsh/finsh_var.o
finsh_heap          0x80              build/components/finsh/finsh_heap.o
shell               0x4               build/components/finsh/shell.o
DestBuffer          0x4               build/drivers/sdcard.o
rt_thread_switch_interrupt_flag
                    0x4               build/libcpu/arm/cortex-m3/cpuport.o
text_segment        0x80              build/components/finsh/finsh_vm.o
uart3_int_rx        0x44              build/drivers/usart.o
finsh_compile_pc    0x4               build/components/finsh/finsh_compiler.o
fd_table            0x80              build/components/dfs/src/dfs.o
sDisRam             0x420             build/drv/display/uc1701/jlx128640/pump-one/uc1701.o
finsh_vm_stack      0x100             build/components/finsh/finsh_vm.o
global_errno        0x1               build/components/finsh/finsh_error.o
SDIO_InitStructure  0x18              build/drivers/sdcard.o
rt_thread_priority_table
                    0x100             build/src/scheduler.o
rt_object_put_hook  0x4               build/src/object.o
SDIO_DataInitStructure
                    0x18              build/drivers/sdcard.o
rt_current_priority
                    0x1               build/src/scheduler.o
uart2_int_rx        0x44              build/drivers/usart.o
SrcBuffer           0x4               build/drivers/sdcard.o
filesystem_table    0x20              build/components/dfs/src/dfs.o
rt_interrupt_nest   0x1               build/src/irq.o
serial3             0x7c              build/drivers/usart.o
rt_object_take_hook
                    0x4               build/src/object.o
rt_current_thread   0x4               build/src/scheduler.o
rt_thread_ready_priority_group
                    0x4               build/src/scheduler.o
rt_thread_defunct   0x8               build/src/scheduler.o
global_node_table   0x140             build/components/finsh/finsh_node.o
finsh_compile_sp    0x4               build/components/finsh/finsh_compiler.o
finsh_pc            0x4               build/components/finsh/finsh_vm.o
sPage               0x84              build/drv/display/uc1701/jlx128640/pump-one/uc1701.o
filesystem_operation_table
                    0x10              build/components/dfs/src/dfs.o
rt_object_trytake_hook
                    0x4               build/src/object.o
finsh_sp            0x4               build/components/finsh/finsh_vm.o
serial2             0x7c              build/drivers/usart.o
global_variable     0xc0              build/components/finsh/finsh_var.o

Discarded input sections

 .text          0x00000000        0x0 /home/ptz/opt/sourcery/arm-none-eabi-gcc/arm-2012.09/bin/../lib/gcc/arm-none-eabi/4.7.2/thumb2/crti.o
 .data          0x00000000        0x0 /home/ptz/opt/sourcery/arm-none-eabi-gcc/arm-2012.09/bin/../lib/gcc/arm-none-eabi/4.7.2/thumb2/crti.o
 .bss           0x00000000        0x0 /home/ptz/opt/sourcery/arm-none-eabi-gcc/arm-2012.09/bin/../lib/gcc/arm-none-eabi/4.7.2/thumb2/crti.o
 .init          0x00000000        0x4 /home/ptz/opt/sourcery/arm-none-eabi-gcc/arm-2012.09/bin/../lib/gcc/arm-none-eabi/4.7.2/thumb2/crti.o
 .fini          0x00000000        0x4 /home/ptz/opt/sourcery/arm-none-eabi-gcc/arm-2012.09/bin/../lib/gcc/arm-none-eabi/4.7.2/thumb2/crti.o
 .ARM.attributes
                0x00000000       0x19 /home/ptz/opt/sourcery/arm-none-eabi-gcc/arm-2012.09/bin/../lib/gcc/arm-none-eabi/4.7.2/thumb2/crti.o
 .text          0x00000000       0xc8 /home/ptz/opt/sourcery/arm-none-eabi-gcc/arm-2012.09/bin/../lib/gcc/arm-none-eabi/4.7.2/thumb2/crtbegin.o
 .data          0x00000000        0x4 /home/ptz/opt/sourcery/arm-none-eabi-gcc/arm-2012.09/bin/../lib/gcc/arm-none-eabi/4.7.2/thumb2/crtbegin.o
 .bss           0x00000000       0x1c /home/ptz/opt/sourcery/arm-none-eabi-gcc/arm-2012.09/bin/../lib/gcc/arm-none-eabi/4.7.2/thumb2/crtbegin.o
[...]
Memory Configuration

Name             Origin             Length             Attributes
CODE             0x08000000         0x00040000         xr
DATA             0x20000000         0x0000c000         rw
*default*        0x00000000         0xffffffff

Linker script and memory map

LOAD /home/ptz/opt/sourcery/arm-none-eabi-gcc/arm-2012.09/bin/../lib/gcc/arm-none-eabi/4.7.2/thumb2/crti.o
LOAD /home/ptz/opt/sourcery/arm-none-eabi-gcc/arm-2012.09/bin/../lib/gcc/arm-none-eabi/4.7.2/thumb2/crtbegin.o
LOAD build/Libraries/CMSIS/CM3/DeviceSupport/ST/STM32F10x/system_stm32f10x.o
LOAD build/Libraries/STM32F10x_StdPeriph_Driver/src/stm32f10x_crc.o
LOAD build/Libraries/STM32F10x_StdPeriph_Driver/src/stm32f10x_rcc.o
LOAD build/Libraries/STM32F10x_StdPeriph_Driver/src/stm32f10x_wwdg.o
LOAD build/Libraries/STM32F10x_StdPeriph_Driver/src/stm32f10x_pwr.o
LOAD build/Libraries/STM32F10x_StdPeriph_Driver/src/stm32f10x_exti.o
LOAD build/Libraries/STM32F10x_StdPeriph_Driver/src/stm32f10x_bkp.o
LOAD build/Libraries/STM32F10x_StdPeriph_Driver/src/stm32f10x_i2c.o
LOAD build/Libraries/STM32F10x_StdPeriph_Driver/src/stm32f10x_adc.o
LOAD build/Libraries/STM32F10x_StdPeriph_Driver/src/stm32f10x_dac.o
LOAD build/Libraries/STM32F10x_StdPeriph_Driver/src/stm32f10x_rtc.o
LOAD build/Libraries/STM32F10x_StdPeriph_Driver/src/stm32f10x_fsmc.o
LOAD build/Libraries/STM32F10x_StdPeriph_Driver/src/stm32f10x_tim.o
LOAD build/Libraries/STM32F10x_StdPeriph_Driver/src/stm32f10x_iwdg.o
LOAD build/Libraries/STM32F10x_StdPeriph_Driver/src/stm32f10x_spi.o
LOAD build/Libraries/STM32F10x_StdPeriph_Driver/src/stm32f10x_flash.o
LOAD build/Libraries/STM32F10x_StdPeriph_Driver/src/stm32f10x_sdio.o
LOAD build/Libraries/STM32F10x_StdPeriph_Driver/src/stm32f10x_gpio.o
LOAD build/Libraries/STM32F10x_StdPeriph_Driver/src/stm32f10x_usart.o
LOAD build/Libraries/STM32F10x_StdPeriph_Driver/src/stm32f10x_dbgmcu.o
LOAD build/Libraries/STM32F10x_StdPeriph_Driver/src/stm32f10x_dma.o
LOAD build/Libraries/STM32F10x_StdPeriph_Driver/src/stm32f10x_can.o
LOAD build/Libraries/STM32F10x_StdPeriph_Driver/src/stm32f10x_cec.o
LOAD build/Libraries/STM32F10x_StdPeriph_Driver/src/misc.o
LOAD build/Libraries/CMSIS/CM3/DeviceSupport/ST/STM32F10x/startup/gcc_ride7/startup_stm32f10x_hd.o
LOAD build/applications/application.o
LOAD build/applications/startup.o
LOAD build/drivers/board.o
LOAD build/drivers/stm32f10x_it.o
LOAD build/drivers/led.o
LOAD build/drivers/usart.o
LOAD build/drivers/sdcard.o
LOAD build/drv/buzzer/buzzer.o
LOAD build/drv/display/uc1701/jlx128640/pump-one/uc1701.o
LOAD build/drv/display/uc1701/jlx128640/pump-one/display_uc1701.o
LOAD build/drv/display/uc1701/jlx128640/pump-one/font_ascii.o
LOAD build/drv/display/uc1701/jlx128640/pump-one/font_symbol.o
LOAD build/lib/sort/flush_left/flush_left.o
LOAD build/lib/sort/char_swap/char_swap.o
LOAD build/src/clock.o
LOAD build/src/device.o
LOAD build/src/idle.o
LOAD build/src/ipc.o
LOAD build/src/irq.o
LOAD build/src/kservice.o
LOAD build/src/mem.o
LOAD build/src/mempool.o
LOAD build/src/object.o
LOAD build/src/scheduler.o
LOAD build/src/thread.o
LOAD build/src/timer.o
LOAD build/libcpu/arm/cortex-m3/cpuport.o
LOAD build/libcpu/arm/cortex-m3/context_gcc.o
LOAD build/libcpu/arm/common/backtrace.o
LOAD build/libcpu/arm/common/div0.o
LOAD build/libcpu/arm/common/showmem.o
LOAD build/components/libc/minilibc/ctype.o
LOAD build/components/libc/minilibc/math.o
LOAD build/components/libc/minilibc/qsort.o
LOAD build/components/libc/minilibc/rand.o
LOAD build/components/libc/minilibc/stdlib.o
LOAD build/components/libc/minilibc/string.o
LOAD build/components/libc/minilibc/time.o
LOAD build/components/finsh/cmd.o
LOAD build/components/finsh/finsh_compiler.o
LOAD build/components/finsh/finsh_error.o
LOAD build/components/finsh/finsh_heap.o
LOAD build/components/finsh/finsh_init.o
LOAD build/components/finsh/finsh_node.o
LOAD build/components/finsh/finsh_ops.o
LOAD build/components/finsh/finsh_parser.o
LOAD build/components/finsh/finsh_token.o
LOAD build/components/finsh/finsh_var.o
LOAD build/components/finsh/finsh_vm.o
LOAD build/components/finsh/msh.o
LOAD build/components/finsh/msh_cmd.o
LOAD build/components/finsh/shell.o
LOAD build/components/finsh/symbol.o
LOAD build/components/drivers/serial/serial.o
LOAD build/components/drivers/src/completion.o
LOAD build/components/drivers/src/dataqueue.o
LOAD build/components/drivers/src/pipe.o
LOAD build/components/drivers/src/portal.o
LOAD build/components/drivers/src/ringbuffer.o
LOAD build/components/dfs/src/dfs.o
LOAD build/components/dfs/src/dfs_fs.o
LOAD build/components/dfs/src/dfs_file.o
LOAD build/components/dfs/src/dfs_posix.o
LOAD build/components/dfs/filesystems/elmfat/dfs_elm.o
LOAD build/components/dfs/filesystems/elmfat/ff.o
LOAD build/components/init/components.o
START GROUP
LOAD /home/ptz/opt/sourcery/arm-none-eabi-gcc/arm-2012.09/bin/../lib/gcc/arm-none-eabi/4.7.2/thumb2/libgcc.a
LOAD /home/ptz/opt/sourcery/arm-none-eabi-gcc/arm-2012.09/bin/../lib/gcc/arm-none-eabi/4.7.2/../../../../arm-none-eabi/lib/thumb2/libc.a
END GROUP
LOAD /home/ptz/opt/sourcery/arm-none-eabi-gcc/arm-2012.09/bin/../lib/gcc/arm-none-eabi/4.7.2/thumb2/crtend.o
LOAD /home/ptz/opt/sourcery/arm-none-eabi-gcc/arm-2012.09/bin/../lib/gcc/arm-none-eabi/4.7.2/thumb2/crtn.o
                0x00000100                _system_stack_size = 0x100

.text           0x08000000    0x1f158
                0x08000000                . = ALIGN (0x4)
                0x08000000                _stext = .
 *(.isr_vector)
 .isr_vector    0x08000000      0x1e4 build/Libraries/CMSIS/CM3/DeviceSupport/ST/STM32F10x/startup/gcc_ride7/startup_stm32f10x_hd.o
                0x08000000                g_pfnVectors
                0x080001e4                . = ALIGN (0x4)
 *(.text)
 .text          0x080001e4      0x100 build/libcpu/arm/cortex-m3/context_gcc.o
                0x080001e4                rt_hw_interrupt_disable
                0x080001ec                rt_hw_interrupt_enable
                0x080001f2                rt_hw_context_switch_interrupt
                0x080001f2                rt_hw_context_switch
                0x08000212                PendSV_Handler
                0x0800024e                rt_hw_context_switch_to
                0x08000284                rt_hw_interrupt_thread_switch
                0x08000288                HardFault_Handler
                0x080002bc                rt_hw_interrupt_check
 *(.text.*)
 .text.SystemInit
                0x080002e4       0x68 build/Libraries/CMSIS/CM3/DeviceSupport/ST/STM32F10x/system_stm32f10x.o
                0x080002e4                SystemInit
 .text.SetSysClock
                0x0800034c        0xc build/Libraries/CMSIS/CM3/DeviceSupport/ST/STM32F10x/system_stm32f10x.o
 .text.SetSysClockTo72
                0x08000358      0x108 build/Libraries/CMSIS/CM3/DeviceSupport/ST/STM32F10x/system_stm32f10x.o
 .text.RCC_GetClocksFreq
                0x08000460      0x17c build/Libraries/STM32F10x_StdPeriph_Driver/src/stm32f10x_rcc.o
                0x08000460                RCC_GetClocksFreq
 .text.RCC_AHBPeriphClockCmd
                0x080005dc       0x74 build/Libraries/STM32F10x_StdPeriph_Driver/src/stm32f10x_rcc.o
                0x080005dc                RCC_AHBPeriphClockCmd
 .text.RCC_APB2PeriphClockCmd
                0x08000650       0x74 build/Libraries/STM32F10x_StdPeriph_Driver/src/stm32f10x_rcc.o
                0x08000650                RCC_APB2PeriphClockCmd
 .text.RCC_APB1PeriphClockCmd
                0x080006c4       0x74 build/Libraries/STM32F10x_StdPeriph_Driver/src/stm32f10x_rcc.o
                0x080006c4                RCC_APB1PeriphClockCmd
 .text.SDIO_DeInit
                0x08000738       0x58 build/Libraries/STM32F10x_StdPeriph_Driver/src/stm32f10x_sdio.o
                0x08000738                SDIO_DeInit
 .text.SDIO_Init
                0x08000790       0xf8 build/Libraries/STM32F10x_StdPeriph_Driver/src/stm32f10x_sdio.o
                0x08000790                SDIO_Init
 .text.SDIO_ClockCmd
                0x08000888       0x38 build/Libraries/STM32F10x_StdPeriph_Driver/src/stm32f10x_sdio.o
                0x08000888                SDIO_ClockCmd
 .text.SDIO_SetPowerState
                0x080008c0       0x48 build/Libraries/STM32F10x_StdPeriph_Driver/src/stm32f10x_sdio.o
                0x080008c0                SDIO_SetPowerState
 .text.SDIO_GetPowerState
                0x08000908       0x18 build/Libraries/STM32F10x_StdPeriph_Driver/src/stm32f10x_sdio.o
                0x08000908                SDIO_GetPowerState
 .text.SDIO_ITConfig
                0x08000920       0x70 build/Libraries/STM32F10x_StdPeriph_Driver/src/stm32f10x_sdio.o
                0x08000920                SDIO_ITConfig
 .text.SDIO_DMACmd
                0x08000990       0x38 build/Libraries/STM32F10x_StdPeriph_Driver/src/stm32f10x_sdio.o
                0x08000990                SDIO_DMACmd
 .text.SDIO_SendCommand
                0x080009c8       0xd0 build/Libraries/STM32F10x_StdPeriph_Driver/src/stm32f10x_sdio.o
                0x080009c8                SDIO_SendCommand
 .text.SDIO_GetCommandResponse
                0x08000a98       0x18 build/Libraries/STM32F10x_StdPeriph_Driver/src/stm32f10x_sdio.o
                0x08000a98                SDIO_GetCommandResponse
 .text.SDIO_GetResponse
                0x08000ab0       0x50 build/Libraries/STM32F10x_StdPeriph_Driver/src/stm32f10x_sdio.o
                0x08000ab0                SDIO_GetResponse
 .text.SDIO_DataConfig
                0x08000b00      0x144 build/Libraries/STM32F10x_StdPeriph_Driver/src/stm32f10x_sdio.o
                0x08000b00                SDIO_DataConfig
 .text.SDIO_ReadData
                0x08000c44       0x18 build/Libraries/STM32F10x_StdPeriph_Driver/src/stm32f10x_sdio.o
                0x08000c44                SDIO_ReadData
 .text.SDIO_WriteData
                0x08000c5c       0x20 build/Libraries/STM32F10x_StdPeriph_Driver/src/stm32f10x_sdio.o
                0x08000c5c                SDIO_WriteData
 .text.SDIO_GetFlagStatus
                0x08000c7c       0xf8 build/Libraries/STM32F10x_StdPeriph_Driver/src/stm32f10x_sdio.o
                0x08000c7c                SDIO_GetFlagStatus
 .text.SDIO_ClearFlag
                0x08000d74       0x3c build/Libraries/STM32F10x_StdPeriph_Driver/src/stm32f10x_sdio.o
                0x08000d74                SDIO_ClearFlag
 .text.SDIO_GetITStatus
                0x08000db0       0xf8 build/Libraries/STM32F10x_StdPeriph_Driver/src/stm32f10x_sdio.o
                0x08000db0                SDIO_GetITStatus
 .text.SDIO_ClearITPendingBit
                0x08000ea8       0x3c build/Libraries/STM32F10x_StdPeriph_Driver/src/stm32f10x_sdio.o
                0x08000ea8                SDIO_ClearITPendingBit
 .text.GPIO_Init
                0x08000ee4      0x290 build/Libraries/STM32F10x_StdPeriph_Driver/src/stm32f10x_gpio.o
                0x08000ee4                GPIO_Init
 .text.GPIO_SetBits
                0x08001174       0x8c build/Libraries/STM32F10x_StdPeriph_Driver/src/stm32f10x_gpio.o
                0x08001174                GPIO_SetBits
 .text.GPIO_ResetBits
                0x08001200       0x8c build/Libraries/STM32F10x_StdPeriph_Driver/src/stm32f10x_gpio.o
                0x08001200                GPIO_ResetBits
 .text.USART_Init
                0x0800128c      0x2f4 build/Libraries/STM32F10x_StdPeriph_Driver/src/stm32f10x_usart.o
                0x0800128c                USART_Init
 .text.USART_Cmd
                0x08001580       0x9c build/Libraries/STM32F10x_StdPeriph_Driver/src/stm32f10x_usart.o
                0x08001580                USART_Cmd
 .text.USART_ITConfig
                0x0800161c      0x180 build/Libraries/STM32F10x_StdPeriph_Driver/src/stm32f10x_usart.o
                0x0800161c                USART_ITConfig
 .text.USART_GetITStatus
                0x0800179c      0x19c build/Libraries/STM32F10x_StdPeriph_Driver/src/stm32f10x_usart.o
                0x0800179c                USART_GetITStatus
 .text.USART_ClearITPendingBit
                0x08001938       0xe8 build/Libraries/STM32F10x_StdPeriph_Driver/src/stm32f10x_usart.o
                0x08001938                USART_ClearITPendingBit
 .text.DMA_Init
                0x08001a20      0x238 build/Libraries/STM32F10x_StdPeriph_Driver/src/stm32f10x_dma.o
                0x08001a20                DMA_Init
 .text.DMA_Cmd  0x08001c58       0xec build/Libraries/STM32F10x_StdPeriph_Driver/src/stm32f10x_dma.o
                0x08001c58                DMA_Cmd
 .text.DMA_GetFlagStatus
                0x08001d44      0x244 build/Libraries/STM32F10x_StdPeriph_Driver/src/stm32f10x_dma.o
                0x08001d44                DMA_GetFlagStatus
 .text.DMA_ClearFlag
                0x08001f88       0x5c build/Libraries/STM32F10x_StdPeriph_Driver/src/stm32f10x_dma.o
                0x08001f88                DMA_ClearFlag
 .text.NVIC_Init
                0x08001fe4      0x114 build/Libraries/STM32F10x_StdPeriph_Driver/src/misc.o
                0x08001fe4                NVIC_Init
 .text.NVIC_SetVectorTable
                0x080020f8       0x5c build/Libraries/STM32F10x_StdPeriph_Driver/src/misc.o
                0x080020f8                NVIC_SetVectorTable
 .text.Reset_Handler
                0x08002154       0x4c build/Libraries/CMSIS/CM3/DeviceSupport/ST/STM32F10x/startup/gcc_ride7/startup_stm32f10x_hd.o
                0x08002154                Reset_Handler
 .text.Default_Handler
                0x080021a0        0x4 build/Libraries/CMSIS/CM3/DeviceSupport/ST/STM32F10x/startup/gcc_ride7/startup_stm32f10x_hd.o
                0x080021a0                EXTI2_IRQHandler
                0x080021a0                TIM8_TRG_COM_IRQHandler
                0x080021a0                TIM8_CC_IRQHandler
                0x080021a0                TIM1_CC_IRQHandler
                0x080021a0                TIM6_IRQHandler
                0x080021a0                PVD_IRQHandler
                0x080021a0                EXTI3_IRQHandler
                0x080021a0                EXTI0_IRQHandler
                0x080021a0                I2C2_EV_IRQHandler
                0x080021a0                ADC1_2_IRQHandler
                0x080021a0                SPI1_IRQHandler
                0x080021a0                TAMPER_IRQHandler
                0x080021a0                TIM8_UP_IRQHandler
                0x080021a0                DMA2_Channel2_IRQHandler
                0x080021a0                DMA1_Channel4_IRQHandler
                0x080021a0                RTC_IRQHandler
                0x080021a0                DMA1_Channel7_IRQHandler
                0x080021a0                CAN1_RX1_IRQHandler
                0x080021a0                UART5_IRQHandler
                0x080021a0                ADC3_IRQHandler
                0x080021a0                TIM4_IRQHandler
                0x080021a0                DMA2_Channel1_IRQHandler
                0x080021a0                I2C1_EV_IRQHandler
                0x080021a0                DMA1_Channel6_IRQHandler
                0x080021a0                UART4_IRQHandler
                0x080021a0                TIM3_IRQHandler
                0x080021a0                RCC_IRQHandler
                0x080021a0                TIM1_TRG_COM_IRQHandler
                0x080021a0                DMA1_Channel1_IRQHandler
                0x080021a0                Default_Handler
                0x080021a0                EXTI15_10_IRQHandler
                0x080021a0                TIM7_IRQHandler
                0x080021a0                TIM5_IRQHandler
                0x080021a0                EXTI9_5_IRQHandler
                0x080021a0                SPI2_IRQHandler
                0x080021a0                DMA1_Channel5_IRQHandler
                0x080021a0                EXTI4_IRQHandler
                0x080021a0                USB_LP_CAN1_RX0_IRQHandler
                0x080021a0                USB_HP_CAN1_TX_IRQHandler
                0x080021a0                DMA1_Channel3_IRQHandler
                0x080021a0                FSMC_IRQHandler
                0x080021a0                TIM1_UP_IRQHandler
                0x080021a0                WWDG_IRQHandler
                0x080021a0                TIM2_IRQHandler
                0x080021a0                TIM1_BRK_IRQHandler
                0x080021a0                EXTI1_IRQHandler
                0x080021a0                RTCAlarm_IRQHandler
                0x080021a0                DMA2_Channel4_5_IRQHandler
                0x080021a0                I2C2_ER_IRQHandler
                0x080021a0                DMA1_Channel2_IRQHandler
                0x080021a0                TIM8_BRK_IRQHandler
                0x080021a0                CAN1_SCE_IRQHandler
                0x080021a0                FLASH_IRQHandler
                0x080021a0                USART1_IRQHandler
                0x080021a0                SPI3_IRQHandler
                0x080021a0                I2C1_ER_IRQHandler
                0x080021a0                USBWakeUp_IRQHandler
                0x080021a0                DMA2_Channel3_IRQHandler
 .text.led_thread_entry
                0x080021a4       0x3c build/applications/application.o
 .text.rt_init_thread_entry
                0x080021e0       0x5c build/applications/application.o
                0x080021e0                rt_init_thread_entry
 .text.thread1_entry
                0x0800223c      0x168 build/applications/application.o
 .text.rt_application_init
                0x080023a4       0xd4 build/applications/application.o
                0x080023a4                rt_application_init
 .text.assert_failed
                0x08002478       0x30 build/applications/startup.o
                0x08002478                assert_failed
 .text.rtthread_startup
                0x080024a8       0x38 build/applications/startup.o
                0x080024a8                rtthread_startup
 .text.main     0x080024e0       0x14 build/applications/startup.o
                0x080024e0                main
 .text.NVIC_SetPriority
                0x080024f4       0x58 build/drivers/board.o
 .text.SysTick_Config
                0x0800254c       0x54 build/drivers/board.o
 .text.NVIC_Configuration
                0x080025a0       0x14 build/drivers/board.o
                0x080025a0                NVIC_Configuration
 .text.SysTick_Handler
                0x080025b4       0x14 build/drivers/board.o
                0x080025b4                SysTick_Handler
 .text.rt_hw_board_init
                0x080025c8       0x38 build/drivers/board.o
                0x080025c8                rt_hw_board_init
 .text.NMI_Handler
                0x08002600        0xc build/drivers/stm32f10x_it.o
                0x08002600                NMI_Handler
 .text.MemManage_Handler
                0x0800260c        0x8 build/drivers/stm32f10x_it.o
                0x0800260c                MemManage_Handler
 .text.BusFault_Handler
                0x08002614        0x8 build/drivers/stm32f10x_it.o
                0x08002614                BusFault_Handler
 .text.UsageFault_Handler
                0x0800261c        0x8 build/drivers/stm32f10x_it.o
                0x0800261c                UsageFault_Handler
 .text.SVC_Handler
                0x08002624        0xc build/drivers/stm32f10x_it.o
                0x08002624                SVC_Handler
 .text.DebugMon_Handler
                0x08002630        0xc build/drivers/stm32f10x_it.o
                0x08002630                DebugMon_Handler
 .text.rt_hw_led_init
                0x0800263c       0x30 build/drivers/led.o
                0x0800263c                rt_hw_led_init
 .text.rt_hw_led_on
                0x0800266c       0x28 build/drivers/led.o
                0x0800266c                rt_hw_led_on
 .text.rt_hw_led_off
                0x08002694       0x28 build/drivers/led.o
                0x08002694                rt_hw_led_off
 .text.led      0x080026bc       0x7c build/drivers/led.o
                0x080026bc                led
 .text.NVIC_EnableIRQ
                0x08002738       0x34 build/drivers/usart.o
 .text.NVIC_DisableIRQ
                0x0800276c       0x38 build/drivers/usart.o
 .text.stm32_configure
                0x080027a4       0xf8 build/drivers/usart.o
 .text.stm32_control
                0x0800289c       0x74 build/drivers/usart.o
 .text.stm32_putc
                0x08002910       0x6c build/drivers/usart.o
 .text.stm32_getc
                0x0800297c       0x6c build/drivers/usart.o
 .text.USART2_IRQHandler
                0x080029e8       0x6c build/drivers/usart.o
                0x080029e8                USART2_IRQHandler
 .text.USART3_IRQHandler
                0x08002a54       0x6c build/drivers/usart.o
                0x08002a54                USART3_IRQHandler
 .text.RCC_Configuration
                0x08002ac0       0x38 build/drivers/usart.o
 .text.GPIO_Configuration
                0x08002af8       0x7c build/drivers/usart.o
 .text.NVIC_Configuration
                0x08002b74       0x34 build/drivers/usart.o
 .text.rt_hw_usart_init
                0x08002ba8       0xc4 build/drivers/usart.o
                0x08002ba8                rt_hw_usart_init
 .text.SD_Init  0x08002c6c       0x98 build/drivers/sdcard.o
                0x08002c6c                SD_Init
 .text.SD_PowerON
                0x08002d04      0x33c build/drivers/sdcard.o
                0x08002d04                SD_PowerON
 .text.SD_InitializeCards
                0x08003040      0x210 build/drivers/sdcard.o
                0x08003040                SD_InitializeCards
 .text.SD_GetCardInfo
                0x08003250      0x60c build/drivers/sdcard.o
                0x08003250                SD_GetCardInfo
 .text.SD_EnableWideBusOperation
                0x0800385c       0xf8 build/drivers/sdcard.o
                0x0800385c                SD_EnableWideBusOperation
 .text.SD_SetDeviceMode
                0x08003954       0x40 build/drivers/sdcard.o
                0x08003954                SD_SetDeviceMode
 .text.SD_SelectDeselect
                0x08003994       0x58 build/drivers/sdcard.o
                0x08003994                SD_SelectDeselect
 .text.SD_ReadBlock
                0x080039ec      0x3c0 build/drivers/sdcard.o
                0x080039ec                SD_ReadBlock
 .text.SD_ReadMultiBlocks
                0x08003dac      0x4a0 build/drivers/sdcard.o
                0x08003dac                SD_ReadMultiBlocks
 .text.SD_WriteBlock
                0x0800424c      0x548 build/drivers/sdcard.o
                0x0800424c                SD_WriteBlock
 .text.SD_WriteMultiBlocks
                0x08004794      0x614 build/drivers/sdcard.o
                0x08004794                SD_WriteMultiBlocks
 .text.SD_StopTransfer
                0x08004da8       0x58 build/drivers/sdcard.o
                0x08004da8                SD_StopTransfer
 .text.SD_ProcessIRQSrc
                0x08004e00      0x330 build/drivers/sdcard.o
                0x08004e00                SD_ProcessIRQSrc
 .text.CmdError
                0x08005130       0x54 build/drivers/sdcard.o
 .text.CmdResp7Error
                0x08005184       0x88 build/drivers/sdcard.o
 .text.CmdResp1Error
                0x0800520c      0x1d8 build/drivers/sdcard.o
 .text.CmdResp3Error
                0x080053e4       0x58 build/drivers/sdcard.o
 .text.CmdResp2Error
                0x0800543c       0x74 build/drivers/sdcard.o
 .text.CmdResp6Error
                0x080054b0       0xe4 build/drivers/sdcard.o
 .text.SDEnWideBus
                0x08005594      0x1b8 build/drivers/sdcard.o
 .text.IsCardProgramming
                0x0800574c      0x230 build/drivers/sdcard.o
 .text.FindSCR  0x0800597c      0x278 build/drivers/sdcard.o
 .text.convert_from_bytes_to_power_of_two
                0x08005bf4       0x38 build/drivers/sdcard.o
 .text.GPIO_Configuration
                0x08005c2c       0x54 build/drivers/sdcard.o
 .text.DMA_TxConfiguration
                0x08005c80       0x84 build/drivers/sdcard.o
 .text.DMA_RxConfiguration
                0x08005d04       0x84 build/drivers/sdcard.o
 .text.rt_sdcard_init
                0x08005d88       0x60 build/drivers/sdcard.o
 .text.rt_sdcard_open
                0x08005de8       0x1c build/drivers/sdcard.o
 .text.rt_sdcard_close
                0x08005e04       0x18 build/drivers/sdcard.o
 .text.rt_sdcard_read
                0x08005e1c      0x148 build/drivers/sdcard.o
 .text.rt_sdcard_write
                0x08005f64      0x128 build/drivers/sdcard.o
 .text.rt_sdcard_control
                0x0800608c       0xa4 build/drivers/sdcard.o
 .text.rt_hw_sdcard_init
                0x08006130      0x188 build/drivers/sdcard.o
                0x08006130                rt_hw_sdcard_init
 .text.SDIO_IRQHandler
                0x080062b8       0x14 build/drivers/sdcard.o
                0x080062b8                SDIO_IRQHandler
 .text.BUZZER_Init
                0x080062cc       0x3c build/drv/buzzer/buzzer.o
                0x080062cc                BUZZER_Init
 .text.UC1701_Byte
                0x08006308       0x78 build/drv/display/uc1701/jlx128640/pump-one/uc1701.o
 .text.UC1701_Cmd
                0x08006380       0x2c build/drv/display/uc1701/jlx128640/pump-one/uc1701.o
 .text.UC1701_PageGet
                0x080063ac       0x34 build/drv/display/uc1701/jlx128640/pump-one/uc1701.o
 .text.UC1701_CorSet
                0x080063e0       0x60 build/drv/display/uc1701/jlx128640/pump-one/uc1701.o
 .text.UC1701_WriteByte
                0x08006440       0x68 build/drv/display/uc1701/jlx128640/pump-one/uc1701.o
 .text.UC1701_ReadByte
                0x080064a8       0x38 build/drv/display/uc1701/jlx128640/pump-one/uc1701.o
 .text.UC1701_Read
                0x080064e0       0x64 build/drv/display/uc1701/jlx128640/pump-one/uc1701.o
 .text.UC1701_Write
                0x08006544       0x88 build/drv/display/uc1701/jlx128640/pump-one/uc1701.o
 .text.UC1701_DrawHorLinSet
                0x080065cc       0xb4 build/drv/display/uc1701/jlx128640/pump-one/uc1701.o
                0x080065cc                UC1701_DrawHorLinSet
 .text.UC1701_DrawVerLinSet
                0x08006680      0x15c build/drv/display/uc1701/jlx128640/pump-one/uc1701.o
                0x08006680                UC1701_DrawVerLinSet
 .text.UC1701_DrawRecSet
                0x080067dc       0x58 build/drv/display/uc1701/jlx128640/pump-one/uc1701.o
                0x080067dc                UC1701_DrawRecSet
 .text.UC1701_FillRecClr
                0x08006834      0x24c build/drv/display/uc1701/jlx128640/pump-one/uc1701.o
                0x08006834                UC1701_FillRecClr
 .text.UC1701_RevRec
                0x08006a80      0x254 build/drv/display/uc1701/jlx128640/pump-one/uc1701.o
                0x08006a80                UC1701_RevRec
 .text.UC1701_CharSet
                0x08006cd4      0x784 build/drv/display/uc1701/jlx128640/pump-one/uc1701.o
                0x08006cd4                UC1701_CharSet
 .text.UC1701_DisClr
                0x08007458       0x50 build/drv/display/uc1701/jlx128640/pump-one/uc1701.o
                0x08007458                UC1701_DisClr
 .text.UC1701_CorCvt
                0x080074a8       0x4c build/drv/display/uc1701/jlx128640/pump-one/uc1701.o
                0x080074a8                UC1701_CorCvt
 .text.UC1701_RegInit
                0x080074f4       0x84 build/drv/display/uc1701/jlx128640/pump-one/uc1701.o
 .text.UC1701_PinInit
                0x08007578       0xcc build/drv/display/uc1701/jlx128640/pump-one/uc1701.o
 .text.UC1701_Init
                0x08007644       0x1c build/drv/display/uc1701/jlx128640/pump-one/uc1701.o
                0x08007644                UC1701_Init
 .text.NumTurn16
                0x08007660      0x268 build/drv/display/uc1701/jlx128640/pump-one/display_uc1701.o
 .text.DisStr   0x080078c8       0x74 build/drv/display/uc1701/jlx128640/pump-one/display_uc1701.o
                0x080078c8                DisStr
 .text.DisStrEx
                0x0800793c       0xc8 build/drv/display/uc1701/jlx128640/pump-one/display_uc1701.o
                0x0800793c                DisStrEx
 .text.DisNum   0x08007a04       0x4c build/drv/display/uc1701/jlx128640/pump-one/display_uc1701.o
                0x08007a04                DisNum
 .text.DisNum16x32
                0x08007a50       0x3c build/drv/display/uc1701/jlx128640/pump-one/display_uc1701.o
                0x08007a50                DisNum16x32
 .text.DisUnit  0x08007a8c       0x40 build/drv/display/uc1701/jlx128640/pump-one/display_uc1701.o
                0x08007a8c                DisUnit
 .text.DisGasName
                0x08007acc       0x58 build/drv/display/uc1701/jlx128640/pump-one/display_uc1701.o
                0x08007acc                DisGasName
 .text.DisStat  0x08007b24       0x40 build/drv/display/uc1701/jlx128640/pump-one/display_uc1701.o
                0x08007b24                DisStat
 .text.DisSymCor
                0x08007b64       0x34 build/drv/display/uc1701/jlx128640/pump-one/display_uc1701.o
                0x08007b64                DisSymCor
 .text.DisSymAlar
                0x08007b98       0x40 build/drv/display/uc1701/jlx128640/pump-one/display_uc1701.o
                0x08007b98                DisSymAlar
 .text.DisSymAlarRev
                0x08007bd8       0x34 build/drv/display/uc1701/jlx128640/pump-one/display_uc1701.o
                0x08007bd8                DisSymAlarRev
 .text.DisSymFan
                0x08007c0c       0x34 build/drv/display/uc1701/jlx128640/pump-one/display_uc1701.o
                0x08007c0c                DisSymFan
 .text.DisSymChar
                0x08007c40       0x34 build/drv/display/uc1701/jlx128640/pump-one/display_uc1701.o
                0x08007c40                DisSymChar
 .text.DisSymBat
                0x08007c74      0x114 build/drv/display/uc1701/jlx128640/pump-one/display_uc1701.o
                0x08007c74                DisSymBat
 .text.DisRecSet
                0x08007d88       0x44 build/drv/display/uc1701/jlx128640/pump-one/display_uc1701.o
                0x08007d88                DisRecSet
 .text.DisRecRev
                0x08007dcc       0x44 build/drv/display/uc1701/jlx128640/pump-one/display_uc1701.o
                0x08007dcc                DisRecRev
 .text.DisCharSet
                0x08007e10       0x40 build/drv/display/uc1701/jlx128640/pump-one/display_uc1701.o
                0x08007e10                DisCharSet
 .text.DisInit  0x08007e50        0xc build/drv/display/uc1701/jlx128640/pump-one/display_uc1701.o
                0x08007e50                DisInit
 .text.CharSwap
                0x08007e5c       0x6c build/lib/sort/char_swap/char_swap.o
                0x08007e5c                CharSwap
 .text.rt_tick_get
                0x08007ec8       0x14 build/src/clock.o
                0x08007ec8                rt_tick_get
 .text.rt_tick_increase
                0x08007edc       0x48 build/src/clock.o
                0x08007edc                rt_tick_increase
 .text.rt_device_register
                0x08007f24       0x58 build/src/device.o
                0x08007f24                rt_device_register
 .text.rt_device_find
                0x08007f7c       0x84 build/src/device.o
                0x08007f7c                rt_device_find
 .text.rt_device_open
                0x08008000      0x118 build/src/device.o
                0x08008000                rt_device_open
 .text.rt_device_close
                0x08008118       0x9c build/src/device.o
                0x08008118                rt_device_close
 .text.rt_device_read
                0x080081b4       0x84 build/src/device.o
                0x080081b4                rt_device_read
 .text.rt_device_write
                0x08008238       0x84 build/src/device.o
                0x08008238                rt_device_write
 .text.rt_device_control
                0x080082bc       0x64 build/src/device.o
                0x080082bc                rt_device_control
 .text.rt_device_set_rx_indicate
                0x08008320       0x4c build/src/device.o
                0x08008320                rt_device_set_rx_indicate
 .text.rt_list_remove
                0x0800836c       0x34 build/src/idle.o
 .text.rt_list_isempty
                0x080083a0       0x24 build/src/idle.o
 .text.rt_thread_idle_excute
                0x080083c4       0xd4 build/src/idle.o
                0x080083c4                rt_thread_idle_excute
 .text.rt_thread_idle_entry
                0x08008498       0x20 build/src/idle.o
 .text.rt_thread_idle_init
                0x080084b8       0x44 build/src/idle.o
                0x080084b8                rt_thread_idle_init
 .text.rt_list_init
                0x080084fc       0x20 build/src/ipc.o
 .text.rt_list_insert_before
                0x0800851c       0x30 build/src/ipc.o
 .text.rt_list_isempty
                0x0800854c       0x24 build/src/ipc.o
 .text.rt_ipc_object_init
                0x08008570       0x24 build/src/ipc.o
 .text.rt_ipc_list_suspend
                0x08008594       0x9c build/src/ipc.o
 .text.rt_ipc_list_resume
                0x08008630       0x28 build/src/ipc.o
 .text.rt_ipc_list_resume_all
                0x08008658       0x4c build/src/ipc.o
 .text.rt_sem_init
                0x080086a4       0x70 build/src/ipc.o
                0x080086a4                rt_sem_init
 .text.rt_sem_take
                0x08008714      0x188 build/src/ipc.o
                0x08008714                rt_sem_take
 .text.rt_sem_release
                0x0800889c       0x78 build/src/ipc.o
                0x0800889c                rt_sem_release
 .text.rt_mutex_init
                0x08008914       0x88 build/src/ipc.o
                0x08008914                rt_mutex_init
 .text.rt_mutex_create
                0x0800899c       0xa8 build/src/ipc.o
                0x0800899c                rt_mutex_create
 .text.rt_mutex_delete
                0x08008a44       0x9c build/src/ipc.o
                0x08008a44                rt_mutex_delete
 .text.rt_mutex_take
                0x08008ae0      0x1f8 build/src/ipc.o
                0x08008ae0                rt_mutex_take
 .text.rt_mutex_release
                0x08008cd8      0x19c build/src/ipc.o
                0x08008cd8                rt_mutex_release
 .text.rt_interrupt_enter
                0x08008e74       0x30 build/src/irq.o
                0x08008e74                rt_interrupt_enter
 .text.rt_interrupt_leave
                0x08008ea4       0x30 build/src/irq.o
                0x08008ea4                rt_interrupt_leave
 .text.rt_interrupt_get_nest
                0x08008ed4       0x18 build/src/irq.o
                0x08008ed4                rt_interrupt_get_nest
 .text.rt_set_errno
                0x08008eec       0x40 build/src/kservice.o
                0x08008eec                rt_set_errno
 .text.rt_memset
                0x08008f2c       0xe8 build/src/kservice.o
                0x08008f2c                memset
                0x08008f2c                rt_memset
 .text.rt_memcpy
                0x08009014      0x118 build/src/kservice.o
                0x08009014                memcpy
                0x08009014                rt_memcpy
 .text.rt_memmove
                0x0800912c       0xb0 build/src/kservice.o
                0x0800912c                memmove
                0x0800912c                rt_memmove
 .text.rt_strncpy
                0x080091dc       0x84 build/src/kservice.o
                0x080091dc                rt_strncpy
 .text.rt_strncmp
                0x08009260       0x70 build/src/kservice.o
                0x08009260                rt_strncmp
 .text.rt_strlen
                0x080092d0       0x30 build/src/kservice.o
                0x080092d0                rt_strlen
                0x080092d0                strlen
 .text.rt_strdup
                0x08009300       0x40 build/src/kservice.o
                0x08009300                strdup
                0x08009300                rt_strdup
 .text.rt_show_version
                0x08009340       0x48 build/src/kservice.o
                0x08009340                rt_show_version
 .text.divide   0x08009388       0x74 build/src/kservice.o
 .text.skip_atoi
                0x080093fc       0x4c build/src/kservice.o
 .text.print_number
                0x08009448      0x240 build/src/kservice.o
 .text.rt_vsnprintf
                0x08009688      0x5d0 build/src/kservice.o
                0x08009688                rt_vsnprintf
 .text.rt_snprintf
                0x08009c58       0x34 build/src/kservice.o
                0x08009c58                snprintf
                0x08009c58                rt_snprintf
 .text.rt_console_get_device
                0x08009c8c       0x14 build/src/kservice.o
                0x08009c8c                rt_console_get_device
 .text.rt_console_set_device
                0x08009ca0       0x54 build/src/kservice.o
                0x08009ca0                rt_console_set_device
 .text.rt_hw_console_output
                0x08009cf4       0x14 build/src/kservice.o
                0x08009cf4                rt_hw_console_output
 .text.rt_kprintf
                0x08009d08       0x88 build/src/kservice.o
                0x08009d08                rt_kprintf
 .text.__rt_ffs
                0x08009d90       0x84 build/src/kservice.o
                0x08009d90                __rt_ffs
 .text.plug_holes
                0x08009e14      0x13c build/src/mem.o
 .text.rt_system_heap_init
                0x08009f50      0x144 build/src/mem.o
                0x08009f50                rt_system_heap_init
 .text.rt_malloc
                0x0800a094      0x31c build/src/mem.o
                0x0800a094                rt_malloc
 .text.rt_free  0x0800a3b0      0x1b0 build/src/mem.o
                0x0800a3b0                rt_free
 .text.list_mem
                0x0800a560       0x44 build/src/mem.o
                0x0800a560                list_mem
 .text.rt_list_insert_after
                0x0800a5a4       0x30 build/src/object.o
 .text.rt_list_remove
                0x0800a5d4       0x34 build/src/object.o
 .text.rt_object_init
                0x0800a608       0x74 build/src/object.o
                0x0800a608                rt_object_init
 .text.rt_object_detach
                0x0800a67c       0x6c build/src/object.o
                0x0800a67c                rt_object_detach
 .text.rt_object_allocate
                0x0800a6e8       0xdc build/src/object.o
                0x0800a6e8                rt_object_allocate
 .text.rt_object_delete
                0x0800a7c4       0x9c build/src/object.o
                0x0800a7c4                rt_object_delete
 .text.rt_object_is_systemobject
                0x0800a860       0x58 build/src/object.o
                0x0800a860                rt_object_is_systemobject
 .text.rt_list_init
                0x0800a8b8       0x20 build/src/scheduler.o
 .text.rt_list_insert_before
                0x0800a8d8       0x30 build/src/scheduler.o
 .text.rt_list_remove
                0x0800a908       0x34 build/src/scheduler.o
 .text.rt_list_isempty
                0x0800a93c       0x24 build/src/scheduler.o
 .text._rt_scheduler_stack_check
                0x0800a960       0xa4 build/src/scheduler.o
 .text.rt_system_scheduler_init
                0x0800aa04       0x60 build/src/scheduler.o
                0x0800aa04                rt_system_scheduler_init
 .text.rt_system_scheduler_start
                0x0800aa64       0x3c build/src/scheduler.o
                0x0800aa64                rt_system_scheduler_start
 .text.rt_schedule
                0x0800aaa0       0xc8 build/src/scheduler.o
                0x0800aaa0                rt_schedule
 .text.rt_schedule_insert_thread
                0x0800ab68       0x88 build/src/scheduler.o
                0x0800ab68                rt_schedule_insert_thread
 .text.rt_schedule_remove_thread
                0x0800abf0       0x8c build/src/scheduler.o
                0x0800abf0                rt_schedule_remove_thread
 .text.rt_enter_critical
                0x0800ac7c       0x24 build/src/scheduler.o
                0x0800ac7c                rt_enter_critical
 .text.rt_exit_critical
                0x0800aca0       0x44 build/src/scheduler.o
                0x0800aca0                rt_exit_critical
 .text.rt_list_init
                0x0800ace4       0x20 build/src/thread.o
 .text.rt_list_insert_after
                0x0800ad04       0x30 build/src/thread.o
 .text.rt_list_insert_before
                0x0800ad34       0x30 build/src/thread.o
 .text.rt_list_remove
                0x0800ad64       0x34 build/src/thread.o
 .text.rt_thread_exit
                0x0800ad98       0x74 build/src/thread.o
 .text._rt_thread_init
                0x0800ae0c      0x118 build/src/thread.o
 .text.rt_thread_init
                0x0800af24       0x98 build/src/thread.o
                0x0800af24                rt_thread_init
 .text.rt_thread_self
                0x0800afbc       0x14 build/src/thread.o
                0x0800afbc                rt_thread_self
 .text.rt_thread_startup
                0x0800afd0       0xac build/src/thread.o
                0x0800afd0                rt_thread_startup
 .text.rt_thread_create
                0x0800b07c       0x6c build/src/thread.o
                0x0800b07c                rt_thread_create
 .text.rt_thread_delete
                0x0800b0e8       0x80 build/src/thread.o
                0x0800b0e8                rt_thread_delete
 .text.rt_thread_yield
                0x0800b168       0x7c build/src/thread.o
                0x0800b168                rt_thread_yield
 .text.rt_thread_sleep
                0x0800b1e4       0x98 build/src/thread.o
                0x0800b1e4                rt_thread_sleep
 .text.rt_thread_delay
                0x0800b27c       0x1c build/src/thread.o
                0x0800b27c                rt_thread_delay
 .text.rt_thread_control
                0x0800b298       0xd4 build/src/thread.o
                0x0800b298                rt_thread_control
 .text.rt_thread_suspend
                0x0800b36c       0x70 build/src/thread.o
                0x0800b36c                rt_thread_suspend
 .text.rt_thread_resume
                0x0800b3dc       0x80 build/src/thread.o
                0x0800b3dc                rt_thread_resume
 .text.rt_thread_timeout
                0x0800b45c       0x8c build/src/thread.o
                0x0800b45c                rt_thread_timeout
 .text.rt_list_init
                0x0800b4e8       0x20 build/src/timer.o
 .text.rt_list_insert_after
                0x0800b508       0x30 build/src/timer.o
 .text.rt_list_remove
                0x0800b538       0x34 build/src/timer.o
 .text.rt_list_isempty
                0x0800b56c       0x24 build/src/timer.o
 .text._rt_timer_init
                0x0800b590       0x74 build/src/timer.o
 .text._rt_timer_remove
                0x0800b604       0x40 build/src/timer.o
 .text.rt_timer_init
                0x0800b644       0x64 build/src/timer.o
                0x0800b644                rt_timer_init
 .text.rt_timer_detach
                0x0800b6a8       0x5c build/src/timer.o
                0x0800b6a8                rt_timer_detach
 .text.rt_timer_start
                0x0800b704      0x22c build/src/timer.o
                0x0800b704                rt_timer_start
 .text.rt_timer_stop
                0x0800b930       0x8c build/src/timer.o
                0x0800b930                rt_timer_stop
 .text.rt_timer_control
                0x0800b9bc       0x9c build/src/timer.o
                0x0800b9bc                rt_timer_control
 .text.rt_timer_check
                0x0800ba58       0xbc build/src/timer.o
                0x0800ba58                rt_timer_check
 .text.rt_system_timer_init
                0x0800bb14       0x38 build/src/timer.o
                0x0800bb14                rt_system_timer_init
 .text.rt_system_timer_thread_init
                0x0800bb4c        0xc build/src/timer.o
                0x0800bb4c                rt_system_timer_thread_init
 .text.rt_hw_stack_init
                0x0800bb58       0x9c build/libcpu/arm/cortex-m3/cpuport.o
                0x0800bb58                rt_hw_stack_init
 .text.usage_fault_track
                0x0800bbf4       0xc0 build/libcpu/arm/cortex-m3/cpuport.o
 .text.bus_fault_track
                0x0800bcb4       0xcc build/libcpu/arm/cortex-m3/cpuport.o
 .text.mem_manage_fault_track
                0x0800bd80       0xb4 build/libcpu/arm/cortex-m3/cpuport.o
 .text.hard_fault_track
                0x0800be34       0x74 build/libcpu/arm/cortex-m3/cpuport.o
 .text.rt_hw_hard_fault_exception
                0x0800bea8      0x16c build/libcpu/arm/cortex-m3/cpuport.o
                0x0800bea8                rt_hw_hard_fault_exception
 .text.atoi     0x0800c014       0xa0 build/components/libc/minilibc/stdlib.o
                0x0800c014                atoi
 .text.strncpy  0x0800c0b4       0x24 build/components/libc/minilibc/string.o
                0x0800c0b4                strncpy
 .text.strcmp   0x0800c0d8       0x48 build/components/libc/minilibc/string.o
                0x0800c0d8                strcmp
 .text.strncmp  0x0800c120       0x70 build/components/libc/minilibc/string.o
                0x0800c120                strncmp
 .text.__isleap
                0x0800c190       0x6c build/components/libc/minilibc/time.o
                0x0800c190                __isleap
 .text.mktime   0x0800c1fc      0x2bc build/components/libc/minilibc/time.o
                0x0800c1fc                mktime
 .text.rt_list_isempty
                0x0800c4b8       0x24 build/components/finsh/cmd.o
 .text.rt_list_len
                0x0800c4dc       0x3c build/components/finsh/cmd.o
 .text.hello    0x0800c518       0x18 build/components/finsh/cmd.o
                0x0800c518                hello
 .text.version  0x0800c530       0x10 build/components/finsh/cmd.o
                0x0800c530                version
 .text._list_thread
                0x0800c540      0x110 build/components/finsh/cmd.o
 .text.list_thread
                0x0800c650       0x14 build/components/finsh/cmd.o
                0x0800c650                list_thread
 .text.show_wait_queue
                0x0800c664       0x50 build/components/finsh/cmd.o
 .text._list_sem
                0x0800c6b4       0xc8 build/components/finsh/cmd.o
 .text.list_sem
                0x0800c77c       0x14 build/components/finsh/cmd.o
                0x0800c77c                list_sem
 .text._list_event
                0x0800c790       0xb0 build/components/finsh/cmd.o
 .text.list_event
                0x0800c840       0x14 build/components/finsh/cmd.o
                0x0800c840                list_event
 .text._list_mutex
                0x0800c854       0x80 build/components/finsh/cmd.o
 .text.list_mutex
                0x0800c8d4       0x14 build/components/finsh/cmd.o
                0x0800c8d4                list_mutex
 .text._list_mailbox
                0x0800c8e8       0xd8 build/components/finsh/cmd.o
 .text.list_mailbox
                0x0800c9c0       0x14 build/components/finsh/cmd.o
                0x0800c9c0                list_mailbox
 .text._list_msgqueue
                0x0800c9d4       0xc8 build/components/finsh/cmd.o
 .text.list_msgqueue
                0x0800ca9c       0x14 build/components/finsh/cmd.o
                0x0800ca9c                list_msgqueue
 .text._list_mempool
                0x0800cab0       0xb4 build/components/finsh/cmd.o
 .text.list_mempool
                0x0800cb64       0x14 build/components/finsh/cmd.o
                0x0800cb64                list_mempool
 .text._list_timer
                0x0800cb78       0x98 build/components/finsh/cmd.o
 .text.list_timer
                0x0800cc10       0x14 build/components/finsh/cmd.o
                0x0800cc10                list_timer
 .text._list_device
                0x0800cc24       0x90 build/components/finsh/cmd.o
 .text.list_device
                0x0800ccb4       0x14 build/components/finsh/cmd.o
                0x0800ccb4                list_device
 .text.list     0x0800ccc8      0x100 build/components/finsh/cmd.o
                0x0800ccc8                list
 .text.str_is_prefix
                0x0800cdc8       0x50 build/components/finsh/cmd.o
 .text.str_common
                0x0800ce18       0x50 build/components/finsh/cmd.o
 .text.list_prefix
                0x0800ce68      0x2b0 build/components/finsh/cmd.o
                0x0800ce68                list_prefix
 .text.finsh_compile
                0x0800d118     0x1cbc build/components/finsh/finsh_compiler.o
 .text.finsh_type_check
                0x0800edd4      0x24c build/components/finsh/finsh_compiler.o
 .text.finsh_compiler_run
                0x0800f020       0x98 build/components/finsh/finsh_compiler.o
                0x0800f020                finsh_compiler_run
 .text.finsh_error_init
                0x0800f0b8       0x1c build/components/finsh/finsh_error.o
                0x0800f0b8                finsh_error_init
 .text.finsh_error_set
                0x0800f0d4       0x24 build/components/finsh/finsh_error.o
                0x0800f0d4                finsh_error_set
 .text.finsh_errno
                0x0800f0f8       0x14 build/components/finsh/finsh_error.o
                0x0800f0f8                finsh_errno
 .text.finsh_error_string
                0x0800f10c       0x24 build/components/finsh/finsh_error.o
                0x0800f10c                finsh_error_string
 .text.finsh_heap_init
                0x0800f130       0x48 build/components/finsh/finsh_heap.o
                0x0800f130                finsh_heap_init
 .text.finsh_heap_allocate
                0x0800f178       0xb8 build/components/finsh/finsh_heap.o
                0x0800f178                finsh_heap_allocate
 .text.finsh_heap_free
                0x0800f230       0x38 build/components/finsh/finsh_heap.o
                0x0800f230                finsh_heap_free
 .text.finsh_heap_gc
                0x0800f268       0xa0 build/components/finsh/finsh_heap.o
 .text.finsh_block_insert
                0x0800f308       0x84 build/components/finsh/finsh_heap.o
 .text.finsh_block_remove
                0x0800f38c       0x5c build/components/finsh/finsh_heap.o
 .text.finsh_block_split
                0x0800f3e8       0x44 build/components/finsh/finsh_heap.o
 .text.finsh_block_merge
                0x0800f42c       0xf0 build/components/finsh/finsh_heap.o
 .text.finsh_init
                0x0800f51c       0x2c build/components/finsh/finsh_init.o
                0x0800f51c                finsh_init
 .text.finsh_stack_bottom
                0x0800f548       0x14 build/components/finsh/finsh_init.o
                0x0800f548                finsh_stack_bottom
 .text.finsh_flush
                0x0800f55c       0x24 build/components/finsh/finsh_init.o
                0x0800f55c                finsh_flush
 .text.finsh_node_init
                0x0800f580       0x20 build/components/finsh/finsh_node.o
                0x0800f580                finsh_node_init
 .text.finsh_node_allocate
                0x0800f5a0       0x80 build/components/finsh/finsh_node.o
                0x0800f5a0                finsh_node_allocate
 .text.finsh_node_new_id
                0x0800f620       0xc0 build/components/finsh/finsh_node.o
                0x0800f620                finsh_node_new_id
 .text.finsh_node_new_char
                0x0800f6e0       0x3c build/components/finsh/finsh_node.o
                0x0800f6e0                finsh_node_new_char
 .text.finsh_node_new_int
                0x0800f71c       0x38 build/components/finsh/finsh_node.o
                0x0800f71c                finsh_node_new_int
 .text.finsh_node_new_long
                0x0800f754       0x38 build/components/finsh/finsh_node.o
                0x0800f754                finsh_node_new_long
 .text.finsh_node_new_string
                0x0800f78c       0x74 build/components/finsh/finsh_node.o
                0x0800f78c                finsh_node_new_string
 .text.finsh_node_new_ptr
                0x0800f800       0x38 build/components/finsh/finsh_node.o
                0x0800f800                finsh_node_new_ptr
 .text.OP_no_op
                0x0800f838        0xc build/components/finsh/finsh_ops.o
                0x0800f838                OP_no_op
 .text.OP_add_byte
                0x0800f844       0x40 build/components/finsh/finsh_ops.o
                0x0800f844                OP_add_byte
 .text.OP_add_word
                0x0800f884       0x44 build/components/finsh/finsh_ops.o
                0x0800f884                OP_add_word
 .text.OP_add_dword
                0x0800f8c8       0x3c build/components/finsh/finsh_ops.o
                0x0800f8c8                OP_add_dword
 .text.OP_sub_byte
                0x0800f904       0x40 build/components/finsh/finsh_ops.o
                0x0800f904                OP_sub_byte
 .text.OP_sub_word
                0x0800f944       0x44 build/components/finsh/finsh_ops.o
                0x0800f944                OP_sub_word
 .text.OP_sub_dword
                0x0800f988       0x3c build/components/finsh/finsh_ops.o
                0x0800f988                OP_sub_dword
 .text.OP_div_byte
                0x0800f9c4       0x40 build/components/finsh/finsh_ops.o
                0x0800f9c4                OP_div_byte
 .text.OP_div_word
                0x0800fa04       0x44 build/components/finsh/finsh_ops.o
                0x0800fa04                OP_div_word
 .text.OP_div_dword
                0x0800fa48       0x40 build/components/finsh/finsh_ops.o
                0x0800fa48                OP_div_dword
 .text.OP_mod_byte
                0x0800fa88       0x48 build/components/finsh/finsh_ops.o
                0x0800fa88                OP_mod_byte
 .text.OP_mod_word
                0x0800fad0       0x4c build/components/finsh/finsh_ops.o
                0x0800fad0                OP_mod_word
 .text.OP_mod_dword
                0x0800fb1c       0x44 build/components/finsh/finsh_ops.o
                0x0800fb1c                OP_mod_dword
 .text.OP_mul_byte
                0x0800fb60       0x40 build/components/finsh/finsh_ops.o
                0x0800fb60                OP_mul_byte
 .text.OP_mul_word
                0x0800fba0       0x48 build/components/finsh/finsh_ops.o
                0x0800fba0                OP_mul_word
 .text.OP_mul_dword
                0x0800fbe8       0x40 build/components/finsh/finsh_ops.o
                0x0800fbe8                OP_mul_dword
 .text.OP_and_byte
                0x0800fc28       0x40 build/components/finsh/finsh_ops.o
                0x0800fc28                OP_and_byte
 .text.OP_and_word
                0x0800fc68       0x40 build/components/finsh/finsh_ops.o
                0x0800fc68                OP_and_word
 .text.OP_and_dword
                0x0800fca8       0x3c build/components/finsh/finsh_ops.o
                0x0800fca8                OP_and_dword
 .text.OP_or_byte
                0x0800fce4       0x40 build/components/finsh/finsh_ops.o
                0x0800fce4                OP_or_byte
 .text.OP_or_word
                0x0800fd24       0x40 build/components/finsh/finsh_ops.o
                0x0800fd24                OP_or_word
 .text.OP_or_dword
                0x0800fd64       0x3c build/components/finsh/finsh_ops.o
                0x0800fd64                OP_or_dword
 .text.OP_xor_byte
                0x0800fda0       0x40 build/components/finsh/finsh_ops.o
                0x0800fda0                OP_xor_byte
 .text.OP_xor_word
                0x0800fde0       0x40 build/components/finsh/finsh_ops.o
                0x0800fde0                OP_xor_word
 .text.OP_xor_dword
                0x0800fe20       0x3c build/components/finsh/finsh_ops.o
                0x0800fe20                OP_xor_dword
 .text.OP_bw_byte
                0x0800fe5c       0x2c build/components/finsh/finsh_ops.o
                0x0800fe5c                OP_bw_byte
 .text.OP_bw_word
                0x0800fe88       0x2c build/components/finsh/finsh_ops.o
                0x0800fe88                OP_bw_word
 .text.OP_bw_dword
                0x0800feb4       0x28 build/components/finsh/finsh_ops.o
                0x0800feb4                OP_bw_dword
 .text.OP_shl_byte
                0x0800fedc       0x44 build/components/finsh/finsh_ops.o
                0x0800fedc                OP_shl_byte
 .text.OP_shl_word
                0x0800ff20       0x44 build/components/finsh/finsh_ops.o
                0x0800ff20                OP_shl_word
 .text.OP_shl_dword
                0x0800ff64       0x40 build/components/finsh/finsh_ops.o
                0x0800ff64                OP_shl_dword
 .text.OP_shr_byte
                0x0800ffa4       0x44 build/components/finsh/finsh_ops.o
                0x0800ffa4                OP_shr_byte
 .text.OP_shr_word
                0x0800ffe8       0x44 build/components/finsh/finsh_ops.o
                0x0800ffe8                OP_shr_word
 .text.OP_shr_dword
                0x0801002c       0x40 build/components/finsh/finsh_ops.o
                0x0801002c                OP_shr_dword
 .text.OP_ld_byte
                0x0801006c       0x38 build/components/finsh/finsh_ops.o
                0x0801006c                OP_ld_byte
 .text.OP_ld_word
                0x080100a4       0x50 build/components/finsh/finsh_ops.o
                0x080100a4                OP_ld_word
 .text.OP_ld_dword
                0x080100f4       0x6c build/components/finsh/finsh_ops.o
                0x080100f4                OP_ld_dword
 .text.OP_ld_value_byte
                0x08010160       0x78 build/components/finsh/finsh_ops.o
                0x08010160                OP_ld_value_byte
 .text.OP_ld_value_byte_stack
                0x080101d8       0x30 build/components/finsh/finsh_ops.o
                0x080101d8                OP_ld_value_byte_stack
 .text.OP_ld_value_word
                0x08010208       0x78 build/components/finsh/finsh_ops.o
                0x08010208                OP_ld_value_word
 .text.OP_ld_value_word_stack
                0x08010280       0x30 build/components/finsh/finsh_ops.o
                0x08010280                OP_ld_value_word_stack
 .text.OP_ld_value_dword
                0x080102b0       0x78 build/components/finsh/finsh_ops.o
                0x080102b0                OP_ld_value_dword
 .text.OP_ld_value_dword_stack
                0x08010328       0x30 build/components/finsh/finsh_ops.o
                0x08010328                OP_ld_value_dword_stack
 .text.OP_st_byte
                0x08010358       0x34 build/components/finsh/finsh_ops.o
                0x08010358                OP_st_byte
 .text.OP_st_word
                0x0801038c       0x34 build/components/finsh/finsh_ops.o
                0x0801038c                OP_st_word
 .text.OP_st_dword
                0x080103c0       0x34 build/components/finsh/finsh_ops.o
                0x080103c0                OP_st_dword
 .text.OP_pop   0x080103f4       0x1c build/components/finsh/finsh_ops.o
                0x080103f4                OP_pop
 .text.OP_call  0x08010410      0x3f4 build/components/finsh/finsh_ops.o
                0x08010410                OP_call
 .text.proc_variable_decl
                0x08010804      0x2f4 build/components/finsh/finsh_parser.o
 .text.proc_type
                0x08010af8      0x1d8 build/components/finsh/finsh_parser.o
 .text.proc_identifier
                0x08010cd0       0x50 build/components/finsh/finsh_parser.o
 .text.proc_expr_statement
                0x08010d20       0x68 build/components/finsh/finsh_parser.o
 .text.proc_expr
                0x08010d88       0x1c build/components/finsh/finsh_parser.o
 .text.proc_assign_expr
                0x08010da4       0x54 build/components/finsh/finsh_parser.o
 .text.proc_inclusive_or_expr
                0x08010df8       0x74 build/components/finsh/finsh_parser.o
 .text.proc_exclusive_or_expr
                0x08010e6c       0x74 build/components/finsh/finsh_parser.o
 .text.proc_and_expr
                0x08010ee0       0x74 build/components/finsh/finsh_parser.o
 .text.proc_shift_expr
                0x08010f54       0xa0 build/components/finsh/finsh_parser.o
 .text.proc_additive_expr
                0x08010ff4       0xa0 build/components/finsh/finsh_parser.o
 .text.proc_multiplicative_expr
                0x08011094       0xb8 build/components/finsh/finsh_parser.o
 .text.proc_cast_expr
                0x0801114c       0x80 build/components/finsh/finsh_parser.o
 .text.proc_unary_expr
                0x080111cc      0x124 build/components/finsh/finsh_parser.o
 .text.proc_postfix_expr
                0x080112f0       0xf0 build/components/finsh/finsh_parser.o
 .text.proc_primary_expr
                0x080113e0      0x164 build/components/finsh/finsh_parser.o
 .text.proc_param_list
                0x08011544       0x80 build/components/finsh/finsh_parser.o
 .text.make_sys_node
                0x080115c4       0x48 build/components/finsh/finsh_parser.o
 .text.finsh_parser_run
                0x0801160c      0x170 build/components/finsh/finsh_parser.o
                0x0801160c                finsh_parser_run
 .text.finsh_parser_init
                0x0801177c       0x24 build/components/finsh/finsh_parser.o
                0x0801177c                finsh_parser_init
 .text.finsh_token_init
                0x080117a0       0x28 build/components/finsh/finsh_token.o
                0x080117a0                finsh_token_init
 .text.finsh_token_token
                0x080117c8       0x30 build/components/finsh/finsh_token.o
                0x080117c8                finsh_token_token
 .text.token_get_string
                0x080117f8       0xb4 build/components/finsh/finsh_token.o
                0x080117f8                token_get_string
 .text.token_next_char
                0x080118ac       0x78 build/components/finsh/finsh_token.o
 .text.token_prev_char
                0x08011924       0x38 build/components/finsh/finsh_token.o
 .text.token_run
                0x0801195c      0x384 build/components/finsh/finsh_token.o
 .text.token_match_name
                0x08011ce0       0x60 build/components/finsh/finsh_token.o
 .text.token_trim_space
                0x08011d40       0x34 build/components/finsh/finsh_token.o
 .text.token_proc_char
                0x08011d74       0xf0 build/components/finsh/finsh_token.o
 .text.token_proc_string
                0x08011e64       0x84 build/components/finsh/finsh_token.o
 .text.token_proc_escape
                0x08011ee8      0x148 build/components/finsh/finsh_token.o
 .text.token_proc_number
                0x08012030      0x200 build/components/finsh/finsh_token.o
 .text.token_spec_number
                0x08012230      0x128 build/components/finsh/finsh_token.o
 .text.finsh_var_init
                0x08012358       0x20 build/components/finsh/finsh_var.o
                0x08012358                finsh_var_init
 .text.finsh_var_insert
                0x08012378       0xd4 build/components/finsh/finsh_var.o
                0x08012378                finsh_var_insert
 .text.finsh_var_lookup
                0x0801244c       0x74 build/components/finsh/finsh_var.o
                0x0801244c                finsh_var_lookup
 .text.finsh_sysvar_lookup
                0x080124c0       0x8c build/components/finsh/finsh_var.o
                0x080124c0                finsh_sysvar_lookup
 .text.finsh_vm_run
                0x0801254c       0x68 build/components/finsh/finsh_vm.o
                0x0801254c                finsh_vm_run
 .text.finsh_syscall_lookup
                0x080125b4       0x8c build/components/finsh/finsh_vm.o
                0x080125b4                finsh_syscall_lookup
 .text.finsh_rx_ind
                0x08012640       0x58 build/components/finsh/shell.o
 .text.finsh_set_device
                0x08012698       0xc4 build/components/finsh/shell.o
                0x08012698                finsh_set_device
 .text.finsh_auto_complete
                0x0801275c       0x34 build/components/finsh/shell.o
                0x0801275c                finsh_auto_complete
 .text.finsh_run_line
                0x08012790       0xc4 build/components/finsh/shell.o
                0x08012790                finsh_run_line
 .text.finsh_handle_history
                0x08012854       0x38 build/components/finsh/shell.o
                0x08012854                finsh_handle_history
 .text.finsh_push_history
                0x0801288c      0x158 build/components/finsh/shell.o
                0x0801288c                finsh_push_history
 .text.finsh_thread_entry
                0x080129e4      0x690 build/components/finsh/shell.o
                0x080129e4                finsh_thread_entry
 .text.finsh_system_function_init
                0x08013074       0x28 build/components/finsh/shell.o
                0x08013074                finsh_system_function_init
 .text.finsh_system_var_init
                0x0801309c       0x28 build/components/finsh/shell.o
                0x0801309c                finsh_system_var_init
 .text.finsh_system_init
                0x080130c4       0xcc build/components/finsh/shell.o
                0x080130c4                finsh_system_init
 .text.serial_ringbuffer_init
                0x08013190       0x34 build/components/drivers/serial/serial.o
 .text.serial_ringbuffer_putc
                0x080131c4       0x6c build/components/drivers/serial/serial.o
 .text.serial_ringbuffer_putchar
                0x08013230       0x64 build/components/drivers/serial/serial.o
 .text.serial_ringbuffer_getc
                0x08013294       0x5c build/components/drivers/serial/serial.o
 .text.serial_ringbuffer_size
                0x080132f0       0x38 build/components/drivers/serial/serial.o
 .text.rt_serial_init
                0x08013328       0xd0 build/components/drivers/serial/serial.o
 .text.rt_serial_open
                0x080133f8       0x90 build/components/drivers/serial/serial.o
 .text.rt_serial_close
                0x08013488       0x8c build/components/drivers/serial/serial.o
 .text.rt_serial_read
                0x08013514       0xe4 build/components/drivers/serial/serial.o
 .text.rt_serial_write
                0x080135f8      0x198 build/components/drivers/serial/serial.o
 .text.rt_serial_control
                0x08013790       0x8c build/components/drivers/serial/serial.o
 .text.rt_hw_serial_register
                0x0801381c       0xb4 build/components/drivers/serial/serial.o
                0x0801381c                rt_hw_serial_register
 .text.rt_hw_serial_isr
                0x080138d0       0x94 build/components/drivers/serial/serial.o
                0x080138d0                rt_hw_serial_isr
 .text.rt_list_init
                0x08013964       0x20 build/components/drivers/src/dataqueue.o
 .text.rt_list_insert_before
                0x08013984       0x30 build/components/drivers/src/dataqueue.o
 .text.rt_list_isempty
                0x080139b4       0x24 build/components/drivers/src/dataqueue.o
 .text.rt_data_queue_init
                0x080139d8       0xb0 build/components/drivers/src/dataqueue.o
                0x080139d8                rt_data_queue_init
 .text.rt_data_queue_push
                0x08013a88      0x1d0 build/components/drivers/src/dataqueue.o
                0x08013a88                rt_data_queue_push
 .text.dfs_init
                0x08013c58       0x58 build/components/dfs/src/dfs.o
                0x08013c58                dfs_init
 .text.dfs_lock
                0x08013cb0       0x4c build/components/dfs/src/dfs.o
                0x08013cb0                dfs_lock
 .text.dfs_unlock
                0x08013cfc       0x10 build/components/dfs/src/dfs.o
                0x08013cfc                dfs_unlock
 .text.fd_new   0x08013d0c       0x74 build/components/dfs/src/dfs.o
                0x08013d0c                fd_new
 .text.fd_get   0x08013d80       0x60 build/components/dfs/src/dfs.o
                0x08013d80                fd_get
 .text.fd_put   0x08013de0       0x68 build/components/dfs/src/dfs.o
                0x08013de0                fd_put
 .text.fd_is_open
                0x08013e48       0xdc build/components/dfs/src/dfs.o
                0x08013e48                fd_is_open
 .text.dfs_subdir
                0x08013f24       0x58 build/components/dfs/src/dfs.o
                0x08013f24                dfs_subdir
 .text.dfs_normalize_path
                0x08013f7c      0x26c build/components/dfs/src/dfs.o
                0x08013f7c                dfs_normalize_path
 .text.dfs_register
                0x080141e8       0x98 build/components/dfs/src/dfs_fs.o
                0x080141e8                dfs_register
 .text.dfs_filesystem_lookup
                0x08014280       0xe8 build/components/dfs/src/dfs_fs.o
                0x08014280                dfs_filesystem_lookup
 .text.dfs_filesystem_get_partition
                0x08014368      0x1c0 build/components/dfs/src/dfs_fs.o
                0x08014368                dfs_filesystem_get_partition
 .text.dfs_mount
                0x08014528      0x278 build/components/dfs/src/dfs_fs.o
                0x08014528                dfs_mount
 .text.dfs_mkfs
                0x080147a0       0xbc build/components/dfs/src/dfs_fs.o
                0x080147a0                dfs_mkfs
 .text.dfs_statfs
                0x0801485c       0x40 build/components/dfs/src/dfs_fs.o
                0x0801485c                dfs_statfs
 .text.mkfs     0x0801489c       0x1c build/components/dfs/src/dfs_fs.o
                0x0801489c                mkfs
 .text.df       0x080148b8       0x7c build/components/dfs/src/dfs_fs.o
                0x080148b8                df
 .text.dfs_file_open
                0x08014934      0x158 build/components/dfs/src/dfs_file.o
                0x08014934                dfs_file_open
 .text.dfs_file_close
                0x08014a8c       0x5c build/components/dfs/src/dfs_file.o
                0x08014a8c                dfs_file_close
 .text.dfs_file_read
                0x08014ae8       0x64 build/components/dfs/src/dfs_file.o
                0x08014ae8                dfs_file_read
 .text.dfs_file_getdents
                0x08014b4c       0x50 build/components/dfs/src/dfs_file.o
                0x08014b4c                dfs_file_getdents
 .text.dfs_file_unlink
                0x08014b9c       0xd4 build/components/dfs/src/dfs_file.o
                0x08014b9c                dfs_file_unlink
 .text.dfs_file_write
                0x08014c70       0x48 build/components/dfs/src/dfs_file.o
                0x08014c70                dfs_file_write
 .text.dfs_file_stat
                0x08014cb8      0x110 build/components/dfs/src/dfs_file.o
                0x08014cb8                dfs_file_stat
 .text.ls       0x08014dc8      0x128 build/components/dfs/src/dfs_file.o
                0x08014dc8                ls
 .text.rm       0x08014ef0       0x28 build/components/dfs/src/dfs_file.o
                0x08014ef0                rm
 .text.cat      0x08014f18       0x7c build/components/dfs/src/dfs_file.o
                0x08014f18                cat
 .text.copy     0x08014f94       0xcc build/components/dfs/src/dfs_file.o
                0x08014f94                copy
 .text.mkdir    0x08015060       0x70 build/components/dfs/src/dfs_posix.o
                0x08015060                mkdir
 .text.elm_result_to_dfs
                0x080150d0       0xa0 build/components/dfs/filesystems/elmfat/dfs_elm.o
 .text.get_disk
                0x08015170       0x44 build/components/dfs/filesystems/elmfat/dfs_elm.o
 .text.dfs_elm_mount
                0x080151b4      0x120 build/components/dfs/filesystems/elmfat/dfs_elm.o
                0x080151b4                dfs_elm_mount
 .text.dfs_elm_unmount
                0x080152d4       0xa8 build/components/dfs/filesystems/elmfat/dfs_elm.o
                0x080152d4                dfs_elm_unmount
 .text.dfs_elm_mkfs
                0x0801537c      0x100 build/components/dfs/filesystems/elmfat/dfs_elm.o
                0x0801537c                dfs_elm_mkfs
 .text.dfs_elm_statfs
                0x0801547c       0xf0 build/components/dfs/filesystems/elmfat/dfs_elm.o
                0x0801547c                dfs_elm_statfs
 .text.dfs_elm_open
                0x0801556c      0x1dc build/components/dfs/filesystems/elmfat/dfs_elm.o
                0x0801556c                dfs_elm_open
 .text.dfs_elm_close
                0x08015748       0xb0 build/components/dfs/filesystems/elmfat/dfs_elm.o
                0x08015748                dfs_elm_close
 .text.dfs_elm_ioctl
                0x080157f8       0x1c build/components/dfs/filesystems/elmfat/dfs_elm.o
                0x080157f8                dfs_elm_ioctl
 .text.dfs_elm_read
                0x08015814       0x88 build/components/dfs/filesystems/elmfat/dfs_elm.o
                0x08015814                dfs_elm_read
 .text.dfs_elm_write
                0x0801589c       0x90 build/components/dfs/filesystems/elmfat/dfs_elm.o
                0x0801589c                dfs_elm_write
 .text.dfs_elm_flush
                0x0801592c       0x5c build/components/dfs/filesystems/elmfat/dfs_elm.o
                0x0801592c                dfs_elm_flush
 .text.dfs_elm_lseek
                0x08015988       0xe8 build/components/dfs/filesystems/elmfat/dfs_elm.o
                0x08015988                dfs_elm_lseek
 .text.dfs_elm_getdents
                0x08015a70      0x170 build/components/dfs/filesystems/elmfat/dfs_elm.o
                0x08015a70                dfs_elm_getdents
 .text.dfs_elm_unlink
                0x08015be0       0x74 build/components/dfs/filesystems/elmfat/dfs_elm.o
                0x08015be0                dfs_elm_unlink
 .text.dfs_elm_rename
                0x08015c54       0x7c build/components/dfs/filesystems/elmfat/dfs_elm.o
                0x08015c54                dfs_elm_rename
 .text.dfs_elm_stat
                0x08015cd0      0x1b8 build/components/dfs/filesystems/elmfat/dfs_elm.o
                0x08015cd0                dfs_elm_stat
 .text.elm_init
                0x08015e88       0x18 build/components/dfs/filesystems/elmfat/dfs_elm.o
                0x08015e88                elm_init
 .text.disk_initialize
                0x08015ea0       0x1c build/components/dfs/filesystems/elmfat/dfs_elm.o
                0x08015ea0                disk_initialize
 .text.disk_status
                0x08015ebc       0x1c build/components/dfs/filesystems/elmfat/dfs_elm.o
                0x08015ebc                disk_status
 .text.disk_read
                0x08015ed8       0x4c build/components/dfs/filesystems/elmfat/dfs_elm.o
                0x08015ed8                disk_read
 .text.disk_write
                0x08015f24       0x4c build/components/dfs/filesystems/elmfat/dfs_elm.o
                0x08015f24                disk_write
 .text.disk_ioctl
                0x08015f70      0x104 build/components/dfs/filesystems/elmfat/dfs_elm.o
                0x08015f70                disk_ioctl
 .text.get_fattime
                0x08016074       0x10 build/components/dfs/filesystems/elmfat/dfs_elm.o
                0x08016074                get_fattime
 .text.ff_cre_syncobj
                0x08016084       0x54 build/components/dfs/filesystems/elmfat/dfs_elm.o
                0x08016084                ff_cre_syncobj
 .text.ff_del_syncobj
                0x080160d8       0x24 build/components/dfs/filesystems/elmfat/dfs_elm.o
                0x080160d8                ff_del_syncobj
 .text.ff_req_grant
                0x080160fc       0x2c build/components/dfs/filesystems/elmfat/dfs_elm.o
                0x080160fc                ff_req_grant
 .text.ff_rel_grant
                0x08016128       0x18 build/components/dfs/filesystems/elmfat/dfs_elm.o
                0x08016128                ff_rel_grant
 .text.mem_cpy  0x08016140       0x50 build/components/dfs/filesystems/elmfat/ff.o
 .text.mem_set  0x08016190       0x44 build/components/dfs/filesystems/elmfat/ff.o
 .text.mem_cmp  0x080161d4       0x70 build/components/dfs/filesystems/elmfat/ff.o
 .text.chk_chr  0x08016244       0x38 build/components/dfs/filesystems/elmfat/ff.o
 .text.lock_fs  0x0801627c       0x20 build/components/dfs/filesystems/elmfat/ff.o
 .text.unlock_fs
                0x0801629c       0x38 build/components/dfs/filesystems/elmfat/ff.o
 .text.move_window
                0x080162d4       0xd4 build/components/dfs/filesystems/elmfat/ff.o
 .text.sync     0x080163a8      0x180 build/components/dfs/filesystems/elmfat/ff.o
 .text.clust2sect
                0x08016528       0x44 build/components/dfs/filesystems/elmfat/ff.o
                0x08016528                clust2sect
 .text.get_fat  0x0801656c      0x1a4 build/components/dfs/filesystems/elmfat/ff.o
                0x0801656c                get_fat
 .text.put_fat  0x08016710      0x268 build/components/dfs/filesystems/elmfat/ff.o
                0x08016710                put_fat
 .text.remove_chain
                0x08016978       0xb0 build/components/dfs/filesystems/elmfat/ff.o
 .text.create_chain
                0x08016a28      0x12c build/components/dfs/filesystems/elmfat/ff.o
 .text.clmt_clust
                0x08016b54       0x70 build/components/dfs/filesystems/elmfat/ff.o
 .text.dir_sdi  0x08016bc4      0x11c build/components/dfs/filesystems/elmfat/ff.o
 .text.dir_next
                0x08016ce0      0x1e0 build/components/dfs/filesystems/elmfat/ff.o
 .text.dir_find
                0x08016ec0       0xa4 build/components/dfs/filesystems/elmfat/ff.o
 .text.dir_read
                0x08016f64       0xa4 build/components/dfs/filesystems/elmfat/ff.o
 .text.dir_register
                0x08017008       0xbc build/components/dfs/filesystems/elmfat/ff.o
 .text.dir_remove
                0x080170c4       0x58 build/components/dfs/filesystems/elmfat/ff.o
 .text.create_name
                0x0801711c      0x264 build/components/dfs/filesystems/elmfat/ff.o
 .text.get_fileinfo
                0x08017380      0x150 build/components/dfs/filesystems/elmfat/ff.o
 .text.follow_path
                0x080174d0      0x114 build/components/dfs/filesystems/elmfat/ff.o
 .text.check_fs
                0x080175e4       0xdc build/components/dfs/filesystems/elmfat/ff.o
 .text.chk_mounted
                0x080176c0      0x5cc build/components/dfs/filesystems/elmfat/ff.o
 .text.validate
                0x08017c8c       0x64 build/components/dfs/filesystems/elmfat/ff.o
 .text.f_mount  0x08017cf0       0x8c build/components/dfs/filesystems/elmfat/ff.o
                0x08017cf0                f_mount
 .text.f_open   0x08017d7c      0x364 build/components/dfs/filesystems/elmfat/ff.o
                0x08017d7c                f_open
 .text.f_read   0x080180e0      0x390 build/components/dfs/filesystems/elmfat/ff.o
                0x080180e0                f_read
 .text.f_write  0x08018470      0x3f4 build/components/dfs/filesystems/elmfat/ff.o
                0x08018470                f_write
 .text.f_sync   0x08018864      0x1dc build/components/dfs/filesystems/elmfat/ff.o
                0x08018864                f_sync
 .text.f_close  0x08018a40       0x2c build/components/dfs/filesystems/elmfat/ff.o
                0x08018a40                f_close
 .text.f_lseek  0x08018a6c      0x5e4 build/components/dfs/filesystems/elmfat/ff.o
                0x08018a6c                f_lseek
 .text.f_opendir
                0x08019050       0xf0 build/components/dfs/filesystems/elmfat/ff.o
                0x08019050                f_opendir
 .text.f_readdir
                0x08019140       0xac build/components/dfs/filesystems/elmfat/ff.o
                0x08019140                f_readdir
 .text.f_seekdir
                0x080191ec       0x6c build/components/dfs/filesystems/elmfat/ff.o
                0x080191ec                f_seekdir
 .text.f_stat   0x08019258       0x88 build/components/dfs/filesystems/elmfat/ff.o
                0x08019258                f_stat
 .text.f_getfree
                0x080192e0      0x1e8 build/components/dfs/filesystems/elmfat/ff.o
                0x080192e0                f_getfree
 .text.f_unlink
                0x080194c8      0x1b0 build/components/dfs/filesystems/elmfat/ff.o
                0x080194c8                f_unlink
 .text.f_mkdir  0x08019678      0x370 build/components/dfs/filesystems/elmfat/ff.o
                0x08019678                f_mkdir
 .text.f_rename
                0x080199e8      0x264 build/components/dfs/filesystems/elmfat/ff.o
                0x080199e8                f_rename
 .text.f_mkfs   0x08019c4c      0xb44 build/components/dfs/filesystems/elmfat/ff.o
                0x08019c4c                f_mkfs
 .text.elm_get_vol
                0x0801a790       0x44 build/components/dfs/filesystems/elmfat/ff.o
                0x0801a790                elm_get_vol
 .text.rti_start
                0x0801a7d4       0x10 build/components/init/components.o
 .text.rti_board_end
                0x0801a7e4       0x10 build/components/init/components.o
 .text.rti_end  0x0801a7f4       0x10 build/components/init/components.o
 .text.rt_components_board_init
                0x0801a804       0x34 build/components/init/components.o
                0x0801a804                rt_components_board_init
 .text.rt_components_init
                0x0801a838       0x34 build/components/init/components.o
                0x0801a838                rt_components_init
 *(.rodata)
 .rodata        0x0801a86c       0x3c build/Libraries/STM32F10x_StdPeriph_Driver/src/stm32f10x_rcc.o
 .rodata        0x0801a8a8       0x3c build/Libraries/STM32F10x_StdPeriph_Driver/src/stm32f10x_sdio.o
 .rodata        0x0801a8e4       0x3c build/Libraries/STM32F10x_StdPeriph_Driver/src/stm32f10x_gpio.o
 .rodata        0x0801a920       0x3c build/Libraries/STM32F10x_StdPeriph_Driver/src/stm32f10x_usart.o
 .rodata        0x0801a95c       0x3c build/Libraries/STM32F10x_StdPeriph_Driver/src/stm32f10x_dma.o
 .rodata        0x0801a998       0x30 build/Libraries/STM32F10x_StdPeriph_Driver/src/misc.o
 .rodata        0x0801a9c8       0xac build/applications/application.o
 .rodata        0x0801aa74       0x50 build/applications/startup.o
 .rodata        0x0801aac4        0x8 build/drivers/board.o
 .rodata        0x0801aacc       0x5c build/drivers/usart.o
 .rodata        0x0801ab28       0xe0 build/drivers/sdcard.o
 .rodata        0x0801ac08       0x7c build/src/device.o
 .rodata        0x0801ac84       0x50 build/src/idle.o
 .rodata        0x0801acd4       0xf8 build/src/ipc.o
 .rodata        0x0801adcc       0x90 build/src/kservice.o
 .rodata        0x0801ae5c      0x2d0 build/src/mem.o
 .rodata        0x0801b12c       0x88 build/src/object.o
 .rodata        0x0801b1b4       0x88 build/src/scheduler.o
 .rodata        0x0801b23c       0xb4 build/src/thread.o
 .rodata        0x0801b2f0       0x60 build/src/timer.o
 .rodata        0x0801b350      0x2e0 build/libcpu/arm/cortex-m3/cpuport.o
 .rodata        0x0801b630      0x670 build/components/finsh/cmd.o
 .rodata        0x0801bca0       0xf4 build/components/finsh/finsh_error.o
 .rodata        0x0801bd94       0x40 build/components/finsh/finsh_token.o
 .rodata        0x0801bdd4       0xd8 build/components/finsh/shell.o
 .rodata        0x0801beac       0x9c build/components/drivers/serial/serial.o
 .rodata        0x0801bf48       0x80 build/components/drivers/src/dataqueue.o
 .rodata        0x0801bfc8       0x84 build/components/dfs/src/dfs.o
 .rodata        0x0801c04c      0x114 build/components/dfs/src/dfs_fs.o
 .rodata        0x0801c160       0xb4 build/components/dfs/src/dfs_file.o
 .rodata        0x0801c214       0xc8 build/components/dfs/filesystems/elmfat/dfs_elm.o
 .rodata        0x0801c2dc       0x44 build/components/dfs/filesystems/elmfat/ff.o
 *(.rodata*)
 .rodata.__fsym_led_name
                0x0801c320        0x4 build/drivers/led.o
                0x0801c320                __fsym_led_name
 .rodata.__fsym_led_desc
                0x0801c324       0x20 build/drivers/led.o
                0x0801c324                __fsym_led_desc
 .rodata.stm32_uart_ops
                0x0801c344       0x14 build/drivers/usart.o
 .rodata.__FUNCTION__.7588
                0x0801c358        0xc build/drivers/usart.o
 .rodata.__FUNCTION__.7575
                0x0801c364        0xc build/drivers/usart.o
 .rodata.__FUNCTION__.7562
                0x0801c370       0x10 build/drivers/usart.o
 .rodata.__FUNCTION__.7547
                0x0801c380       0x10 build/drivers/usart.o
 .rodata.__FUNCTION__.8082
                0x0801c390       0x14 build/drivers/sdcard.o
 .rodata.cFontAscii5x10
                0x0801c3a4      0x3c0 build/drv/display/uc1701/jlx128640/pump-one/font_ascii.o
                0x0801c3a4                cFontAscii5x10
 .rodata.cFontAscii8x16
                0x0801c764      0x600 build/drv/display/uc1701/jlx128640/pump-one/font_ascii.o
                0x0801c764                cFontAscii8x16
 .rodata.cFontAscii16x32
                0x0801cd64     0x1800 build/drv/display/uc1701/jlx128640/pump-one/font_ascii.o
                0x0801cd64                cFontAscii16x32
 .rodata.cFontSymCor12x9
                0x0801e564       0x14 build/drv/display/uc1701/jlx128640/pump-one/font_symbol.o
                0x0801e564                cFontSymCor12x9
 .rodata.cFontSymFan9x9
                0x0801e578       0x38 build/drv/display/uc1701/jlx128640/pump-one/font_symbol.o
                0x0801e578                cFontSymFan9x9
 .rodata.cFontSymChar4x8
                0x0801e5b0        0x8 build/drv/display/uc1701/jlx128640/pump-one/font_symbol.o
                0x0801e5b0                cFontSymChar4x8
 .rodata.cFontSymBat16x8
                0x0801e5b8       0x70 build/drv/display/uc1701/jlx128640/pump-one/font_symbol.o
                0x0801e5b8                cFontSymBat16x8
 .rodata.__FUNCTION__.4877
                0x0801e628       0x1c build/src/device.o
 .rodata.__FUNCTION__.4866
                0x0801e644       0x14 build/src/device.o
 .rodata.__FUNCTION__.4856
                0x0801e658       0x10 build/src/device.o
 .rodata.__FUNCTION__.4845
                0x0801e668       0x10 build/src/device.o
 .rodata.__FUNCTION__.4834
                0x0801e678       0x10 build/src/device.o
 .rodata.__FUNCTION__.4821
                0x0801e688       0x10 build/src/device.o
 .rodata.__FUNCTION__.4843
                0x0801e698       0x18 build/src/idle.o
 .rodata.__FUNCTION__.5018
                0x0801e6b0       0x14 build/src/ipc.o
 .rodata.__FUNCTION__.4997
                0x0801e6c4       0x10 build/src/ipc.o
 .rodata.__FUNCTION__.4981
                0x0801e6d4       0x10 build/src/ipc.o
 .rodata.__FUNCTION__.4972
                0x0801e6e4       0x10 build/src/ipc.o
 .rodata.__FUNCTION__.4954
                0x0801e6f4       0x10 build/src/ipc.o
 .rodata.__FUNCTION__.4914
                0x0801e704        0xc build/src/ipc.o
 .rodata.__FUNCTION__.4870
                0x0801e710        0xc build/src/ipc.o
 .rodata.__lowest_bit_bitmap
                0x0801e71c      0x100 build/src/kservice.o
                0x0801e71c                __lowest_bit_bitmap
 .rodata.large_digits.4994
                0x0801e81c       0x14 build/src/kservice.o
 .rodata.small_digits.4993
                0x0801e830       0x14 build/src/kservice.o
 .rodata.__fsym_list_mem_name
                0x0801e844        0xc build/src/mem.o
                0x0801e844                __fsym_list_mem_name
 .rodata.__fsym_list_mem_desc
                0x0801e850       0x20 build/src/mem.o
                0x0801e850                __fsym_list_mem_desc
 .rodata.__FUNCTION__.4953
                0x0801e870        0x8 build/src/mem.o
 .rodata.__FUNCTION__.4894
                0x0801e878        0xc build/src/mem.o
 .rodata.__FUNCTION__.4881
                0x0801e884       0x14 build/src/mem.o
 .rodata.__FUNCTION__.4861
                0x0801e898        0xc build/src/mem.o
 .rodata.__FUNCTION__.4912
                0x0801e8a4       0x1c build/src/object.o
 .rodata.__FUNCTION__.4900
                0x0801e8c0       0x14 build/src/object.o
 .rodata.__FUNCTION__.4890
                0x0801e8d4       0x14 build/src/object.o
 .rodata.__FUNCTION__.4878
                0x0801e8e8       0x14 build/src/object.o
 .rodata.__FUNCTION__.4894
                0x0801e8fc       0x1c build/src/scheduler.o
 .rodata.__FUNCTION__.4885
                0x0801e918       0x1c build/src/scheduler.o
 .rodata.__FUNCTION__.4850
                0x0801e934       0x1c build/src/scheduler.o
 .rodata.__FUNCTION__.4974
                0x0801e950       0x14 build/src/thread.o
 .rodata.__FUNCTION__.4965
                0x0801e964       0x14 build/src/thread.o
 .rodata.__FUNCTION__.4956
                0x0801e978       0x14 build/src/thread.o
 .rodata.__FUNCTION__.4942
                0x0801e98c       0x14 build/src/thread.o
 .rodata.__FUNCTION__.4928
                0x0801e9a0       0x10 build/src/thread.o
 .rodata.__FUNCTION__.4913
                0x0801e9b0       0x14 build/src/thread.o
 .rodata.__FUNCTION__.4880
                0x0801e9c4       0x14 build/src/thread.o
 .rodata.__FUNCTION__.4865
                0x0801e9d8       0x10 build/src/thread.o
 .rodata.__FUNCTION__.4849
                0x0801e9e8       0x10 build/src/thread.o
 .rodata.__FUNCTION__.4965
                0x0801e9f8       0x14 build/src/timer.o
 .rodata.__FUNCTION__.4955
                0x0801ea0c       0x10 build/src/timer.o
 .rodata.__FUNCTION__.4930
                0x0801ea1c       0x10 build/src/timer.o
 .rodata.__FUNCTION__.4898
                0x0801ea2c       0x10 build/src/timer.o
 .rodata.__FUNCTION__.4889
                0x0801ea3c       0x10 build/src/timer.o
 .rodata.__spm  0x0801ea4c       0x1c build/components/libc/minilibc/time.o
                0x0801ea4c                __spm
 .rodata.__fsym_hello_name
                0x0801ea68        0x8 build/components/finsh/cmd.o
                0x0801ea68                __fsym_hello_name
 .rodata.__fsym_hello_desc
                0x0801ea70       0x10 build/components/finsh/cmd.o
                0x0801ea70                __fsym_hello_desc
 .rodata.__fsym_version_name
                0x0801ea80        0x8 build/components/finsh/cmd.o
                0x0801ea80                __fsym_version_name
 .rodata.__fsym_version_desc
                0x0801ea88       0x24 build/components/finsh/cmd.o
                0x0801ea88                __fsym_version_desc
 .rodata.__fsym_list_thread_name
                0x0801eaac        0xc build/components/finsh/cmd.o
                0x0801eaac                __fsym_list_thread_name
 .rodata.__fsym_list_thread_desc
                0x0801eab8        0xc build/components/finsh/cmd.o
                0x0801eab8                __fsym_list_thread_desc
 .rodata.__fsym_list_sem_name
                0x0801eac4        0xc build/components/finsh/cmd.o
                0x0801eac4                __fsym_list_sem_name
 .rodata.__fsym_list_sem_desc
                0x0801ead0       0x1c build/components/finsh/cmd.o
                0x0801ead0                __fsym_list_sem_desc
 .rodata.__fsym_list_event_name
                0x0801eaec        0xc build/components/finsh/cmd.o
                0x0801eaec                __fsym_list_event_name
 .rodata.__fsym_list_event_desc
                0x0801eaf8       0x18 build/components/finsh/cmd.o
                0x0801eaf8                __fsym_list_event_desc
 .rodata.__fsym_list_mutex_name
                0x0801eb10        0xc build/components/finsh/cmd.o
                0x0801eb10                __fsym_list_mutex_name
 .rodata.__fsym_list_mutex_desc
                0x0801eb1c       0x18 build/components/finsh/cmd.o
                0x0801eb1c                __fsym_list_mutex_desc
 .rodata.__fsym_list_mailbox_name
                0x0801eb34       0x10 build/components/finsh/cmd.o
                0x0801eb34                __fsym_list_mailbox_name
 .rodata.__fsym_list_mailbox_desc
                0x0801eb44       0x18 build/components/finsh/cmd.o
                0x0801eb44                __fsym_list_mailbox_desc
 .rodata.__fsym_list_msgqueue_name
                0x0801eb5c       0x10 build/components/finsh/cmd.o
                0x0801eb5c                __fsym_list_msgqueue_name
 .rodata.__fsym_list_msgqueue_desc
                0x0801eb6c       0x20 build/components/finsh/cmd.o
                0x0801eb6c                __fsym_list_msgqueue_desc
 .rodata.__fsym_list_mempool_name
                0x0801eb8c       0x10 build/components/finsh/cmd.o
                0x0801eb8c                __fsym_list_mempool_name
 .rodata.__fsym_list_mempool_desc
                0x0801eb9c       0x1c build/components/finsh/cmd.o
                0x0801eb9c                __fsym_list_mempool_desc
 .rodata.__fsym_list_timer_name
                0x0801ebb8        0xc build/components/finsh/cmd.o
                0x0801ebb8                __fsym_list_timer_name
 .rodata.__fsym_list_timer_desc
                0x0801ebc4       0x18 build/components/finsh/cmd.o
                0x0801ebc4                __fsym_list_timer_desc
 .rodata.__fsym_list_device_name
                0x0801ebdc        0xc build/components/finsh/cmd.o
                0x0801ebdc                __fsym_list_device_name
 .rodata.__fsym_list_device_desc
                0x0801ebe8       0x18 build/components/finsh/cmd.o
                0x0801ebe8                __fsym_list_device_desc
 .rodata.__fsym_list_name
                0x0801ec00        0x8 build/components/finsh/cmd.o
                0x0801ec00                __fsym_list_name
 .rodata.__fsym_list_desc
                0x0801ec08       0x1c build/components/finsh/cmd.o
                0x0801ec08                __fsym_list_desc
 .rodata.__vsym_dummy_name
                0x0801ec24        0x8 build/components/finsh/cmd.o
                0x0801ec24                __vsym_dummy_name
 .rodata.__vsym_dummy_desc
                0x0801ec2c       0x1c build/components/finsh/cmd.o
                0x0801ec2c                __vsym_dummy_desc
 .rodata.op_table
                0x0801ec48       0xc4 build/components/finsh/finsh_ops.o
                0x0801ec48                op_table
 .rodata.finsh_name_table
                0x0801ed0c       0x40 build/components/finsh/finsh_token.o
 .rodata.__FUNCTION__.5072
                0x0801ed4c       0x14 build/components/finsh/shell.o
 .rodata.__FUNCTION__.5063
                0x0801ed60       0x10 build/components/finsh/shell.o
 .rodata.__FUNCTION__.5156
                0x0801ed70       0x14 build/components/drivers/serial/serial.o
 .rodata.__FUNCTION__.5147
                0x0801ed84       0x18 build/components/drivers/serial/serial.o
 .rodata.__FUNCTION__.5131
                0x0801ed9c       0x14 build/components/drivers/serial/serial.o